03-20 19:08:58.023   591   610 W WindowAnimator: 	at android.os.Handler.dispatchMessage(Handler.java:95)
03-20 19:08:58.023   591   610 W WindowAnimator: 	at android.os.Looper.loop(Looper.java:148)
03-20 19:08:58.023   591   610 W WindowAnimator: 	at android.os.HandlerThread.run(HandlerThread.java:61)
03-20 19:08:58.023   591   610 W WindowAnimator: 	at com.android.server.ServiceThread.run(ServiceThread.java:46)
03-20 19:08:58.100   591 22796 I ActivityManager: Process example.joe.helloworld (pid 27967) has died
03-20 19:08:58.148   591  1121 W WindowManager: Failed looking up window
03-20 19:08:58.148   591  1121 W WindowManager: java.lang.IllegalArgumentException: Requested window android.os.BinderProxy@aada12e does not exist
03-20 19:08:58.148   591  1121 W WindowManager: 	at com.android.server.wm.WindowManagerService.windowForClientLocked(WindowManagerService.java:8736)
03-20 19:08:58.148   591  1121 W WindowManager: 	at com.android.server.wm.WindowManagerService.windowForClientLocked(WindowManagerService.java:8727)
03-20 19:08:58.148   591  1121 W WindowManager: 	at com.android.server.wm.WindowManagerService.removeWindow(WindowManagerService.java:2698)
03-20 19:08:58.148   591  1121 W WindowManager: 	at com.android.server.wm.Session.remove(Session.java:187)
03-20 19:08:58.148   591  1121 W WindowManager: 	at android.view.IWindowSession$Stub.onTransact(IWindowSession.java:242)
03-20 19:08:58.148   591  1121 W WindowManager: 	at com.android.server.wm.Session.onTransact(Session.java:130)
03-20 19:08:58.148   591  1121 W WindowManager: 	at android.os.Binder.execTransact(Binder.java:453)
03-20 19:08:58.551   591   610 W WindowAnimator: Failed to dispatch window animation state change.
03-20 19:08:58.551   591   610 W WindowAnimator: android.os.DeadObjectException
03-20 19:08:58.551   591   610 W WindowAnimator: 	at android.os.BinderProxy.transactNative(Native Method)
03-20 19:08:58.551   591   610 W WindowAnimator: 	at android.os.BinderProxy.transact(Binder.java:503)
03-20 19:08:58.551   591   610 W WindowAnimator: 	at android.view.IWindow$Stub$Proxy.onAnimationStopped(IWindow.java:534)
03-20 19:08:58.551   591   610 W WindowAnimator: 	at com.android.server.wm.WindowAnimator.updateWindowsLocked(WindowAnimator.java:286)
03-20 19:08:58.551   591   610 W WindowAnimator: 	at com.android.server.wm.WindowAnimator.animateLocked(WindowAnimator.java:678)
03-20 19:08:58.551   591   610 W WindowAnimator: 	at com.android.server.wm.WindowAnimator.-wrap0(WindowAnimator.java)
03-20 19:08:58.551   591   610 W WindowAnimator: 	at com.android.server.wm.WindowAnimator$1.doFrame(WindowAnimator.java:123)
03-20 19:08:58.551   591   610 W WindowAnimator: 	at android.view.Choreographer$CallbackRecord.run(Choreographer.java:856)
03-20 19:08:58.551   591   610 W WindowAnimator: 	at android.view.Choreographer.doCallbacks(Choreographer.java:670)
03-20 19:08:58.551   591   610 W WindowAnimator: 	at android.view.Choreographer.doFrame(Choreographer.java:603)
03-20 19:08:58.551   591   610 W WindowAnimator: 	at android.view.Choreographer$FrameDisplayEventReceiver.run(Choreographer.java:844)
03-20 19:08:58.551   591   610 W WindowAnimator: 	at android.os.Handler.handleCallback(Handler.java:739)
03-20 19:08:58.551   591   610 W WindowAnimator: 	at android.os.Handler.dispatchMessage(Handler.java:95)
03-20 19:08:58.551   591   610 W WindowAnimator: 	at android.os.Looper.loop(Looper.java:148)
03-20 19:08:58.551   591   610 W WindowAnimator: 	at android.os.HandlerThread.run(HandlerThread.java:61)
03-20 19:08:58.551   591   610 W WindowAnimator: 	at com.android.server.ServiceThread.run(ServiceThread.java:46)
03-20 19:08:58.706   591   610 W WindowAnimator: Failed to dispatch window animation state change.
03-20 19:08:58.706   591   610 W WindowAnimator: android.os.DeadObjectException
03-20 19:08:58.706   591   610 W WindowAnimator: 	at android.os.BinderProxy.transactNative(Native Method)
03-20 19:08:58.706   591   610 W WindowAnimator: 	at android.os.BinderProxy.transact(Binder.java:503)
03-20 19:08:58.706   591   610 W WindowAnimator: 	at android.view.IWindow$Stub$Proxy.onAnimationStopped(IWindow.java:534)
03-20 19:08:58.706   591   610 W WindowAnimator: 	at com.android.server.wm.WindowAnimator.updateWindowsLocked(WindowAnimator.java:286)
03-20 19:08:58.706   591   610 W WindowAnimator: 	at com.android.server.wm.WindowAnimator.animateLocked(WindowAnimator.java:678)
03-20 19:08:58.706   591   610 W WindowAnimator: 	at com.android.server.wm.WindowAnimator.-wrap0(WindowAnimator.java)
03-20 19:08:58.706   591   610 W WindowAnimator: 	at com.android.server.wm.WindowAnimator$1.doFrame(WindowAnimator.java:123)
03-20 19:08:58.706   591   610 W WindowAnimator: 	at android.view.Choreographer$CallbackRecord.run(Choreographer.java:856)
03-20 19:08:58.706   591   610 W WindowAnimator: 	at android.view.Choreographer.doCallbacks(Choreographer.java:670)
03-20 19:08:58.706   591   610 W WindowAnimator: 	at android.view.Choreographer.doFrame(Choreographer.java:603)
03-20 19:08:58.706   591   610 W WindowAnimator: 	at android.view.Choreographer$FrameDisplayEventReceiver.run(Choreographer.java:844)
03-20 19:08:58.706   591   610 W WindowAnimator: 	at android.os.Handler.handleCallback(Handler.java:739)
03-20 19:08:58.706   591   610 W WindowAnimator: 	at android.os.Handler.dispatchMessage(Handler.java:95)
03-20 19:08:58.706   591   610 W WindowAnimator: 	at android.os.Looper.loop(Looper.java:148)
03-20 19:08:58.706   591   610 W WindowAnimator: 	at android.os.HandlerThread.run(HandlerThread.java:61)
03-20 19:08:58.706   591   610 W WindowAnimator: 	at com.android.server.ServiceThread.run(ServiceThread.java:46)
03-20 19:09:00.685   591   725 W InputMethodManagerService: Got RemoteException sending setActive(false) notification to pid 27967 uid 10244
03-20 19:09:00.855   591   610 W AppOps  : Finishing op nesting under-run: uid 1000 pkg android code 24 time=0 duration=0 nesting=0
03-20 19:09:14.135   591 28378 I ActivityManager: START u0 {act=android.intent.action.MAIN cat=[android.intent.category.LAUNCHER] flg=0x10000000 cmp=example.joe.helloworld/.MainActivity} from uid 0 on display 0
03-20 19:09:14.172   591  1136 I ActivityManager: Start proc 28188:example.joe.helloworld/u0a244 for activity example.joe.helloworld/.MainActivity
03-20 19:09:17.934 28188 28188 F libc    : Fatal signal 11 (SIGSEGV), code 1, fault addr 0x120 in tid 28188 (.joe.helloworld)
03-20 19:09:18.036   193   193 F DEBUG   : *** *** *** *** *** *** *** *** *** *** *** *** *** *** *** ***
03-20 19:09:18.036   193   193 F DEBUG   : Build fingerprint: 'Android/aosp_flo/flo:6.0.1/MOB30P/tao07291525:userdebug/test-keys'
03-20 19:09:18.036   193   193 F DEBUG   : Revision: '0'
03-20 19:09:18.036   193   193 F DEBUG   : ABI: 'arm'
03-20 19:09:18.037   193   193 F DEBUG   : pid: 28188, tid: 28188, name: .joe.helloworld  >>> example.joe.helloworld <<<
03-20 19:09:18.037   193   193 F DEBUG   : signal 11 (SIGSEGV), code 1 (SEGV_MAPERR), fault addr 0x120
03-20 19:09:18.066   193   193 F DEBUG   :     r0 beda4148  r1 00000001  r2 b6fd9b34  r3 00000120
03-20 19:09:18.066   193   193 F DEBUG   :     r4 b36fbea0  r5 b075c678  r6 12e0f260  r7 12c53f00
03-20 19:09:18.066   193   193 F DEBUG   :     r8 12c53f00  r9 b4df6500  sl 12c9f550  fp beda41a4
03-20 19:09:18.066   193   193 F DEBUG   :     ip 00004001  sp beda4138  lr b6d48e75  pc b36ef464  cpsr a00f0010
03-20 19:09:18.071   193   193 F DEBUG   : 
03-20 19:09:18.071   193   193 F DEBUG   : backtrace:
03-20 19:09:18.071   193   193 F DEBUG   :     #00 pc 00013464  /data/app/example.joe.helloworld-2/lib/arm/libvoVidDec.so
03-20 19:09:18.071   193   193 F DEBUG   :     #01 pc 00013c30  /data/app/example.joe.helloworld-2/lib/arm/libvoVidDec.so
03-20 19:09:18.072   193   193 F DEBUG   :     #02 pc 0000c5c1  /data/data/example.joe.helloworld/cache/slice-slice_5-classes.dex (offset 0x26000)
03-20 19:09:18.745   193   193 F DEBUG   : 
03-20 19:09:18.745   193   193 F DEBUG   : Tombstone written to: /data/tombstones/tombstone_08
03-20 19:09:18.746   591   608 I BootReceiver: Copying /data/tombstones/tombstone_08 to DropBox (SYSTEM_TOMBSTONE)
03-20 19:09:18.755   591 28305 W ActivityManager:   Force finishing activity example.joe.helloworld/.MainActivity
03-20 19:09:18.794   591 22799 I WindowState: WIN DEATH: Window{f6bbc43 u0 example.joe.helloworld/example.joe.helloworld.MainActivity}
03-20 19:09:18.796   591 22790 I WindowState: WIN DEATH: Window{4b0c94a u0 Toast}
03-20 19:09:18.809   591   610 W WindowAnimator: Failed to dispatch window animation state change.
03-20 19:09:18.809   591   610 W WindowAnimator: android.os.DeadObjectException
03-20 19:09:18.809   591   610 W WindowAnimator: 	at android.os.BinderProxy.transactNative(Native Method)
03-20 19:09:18.809   591   610 W WindowAnimator: 	at android.os.BinderProxy.transact(Binder.java:503)
03-20 19:09:18.809   591   610 W WindowAnimator: 	at android.view.IWindow$Stub$Proxy.onAnimationStarted(IWindow.java:520)
03-20 19:09:18.809   591   610 W WindowAnimator: 	at com.android.server.wm.WindowAnimator.updateWindowsLocked(WindowAnimator.java:282)
03-20 19:09:18.809   591   610 W WindowAnimator: 	at com.android.server.wm.WindowAnimator.animateLocked(WindowAnimator.java:678)
03-20 19:09:18.809   591   610 W WindowAnimator: 	at com.android.server.wm.WindowAnimator.-wrap0(WindowAnimator.java)
03-20 19:09:18.809   591   610 W WindowAnimator: 	at com.android.server.wm.WindowAnimator$1.doFrame(WindowAnimator.java:123)
03-20 19:09:18.809   591   610 W WindowAnimator: 	at android.view.Choreographer$CallbackRecord.run(Choreographer.java:856)
03-20 19:09:18.809   591   610 W WindowAnimator: 	at android.view.Choreographer.doCallbacks(Choreographer.java:670)
03-20 19:09:18.809   591   610 W WindowAnimator: 	at android.view.Choreographer.doFrame(Choreographer.java:603)
03-20 19:09:18.809   591   610 W WindowAnimator: 	at android.view.Choreographer$FrameDisplayEventReceiver.run(Choreographer.java:844)
03-20 19:09:18.809   591   610 W WindowAnimator: 	at android.os.Handler.handleCallback(Handler.java:739)
03-20 19:09:18.809   591   610 W WindowAnimator: 	at android.os.Handler.dispatchMessage(Handler.java:95)
03-20 19:09:18.809   591   610 W WindowAnimator: 	at android.os.Looper.loop(Looper.java:148)
03-20 19:09:18.809   591   610 W WindowAnimator: 	at android.os.HandlerThread.run(HandlerThread.java:61)
03-20 19:09:18.809   591   610 W WindowAnimator: 	at com.android.server.ServiceThread.run(ServiceThread.java:46)
03-20 19:09:18.816   591 28305 W ActivityManager: Exception thrown during pause
03-20 19:09:18.816   591 28305 W ActivityManager: android.os.DeadObjectException
03-20 19:09:18.816   591 28305 W ActivityManager: 	at android.os.BinderProxy.transactNative(Native Method)
03-20 19:09:18.816   591 28305 W ActivityManager: 	at android.os.BinderProxy.transact(Binder.java:503)
03-20 19:09:18.816   591 28305 W ActivityManager: 	at android.app.ApplicationThreadProxy.schedulePauseActivity(ApplicationThreadNative.java:727)
03-20 19:09:18.816   591 28305 W ActivityManager: 	at com.android.server.am.ActivityStack.startPausingLocked(ActivityStack.java:867)
03-20 19:09:18.816   591 28305 W ActivityManager: 	at com.android.server.am.ActivityStack.finishActivityLocked(ActivityStack.java:2907)
03-20 19:09:18.816   591 28305 W ActivityManager: 	at com.android.server.am.ActivityStack.finishTopRunningActivityLocked(ActivityStack.java:2763)
03-20 19:09:18.816   591 28305 W ActivityManager: 	at com.android.server.am.ActivityStackSupervisor.finishTopRunningActivityLocked(ActivityStackSupervisor.java:2760)
03-20 19:09:18.816   591 28305 W ActivityManager: 	at com.android.server.am.ActivityManagerService.handleAppCrashLocked(ActivityManagerService.java:12037)
03-20 19:09:18.816   591 28305 W ActivityManager: 	at com.android.server.am.ActivityManagerService.makeAppCrashingLocked(ActivityManagerService.java:11933)
03-20 19:09:18.816   591 28305 W ActivityManager: 	at com.android.server.am.ActivityManagerService.crashApplication(ActivityManagerService.java:12622)
03-20 19:09:18.816   591 28305 W ActivityManager: 	at com.android.server.am.ActivityManagerService.handleApplicationCrashInner(ActivityManagerService.java:12129)
03-20 19:09:18.816   591 28305 W ActivityManager: 	at com.android.server.am.NativeCrashListener$NativeCrashReporter.run(NativeCrashListener.java:86)
03-20 19:09:18.920   591  1137 I ActivityManager: Process example.joe.helloworld (pid 28188) has died
03-20 19:09:19.103   591 22797 W WindowManager: Failed looking up window
03-20 19:09:19.103   591 22797 W WindowManager: java.lang.IllegalArgumentException: Requested window android.os.BinderProxy@8ffaf4c does not exist
03-20 19:09:19.103   591 22797 W WindowManager: 	at com.android.server.wm.WindowManagerService.windowForClientLocked(WindowManagerService.java:8736)
03-20 19:09:19.103   591 22797 W WindowManager: 	at com.android.server.wm.WindowManagerService.windowForClientLocked(WindowManagerService.java:8727)
03-20 19:09:19.103   591 22797 W WindowManager: 	at com.android.server.wm.WindowManagerService.removeWindow(WindowManagerService.java:2698)
03-20 19:09:19.103   591 22797 W WindowManager: 	at com.android.server.wm.Session.remove(Session.java:187)
03-20 19:09:19.103   591 22797 W WindowManager: 	at android.view.IWindowSession$Stub.onTransact(IWindowSession.java:242)
03-20 19:09:19.103   591 22797 W WindowManager: 	at com.android.server.wm.Session.onTransact(Session.java:130)
03-20 19:09:19.103   591 22797 W WindowManager: 	at android.os.Binder.execTransact(Binder.java:453)
03-20 19:09:19.342   591   610 W WindowAnimator: Failed to dispatch window animation state change.
03-20 19:09:19.342   591   610 W WindowAnimator: android.os.DeadObjectException
03-20 19:09:19.342   591   610 W WindowAnimator: 	at android.os.BinderProxy.transactNative(Native Method)
03-20 19:09:19.342   591   610 W WindowAnimator: 	at android.os.BinderProxy.transact(Binder.java:503)
03-20 19:09:19.342   591   610 W WindowAnimator: 	at android.view.IWindow$Stub$Proxy.onAnimationStopped(IWindow.java:534)
03-20 19:09:19.342   591   610 W WindowAnimator: 	at com.android.server.wm.WindowAnimator.updateWindowsLocked(WindowAnimator.java:286)
03-20 19:09:19.342   591   610 W WindowAnimator: 	at com.android.server.wm.WindowAnimator.animateLocked(WindowAnimator.java:678)
03-20 19:09:19.342   591   610 W WindowAnimator: 	at com.android.server.wm.WindowAnimator.-wrap0(WindowAnimator.java)
03-20 19:09:19.342   591   610 W WindowAnimator: 	at com.android.server.wm.WindowAnimator$1.doFrame(WindowAnimator.java:123)
03-20 19:09:19.342   591   610 W WindowAnimator: 	at android.view.Choreographer$CallbackRecord.run(Choreographer.java:856)
03-20 19:09:19.342   591   610 W WindowAnimator: 	at android.view.Choreographer.doCallbacks(Choreographer.java:670)
03-20 19:09:19.342   591   610 W WindowAnimator: 	at android.view.Choreographer.doFrame(Choreographer.java:603)
03-20 19:09:19.342   591   610 W WindowAnimator: 	at android.view.Choreographer$FrameDisplayEventReceiver.run(Choreographer.java:844)
03-20 19:09:19.342   591   610 W WindowAnimator: 	at android.os.Handler.handleCallback(Handler.java:739)
03-20 19:09:19.342   591   610 W WindowAnimator: 	at android.os.Handler.dispatchMessage(Handler.java:95)
03-20 19:09:19.342   591   610 W WindowAnimator: 	at android.os.Looper.loop(Looper.java:148)
03-20 19:09:19.342   591   610 W WindowAnimator: 	at android.os.HandlerThread.run(HandlerThread.java:61)
03-20 19:09:19.342   591   610 W WindowAnimator: 	at com.android.server.ServiceThread.run(ServiceThread.java:46)
03-20 19:09:19.460   591   610 W WindowAnimator: Failed to dispatch window animation state change.
03-20 19:09:19.460   591   610 W WindowAnimator: android.os.DeadObjectException
03-20 19:09:19.460   591   610 W WindowAnimator: 	at android.os.BinderProxy.transactNative(Native Method)
03-20 19:09:19.460   591   610 W WindowAnimator: 	at android.os.BinderProxy.transact(Binder.java:503)
03-20 19:09:19.460   591   610 W WindowAnimator: 	at android.view.IWindow$Stub$Proxy.onAnimationStopped(IWindow.java:534)
03-20 19:09:19.460   591   610 W WindowAnimator: 	at com.android.server.wm.WindowAnimator.updateWindowsLocked(WindowAnimator.java:286)
03-20 19:09:19.460   591   610 W WindowAnimator: 	at com.android.server.wm.WindowAnimator.animateLocked(WindowAnimator.java:678)
03-20 19:09:19.460   591   610 W WindowAnimator: 	at com.android.server.wm.WindowAnimator.-wrap0(WindowAnimator.java)
03-20 19:09:19.460   591   610 W WindowAnimator: 	at com.android.server.wm.WindowAnimator$1.doFrame(WindowAnimator.java:123)
03-20 19:09:19.460   591   610 W WindowAnimator: 	at android.view.Choreographer$CallbackRecord.run(Choreographer.java:856)
03-20 19:09:19.460   591   610 W WindowAnimator: 	at android.view.Choreographer.doCallbacks(Choreographer.java:670)
03-20 19:09:19.460   591   610 W WindowAnimator: 	at android.view.Choreographer.doFrame(Choreographer.java:603)
03-20 19:09:19.460   591   610 W WindowAnimator: 	at android.view.Choreographer$FrameDisplayEventReceiver.run(Choreographer.java:844)
03-20 19:09:19.460   591   610 W WindowAnimator: 	at android.os.Handler.handleCallback(Handler.java:739)
03-20 19:09:19.460   591   610 W WindowAnimator: 	at android.os.Handler.dispatchMessage(Handler.java:95)
03-20 19:09:19.460   591   610 W WindowAnimator: 	at android.os.Looper.loop(Looper.java:148)
03-20 19:09:19.460   591   610 W WindowAnimator: 	at android.os.HandlerThread.run(HandlerThread.java:61)
03-20 19:09:19.460   591   610 W WindowAnimator: 	at com.android.server.ServiceThread.run(ServiceThread.java:46)
03-20 19:09:20.322   591  1131 W InputMethodManagerService: Got RemoteException sending setActive(false) notification to pid 28188 uid 10244
03-20 19:09:20.508   591   610 W AppOps  : Finishing op nesting under-run: uid 1000 pkg android code 24 time=0 duration=0 nesting=0
03-20 19:09:50.259   591   612 I PowerManagerService: Going to sleep due to screen timeout (uid 1000)...
03-20 19:09:50.260   591   612 I PowerManagerService: Sleeping (uid 1000)...
03-20 19:09:50.303   591   591 I ActivityManager: Killing 23155:com.android.gallery3d/u0a31 (adj 13): empty for 1821s
03-20 19:09:50.510   591   591 I ActivityManager: Killing 23220:com.android.exchange/u0a29 (adj 15): empty for 1821s
03-20 19:09:50.600   591   591 I ActivityManager: Killing 23178:com.android.keychain/1000 (adj 15): empty for 1823s
03-20 19:09:50.765   591   605 W ActivityManager: Activity pause timeout for ActivityRecord{3b8a5a3 u0 com.android.launcher/com.android.launcher2.Launcher t1311}
03-20 19:09:50.890   591   610 I DisplayManagerService: Display device changed state: "", OFF
03-20 19:09:51.347   591 22797 I ActivityManager: Start proc 28377:com.tencent.catfishsdk.remote/u0a50 for service com.tencent.qqpimsecure/com.tencent.catfishsdk.core.service.SecureService
03-20 19:09:51.452   591   659 D WifiService: New client listening to asynchronous messages
03-20 19:09:53.078   591   659 D WifiService: Client connection lost with reason: 4
03-20 19:09:53.140   591  1121 I ActivityManager: Process com.tencent.catfishsdk.remote (pid 28377) has died
03-20 19:10:18.832   192   581 E NetlinkEvent: NetlinkEvent::FindParam(): Parameter 'UID' not found
03-20 19:10:20.733   192   581 E NetlinkEvent: NetlinkEvent::FindParam(): Parameter 'UID' not found
03-20 19:10:35.792   192   581 E NetlinkEvent: NetlinkEvent::FindParam(): Parameter 'UID' not found
03-20 19:10:37.743   192   581 E NetlinkEvent: NetlinkEvent::FindParam(): Parameter 'UID' not found
03-20 19:10:50.148   591   650 I PowerManagerService: Waking up from sleep (uid 1000)...
03-20 19:10:50.156   591   612 I DisplayPowerController: Blocking screen on until initial contents have been drawn.
03-20 19:10:50.182   591   610 I DisplayManagerService: Display device changed state: "", ON
03-20 19:10:50.316   591   612 I DisplayPowerController: Unblocked screen on after 160 ms
03-20 19:10:51.219   591   605 W BroadcastQueue: Permission Denial: broadcasting Intent { act=android.intent.action.USER_PRESENT flg=0x24000010 } from com.android.systemui (pid=712, uid=10014) is not exported from uid 10050 due to receiver com.tencent.qqpimsecure/com.tencent.server.back.FastBootReceiver
03-20 19:10:51.226   591  1076 W InputMethodManagerService: Window already focused, ignoring focus gain of: com.android.internal.view.IInputMethodClient$Stub$Proxy@ad8e403 attribute=android.view.inputmethod.EditorInfo@1242f80, token = android.os.BinderProxy@94bf353
03-20 19:10:51.255   591  1136 W WindowManager: Failed looking up window
03-20 19:10:51.255   591  1136 W WindowManager: java.lang.IllegalArgumentException: Requested window android.os.BinderProxy@9fbbd5f does not exist
03-20 19:10:51.255   591  1136 W WindowManager: 	at com.android.server.wm.WindowManagerService.windowForClientLocked(WindowManagerService.java:8736)
03-20 19:10:51.255   591  1136 W WindowManager: 	at com.android.server.wm.WindowManagerService.windowForClientLocked(WindowManagerService.java:8727)
03-20 19:10:51.255   591  1136 W WindowManager: 	at com.android.server.wm.WindowManagerService.removeWindow(WindowManagerService.java:2698)
03-20 19:10:51.255   591  1136 W WindowManager: 	at com.android.server.wm.Session.remove(Session.java:187)
03-20 19:10:51.255   591  1136 W WindowManager: 	at android.view.IWindowSession$Stub.onTransact(IWindowSession.java:242)
03-20 19:10:51.255   591  1136 W WindowManager: 	at com.android.server.wm.Session.onTransact(Session.java:130)
03-20 19:10:51.255   591  1136 W WindowManager: 	at android.os.Binder.execTransact(Binder.java:453)
03-20 19:10:51.264   591 22911 W BroadcastQueue: Permission Denial: broadcasting Intent { act=android.intent.action.USER_PRESENT flg=0x24000010 } from com.android.systemui (pid=712, uid=10014) is not exported from uid 10113 due to receiver com.tencent.qqlive/.services.push.PushAlarmReceiver
03-20 19:11:22.073   591   612 I PowerManagerService: Going to sleep due to screen timeout (uid 1000)...
03-20 19:11:22.074   591   612 I PowerManagerService: Sleeping (uid 1000)...
03-20 19:11:22.703   591   610 I DisplayManagerService: Display device changed state: "", OFF
03-20 19:11:23.273   591  1119 I ActivityManager: Start proc 28537:com.tencent.catfishsdk.remote/u0a50 for service com.tencent.qqpimsecure/com.tencent.catfishsdk.core.service.SecureService
03-20 19:11:23.404   591   659 D WifiService: New client listening to asynchronous messages
03-20 19:11:25.026   591   659 D WifiService: Client connection lost with reason: 4
03-20 19:11:25.080   591   602 I ActivityManager: Process com.tencent.catfishsdk.remote (pid 28537) has died
03-20 19:11:34.897   591   604 I UsageStatsService: User[0] Flushing usage stats to disk
03-20 19:11:36.450   591   650 I PowerManagerService: Waking up from sleep (uid 1000)...
03-20 19:11:36.457   591   612 I DisplayPowerController: Blocking screen on until initial contents have been drawn.
03-20 19:11:36.492   591   610 I DisplayManagerService: Display device changed state: "", ON
03-20 19:11:36.644   591   612 I DisplayPowerController: Unblocked screen on after 187 ms
03-20 19:11:37.356   591   605 W BroadcastQueue: Permission Denial: broadcasting Intent { act=android.intent.action.USER_PRESENT flg=0x24000010 } from com.android.systemui (pid=712, uid=10014) is not exported from uid 10050 due to receiver com.tencent.qqpimsecure/com.tencent.server.back.FastBootReceiver
03-20 19:11:37.372   591  1121 W InputMethodManagerService: Window already focused, ignoring focus gain of: com.android.internal.view.IInputMethodClient$Stub$Proxy@e1dad86 attribute=android.view.inputmethod.EditorInfo@925e647, token = android.os.BinderProxy@94bf353
03-20 19:11:37.379   591 28378 W BroadcastQueue: Permission Denial: broadcasting Intent { act=android.intent.action.USER_PRESENT flg=0x24000010 } from com.android.systemui (pid=712, uid=10014) is not exported from uid 10113 due to receiver com.tencent.qqlive/.services.push.PushAlarmReceiver
03-20 19:11:37.519   591  1136 W WindowManager: Failed looking up window
03-20 19:11:37.519   591  1136 W WindowManager: java.lang.IllegalArgumentException: Requested window android.os.BinderProxy@7dc3f9d does not exist
03-20 19:11:37.519   591  1136 W WindowManager: 	at com.android.server.wm.WindowManagerService.windowForClientLocked(WindowManagerService.java:8736)
03-20 19:11:37.519   591  1136 W WindowManager: 	at com.android.server.wm.WindowManagerService.windowForClientLocked(WindowManagerService.java:8727)
03-20 19:11:37.519   591  1136 W WindowManager: 	at com.android.server.wm.WindowManagerService.removeWindow(WindowManagerService.java:2698)
03-20 19:11:37.519   591  1136 W WindowManager: 	at com.android.server.wm.Session.remove(Session.java:187)
03-20 19:11:37.519   591  1136 W WindowManager: 	at android.view.IWindowSession$Stub.onTransact(IWindowSession.java:242)
03-20 19:11:37.519   591  1136 W WindowManager: 	at com.android.server.wm.Session.onTransact(Session.java:130)
03-20 19:11:37.519   591  1136 W WindowManager: 	at android.os.Binder.execTransact(Binder.java:453)
03-20 19:11:42.761   591  1131 I ActivityManager: START u0 {act=android.intent.action.DELETE dat=package:example.joe.helloworld flg=0x10800000 cmp=com.android.packageinstaller/.UninstallerActivity (has extras)} from uid 10006 on display 0
03-20 19:11:42.799   591  1137 I ActivityManager: Start proc 28621:com.android.packageinstaller/u0a10 for activity com.android.packageinstaller/.UninstallerActivity
03-20 19:11:43.829   591   603 I ActivityManager: START u0 {act=android.intent.action.VIEW cmp=com.android.packageinstaller/.UninstallAppProgress (has extras)} from uid 10010 on display 0
03-20 19:11:43.916   591   605 I ActivityManager: Force stopping example.joe.helloworld appid=10244 user=-1: uninstall pkg
03-20 19:11:44.183   591   616 W PackageManager: Couldn't remove dex file for package:  at location /data/app/example.joe.helloworld-2/base.apk, retcode=-1
03-20 19:11:44.240   591   616 I ActivityManager: Force stopping example.joe.helloworld appid=10244 user=0: pkg removed
03-20 19:11:44.365   591   591 D JobSchedulerService: Receieved: android.intent.action.PACKAGE_REMOVED
03-20 19:11:44.434   591  1131 I ActivityManager: Start proc 28661:com.android.gallery3d/u0a31 for broadcast com.android.gallery3d/.app.PackagesMonitor
03-20 19:11:44.585   591 22799 W WindowManager: Failed looking up window
03-20 19:11:44.585   591 22799 W WindowManager: java.lang.IllegalArgumentException: Requested window android.os.BinderProxy@7cc3522 does not exist
03-20 19:11:44.585   591 22799 W WindowManager: 	at com.android.server.wm.WindowManagerService.windowForClientLocked(WindowManagerService.java:8736)
03-20 19:11:44.585   591 22799 W WindowManager: 	at com.android.server.wm.WindowManagerService.windowForClientLocked(WindowManagerService.java:8727)
03-20 19:11:44.585   591 22799 W WindowManager: 	at com.android.server.wm.WindowManagerService.removeWindow(WindowManagerService.java:2698)
03-20 19:11:44.585   591 22799 W WindowManager: 	at com.android.server.wm.Session.remove(Session.java:187)
03-20 19:11:44.585   591 22799 W WindowManager: 	at android.view.IWindowSession$Stub.onTransact(IWindowSession.java:242)
03-20 19:11:44.585   591 22799 W WindowManager: 	at com.android.server.wm.Session.onTransact(Session.java:130)
03-20 19:11:44.585   591 22799 W WindowManager: 	at android.os.Binder.execTransact(Binder.java:453)
03-20 19:11:44.677   591  1121 I ActivityManager: Start proc 28683:com.android.keychain/1000 for broadcast com.android.keychain/.KeyChainBroadcastReceiver
03-20 19:11:44.750 28683 28683 W ContextImpl: Calling a method in the system process without a qualified user: android.app.ContextImpl.startService:1221 android.content.ContextWrapper.startService:581 android.content.ContextWrapper.startService:581 com.android.keychain.KeyChainBroadcastReceiver.onReceive:12 android.app.ActivityThread.handleReceiver:2725 
03-20 19:11:44.784   591   725 I ActivityManager: Start proc 28699:com.jingdong.app.mall/u0a207 for broadcast com.jingdong.app.mall/.broadcastReceiver.AppStateRecevier
03-20 19:11:44.827   591  1121 I ActivityManager: Killing 23387:com.svox.pico/u0a43 (adj 15): empty for 1935s
03-20 19:11:45.113   591   659 D WifiService: New client listening to asynchronous messages
03-20 19:11:45.810   591 22799 I ActivityManager: Start proc 28784:com.jingdong.app.mall:pushservice/u0a207 for broadcast com.jingdong.app.mall/com.huawei.android.pushagent.PushEventReceiver
03-20 19:11:45.811   591 22799 I ActivityManager: Killing 23270:com.android.email/u0a27 (adj 15): empty for 1933s
03-20 19:11:45.930   591  1137 W ActivityManager: Unable to start service Intent { act=com.thestore.main.service.ThestoreService pkg=com.thestore.main (has extras) } U=0: not found
03-20 19:11:45.930   591  1121 I ActivityManager: Killing 23679:com.jingdong.app.mall:WatchDogService/u0a207 (adj 9): kill background
03-20 19:11:45.945   591   659 D WifiService: Client connection lost with reason: 4
03-20 19:11:46.040   591  1121 I ActivityManager: Killing 23652:com.jingdong.app.mall:jdpush/u0a207 (adj 15): kill background
03-20 19:11:46.052   591   659 D WifiService: Client connection lost with reason: 4
03-20 19:11:46.210   591  1121 W ActivityManager: Scheduling restart of crashed service com.jingdong.app.mall/com.jingdong.jdpush.JDPushService in 1000ms
03-20 19:11:46.210   591  1121 I ActivityManager: Killing 28699:com.jingdong.app.mall/u0a207 (adj 9): kill background
03-20 19:11:46.237   591   659 D WifiService: Client connection lost with reason: 4
03-20 19:11:46.350   591 22796 W ActivityManager: Spurious death for ProcessRecord{33b4bd0 0:com.jingdong.app.mall:WatchDogService/u0a207}, curProc for 23679: null
03-20 19:11:46.352   591  1131 W ActivityManager: Spurious death for ProcessRecord{438d7c9 0:com.jingdong.app.mall:jdpush/u0a207}, curProc for 23652: null
03-20 19:11:46.353   591  1136 W ActivityManager: Spurious death for ProcessRecord{c694ece 0:com.jingdong.app.mall/u0a207}, curProc for 28699: null
03-20 19:11:46.573   591  1131 I ActivityManager: Start proc 28817:com.jingdong.app.mall:WatchDogService/u0a207 for service com.jingdong.app.mall/.service.WatchDogService
03-20 19:11:46.609   591   659 D WifiService: New client listening to asynchronous messages
03-20 19:11:46.787   591   591 I ActivityManager: Start proc 28852:com.android.documentsui/u0a26 for broadcast com.android.documentsui/.PackageReceiver
03-20 19:11:46.868   591   659 D WifiService: New client listening to asynchronous messages
03-20 19:11:46.897   591  1136 I ActivityManager: Start proc 28881:com.android.externalstorage/u0a5 for content provider com.android.externalstorage/.ExternalStorageProvider
03-20 19:11:46.989   591   725 I ActivityManager: Start proc 28902:com.android.shell/2000 for content provider com.android.shell/.BugreportStorageProvider
03-20 19:11:47.222   591   605 I ActivityManager: Start proc 28931:com.jingdong.app.mall:jdpush/u0a207 for service com.jingdong.app.mall/com.jingdong.jdpush.JDPushService
03-20 19:11:47.455   591   659 D WifiService: New client listening to asynchronous messages
03-20 19:12:00.693   591   616 W PackageManager: Package named 'example.joe.hellojni.test' doesn't exist.
03-20 19:12:00.762   591   616 W PackageManager: Package named 'example.joe.helloworld' doesn't exist.
03-20 19:12:01.936   591   616 W PackageManager: Package named 'example.joe.helloworld.test' doesn't exist.
03-20 19:12:03.079   591   616 W PackageManager: Package named 'example.joe.helloworld' doesn't exist.
03-20 19:12:18.277   591   612 I PowerManagerService: Going to sleep due to screen timeout (uid 1000)...
03-20 19:12:18.279   591   612 I PowerManagerService: Sleeping (uid 1000)...
03-20 19:12:18.915   591   610 I DisplayManagerService: Display device changed state: "", OFF
--------- beginning of main
03-20 19:12:19.302   591   658 E native  : do suspend true
03-20 19:12:19.357 29104 29104 I chatty  : uid=10050(com.tencent.qqpimsecure) ps expire 34 lines
03-20 19:12:19.423   591 22790 I ActivityManager: Start proc 29118:com.tencent.catfishsdk.remote/u0a50 for service com.tencent.qqpimsecure/com.tencent.catfishsdk.core.service.SecureService
03-20 19:12:19.480   970  1608 I chatty  : uid=10050(com.tencent.qqpimsecure) work_queue_time expire 484 lines
03-20 19:12:19.534   591   659 D WifiService: New client listening to asynchronous messages
03-20 19:12:21.130 29118 29142 I chatty  : uid=10050(com.tencent.qqpimsecure) expire 1 line
03-20 19:12:21.168   591   659 D WifiService: Client connection lost with reason: 4
03-20 19:12:21.230   591   603 I ActivityManager: Process com.tencent.catfishsdk.remote (pid 29118) has died
03-20 19:12:23.400   712   712 D PhoneStatusBar: disable: < expand ICONS* alerts SYSTEM_INFO* back home recent clock search quick_settings >
03-20 19:12:23.506   712   712 D PhoneStatusBar: disable: < expand ICONS alerts SYSTEM_INFO back HOME* RECENT* clock SEARCH* quick_settings >
03-20 19:12:24.590   591 21818 D NetlinkSocketObserver: NeighborEvent{elapsedMs=2769126110, 192.168.2.1, [16109F8DBA64], RTM_NEWNEIGH, NUD_REACHABLE}
03-20 19:12:34.590   591 21818 D NetlinkSocketObserver: NeighborEvent{elapsedMs=2769136111, 192.168.2.1, [16109F8DBA64], RTM_NEWNEIGH, NUD_STALE}
03-20 19:12:34.792   192   581 E NetlinkEvent: NetlinkEvent::FindParam(): Parameter 'UID' not found
03-20 19:12:36.702   192   581 E NetlinkEvent: NetlinkEvent::FindParam(): Parameter 'UID' not found
03-20 19:12:37.072   591   658 D WifiStateMachine: L2Connected CMD_START_SCAN source -2 390, 391 -> obsolete
03-20 19:12:37.887   193   193 E         : invalid crash request of size 4 (from pid=28495 uid=0)
03-20 19:12:37.946 29162 29162 E Sensors : sns_fsa_la.c(386):fsa: fflush failed, 9
03-20 19:12:37.946 29162 29162 E Sensors : sns_fsa_la.c(386):fsa: fflush failed, 9
03-20 19:12:37.972 29162 29165 W Sensors : sns_smr_la.c(446):smr_la: smr_apps_la_thread_main is starting, fd=12, sns_smr.en_rx_msg_ptr=b6fafa04
03-20 19:12:37.982 29162 29167 W Sensors : sns_sam_app.c(6827):sns_sam_reg_algo: Registering algo service 16, err 0
03-20 19:12:38.005 29162 29169 E Sensors : sns_debug_main.c(565):Debug Config File missing in EFS!
03-20 19:12:41.711   591 21818 D NetlinkSocketObserver: NeighborEvent{elapsedMs=2769143231, 192.168.2.1, [16109F8DBA64], RTM_NEWNEIGH, NUD_REACHABLE}
03-20 19:12:51.570   591 21818 D NetlinkSocketObserver: NeighborEvent{elapsedMs=2769153090, 192.168.2.1, [16109F8DBA64], RTM_NEWNEIGH, NUD_STALE}
03-20 19:12:58.750   591 21818 D NetlinkSocketObserver: NeighborEvent{elapsedMs=2769160271, 192.168.2.1, [16109F8DBA64], RTM_NEWNEIGH, NUD_REACHABLE}
03-20 19:13:02.413 29178 29178 D AndroidRuntime: >>>>>> START com.android.internal.os.RuntimeInit uid 0 <<<<<<
03-20 19:13:02.420 29178 29178 D AndroidRuntime: CheckJNI is OFF
03-20 19:13:02.483 29178 29178 D ICU     : No timezone override file found: /data/misc/zoneinfo/current/icu/icu_tzdata.dat
03-20 19:13:02.555 29178 29178 I Radio-JNI: register_android_hardware_Radio DONE
03-20 19:13:02.591 29178 29178 D AndroidRuntime: Calling main entry com.android.commands.pm.Pm
03-20 19:13:02.599 29178 29178 I art     : System.exit called, status: 0
03-20 19:13:02.599 29178 29178 I AndroidRuntime: VM exiting with result code 0.
03-20 19:13:03.573 29194 29194 D AndroidRuntime: >>>>>> START com.android.internal.os.RuntimeInit uid 0 <<<<<<
03-20 19:13:03.580 29194 29194 D AndroidRuntime: CheckJNI is OFF
03-20 19:13:03.646 29194 29194 D ICU     : No timezone override file found: /data/misc/zoneinfo/current/icu/icu_tzdata.dat
03-20 19:13:03.717 29194 29194 I Radio-JNI: register_android_hardware_Radio DONE
03-20 19:13:03.751 29194 29194 D AndroidRuntime: Calling main entry com.android.commands.pm.Pm
03-20 19:13:03.758 29194 29194 I art     : System.exit called, status: 0
03-20 19:13:03.758 29194 29194 I AndroidRuntime: VM exiting with result code 0.
03-20 19:13:08.311   591 21818 D NetlinkSocketObserver: NeighborEvent{elapsedMs=2769169831, 192.168.2.1, [16109F8DBA64], RTM_NEWNEIGH, NUD_STALE}
03-20 19:13:08.539   591   650 I PowerManagerService: Waking up from sleep (uid 1000)...
03-20 19:13:08.540   591   591 V KeyguardServiceDelegate: onStartedWakingUp()
03-20 19:13:08.547   591   612 I DisplayPowerController: Blocking screen on until initial contents have been drawn.
03-20 19:13:08.563   591   612 V KeyguardServiceDelegate: onScreenTurnedOn(showListener = com.android.server.policy.PhoneWindowManager$2@8b0f506)
03-20 19:13:08.568   188   188 D SurfaceFlinger: Set power mode=2, type=0 flinger=0xb6ae4000
03-20 19:13:08.572   591   610 I DisplayManagerService: Display device changed state: "", ON
03-20 19:13:08.578   202   220 E ANDR-PERF-LOCK: Failed to reset optimization for resource: 4 level: 0
03-20 19:13:08.583  1039  1441 I chatty  : uid=10050(com.tencent.qqpimsecure) work_queue_time expire 8 lines
03-20 19:13:08.586   591  1119 V KeyguardServiceDelegate: **** SHOWN CALLED ****
03-20 19:13:08.595   591   658 D WifiConfigStore: Retrieve network priorities after PNO.
03-20 19:13:08.595 29208 29208 I chatty  : uid=10050(com.tencent.qqpimsecure) expire 20 lines
03-20 19:13:08.606   591   658 E native  : do suspend false
03-20 19:13:08.661   195   626 D audio_hw_primary: adev_set_parameters: enter: screen_state=on
03-20 19:13:08.671   591   658 D WifiConfigStore: No blacklist allowed without epno enabled
03-20 19:13:08.701   591   612 I DisplayPowerController: Unblocked screen on after 154 ms
03-20 19:13:08.701   970  1608 I chatty  : uid=10050(com.tencent.qqpimsecure) work_queue_time expire 2464 lines
03-20 19:13:08.701   591   612 V KeyguardServiceDelegate: onScreenTurnedOn()
03-20 19:13:08.705  1077  1226 D BrcmNfcJni: RoutingManager::nfaEeCallback: NFA_EE_SET_TECH_CFG_EVT; status=0x0
03-20 19:13:08.705  1077  1226 D BrcmNfcJni: RoutingManager::nfaEeCallback: NFA_EE_SET_PROTO_CFG_EVT; status=0x0
03-20 19:13:08.705  1077  1210 D BrcmNfcJni: RoutingManager::commitRouting
03-20 19:13:08.706  1077  1226 D BrcmNfcJni: RoutingManager::nfaEeCallback: NFA_EE_UPDATED_EVT
03-20 19:13:08.724  2269  2335 D bk      : onHandlerScreenOnOrUserPresent-->timeout[1490008388]
03-20 19:13:08.724  2269  2335 V bk      : reConnect[mLastConnectTime:-1]<[currentTime:1490008388724]
03-20 19:13:08.725  2269  2335 D bk      : tryConnect[interval:2000][connectContext:screen_on_connect_5330]
03-20 19:13:08.725  2269  2335 D AbsMessage: startTaskAtDelayed[action_connect_unlock]
03-20 19:13:08.728  2269  2335 D bk      : reConnect[connectContext:screen_on_connect_5330][connecting]
03-20 19:13:08.811   591   673 D SurfaceControl: Excessive delay in setPowerMode(): 243ms
03-20 19:13:08.831   192   581 E NetlinkEvent: NetlinkEvent::FindParam(): Parameter 'UID' not found
03-20 19:13:09.310   712   712 D PhoneStatusBar: disable: < expand ICONS alerts SYSTEM_INFO back HOME RECENT clock SEARCH quick_settings >
03-20 19:13:09.326   712   712 D PhoneStatusBar: disable: < expand icons* alerts system_info* back HOME RECENT clock SEARCH quick_settings >
03-20 19:13:09.344   591   605 W BroadcastQueue: Permission Denial: broadcasting Intent { act=android.intent.action.USER_PRESENT flg=0x24000010 } from com.android.systemui (pid=712, uid=10014) is not exported from uid 10050 due to receiver com.tencent.qqpimsecure/com.tencent.server.back.FastBootReceiver
03-20 19:13:09.347   591 22799 W BroadcastQueue: Permission Denial: broadcasting Intent { act=android.intent.action.USER_PRESENT flg=0x24000010 } from com.android.systemui (pid=712, uid=10014) is not exported from uid 10113 due to receiver com.tencent.qqlive/.services.push.PushAlarmReceiver
03-20 19:13:09.355  2269  2335 D bk      : onHandlerScreenOnOrUserPresent-->timeout[1490008389]
03-20 19:13:09.355  2269  2335 V bk      : reConnect[interval:1490008391355]>[1490008390724][state:screen_on_connect_9690]
03-20 19:13:09.358   591  1119 W InputMethodManagerService: Window already focused, ignoring focus gain of: com.android.internal.view.IInputMethodClient$Stub$Proxy@351ef63 attribute=android.view.inputmethod.EditorInfo@a654760, token = android.os.BinderProxy@94bf353
03-20 19:13:09.362   712   712 D PhoneStatusBar: disable: < expand icons alerts system_info back home* recent* clock search* quick_settings >
03-20 19:13:09.397  1077  1226 E BrcmNfcJni: nfaConnectionCallback: unknown event ????
03-20 19:13:09.397  1077  1226 D BrcmNfcJni: RoutingManager::nfaEeCallback: NFA_EE_SET_TECH_CFG_EVT; status=0x0
03-20 19:13:09.397  1077  1226 D BrcmNfcJni: RoutingManager::nfaEeCallback: NFA_EE_SET_PROTO_CFG_EVT; status=0x0
03-20 19:13:09.397  1077  1919 D BrcmNfcJni: RoutingManager::commitRouting
03-20 19:13:09.397  1077  1226 D BrcmNfcJni: RoutingManager::nfaEeCallback: NFA_EE_UPDATED_EVT
03-20 19:13:09.579   591 22799 W WindowManager: Failed looking up window
03-20 19:13:09.579   591 22799 W WindowManager: java.lang.IllegalArgumentException: Requested window android.os.BinderProxy@1c7798c does not exist
03-20 19:13:09.579   591 22799 W WindowManager: 	at com.android.server.wm.WindowManagerService.windowForClientLocked(WindowManagerService.java:8736)
03-20 19:13:09.579   591 22799 W WindowManager: 	at com.android.server.wm.WindowManagerService.windowForClientLocked(WindowManagerService.java:8727)
03-20 19:13:09.579   591 22799 W WindowManager: 	at com.android.server.wm.WindowManagerService.removeWindow(WindowManagerService.java:2698)
03-20 19:13:09.579   591 22799 W WindowManager: 	at com.android.server.wm.Session.remove(Session.java:187)
03-20 19:13:09.579   591 22799 W WindowManager: 	at android.view.IWindowSession$Stub.onTransact(IWindowSession.java:242)
03-20 19:13:09.579   591 22799 W WindowManager: 	at com.android.server.wm.Session.onTransact(Session.java:130)
03-20 19:13:09.579   591 22799 W WindowManager: 	at android.os.Binder.execTransact(Binder.java:453)
03-20 19:13:10.216   192   581 E NetlinkEvent: NetlinkEvent::FindParam(): Parameter 'UID' not found
03-20 19:13:10.487  1088  1111 E PhoneInterfaceManager: [PhoneIntfMgr] getIccId: No UICC
03-20 19:13:10.856 27336 29241 W ResponseProcessCookies: Invalid cookie header: "Set-Cookie: BAIDUID=477999B348855FDF9C3640D0C74796C9:FG=1; expires=Tue, 20-Mar-18 11:13:11 GMT; max-age=31536000; path=/; domain=.baidu.com; version=1". Unable to parse expires attribute: Tue
03-20 19:13:10.858 27336 29241 W ResponseProcessCookies: Invalid cookie header: "Set-Cookie: BAIDUID=1174FA8BCD882DF2AE2C1601BD27E5A1:FG=1; expires=Tue, 20-Mar-18 11:13:11 GMT; max-age=31536000; path=/; domain=.baidu.com; version=1". Unable to parse expires attribute: Tue
03-20 19:13:15.510   591 21818 D NetlinkSocketObserver: NeighborEvent{elapsedMs=2769177030, 192.168.2.1, [16109F8DBA64], RTM_NEWNEIGH, NUD_REACHABLE}
03-20 19:13:20.671 29267 29267 D AndroidRuntime: >>>>>> START com.android.internal.os.RuntimeInit uid 0 <<<<<<
03-20 19:13:20.676 29267 29267 D AndroidRuntime: CheckJNI is OFF
03-20 19:13:20.743 29267 29267 D ICU     : No timezone override file found: /data/misc/zoneinfo/current/icu/icu_tzdata.dat
03-20 19:13:20.814 29267 29267 I Radio-JNI: register_android_hardware_Radio DONE
03-20 19:13:20.845 29267 29267 D AndroidRuntime: Calling main entry com.android.commands.wm.Wm
03-20 19:13:20.847 29267 29267 D AndroidRuntime: Shutting down VM
03-20 19:13:21.205 29276 29276 D AndroidRuntime: >>>>>> START com.android.internal.os.RuntimeInit uid 0 <<<<<<
03-20 19:13:21.211 29276 29276 D AndroidRuntime: CheckJNI is OFF
03-20 19:13:21.278 29276 29276 D ICU     : No timezone override file found: /data/misc/zoneinfo/current/icu/icu_tzdata.dat
03-20 19:13:21.339 29276 29276 I Radio-JNI: register_android_hardware_Radio DONE
03-20 19:13:21.371 29276 29276 D AndroidRuntime: Calling main entry com.android.commands.pm.Pm
03-20 19:13:21.391 19426 19437 D DefContainer: Copying /data/local/tmp/example.joe.helloworld to base.apk
03-20 19:13:21.623   591   616 I PackageManager.DexOptimizer: Running dexopt (dex2oat) on: /data/app/vmdl906751896.tmp/base.apk pkg=example.joe.helloworld isa=arm vmSafeMode=false debuggable=true oatDir = /data/app/vmdl906751896.tmp/oat bootComplete=true
03-20 19:13:21.667 29298 29298 I dex2oat : /system/bin/dex2oat --debuggable
03-20 19:13:21.815 29298 29298 I dex2oat : dex2oat took 148.254ms (threads: 4) arena alloc=482KB java alloc=89KB native alloc=1502KB free=2MB
03-20 19:13:21.982   591   616 V BackupManagerService: restoreAtInstall pkg=example.joe.helloworld token=14 restoreSet=0
03-20 19:13:21.982   591   616 W BackupManagerService: Requested unavailable transport: android/com.android.internal.backup.LocalTransport
03-20 19:13:21.982   591   616 W BackupManagerService: No transport
03-20 19:13:21.982   591   616 V BackupManagerService: Finishing install immediately
03-20 19:13:21.983   591   616 W Settings: Setting install_non_market_apps has moved from android.provider.Settings.Global to android.provider.Settings.Secure, returning read-only value.
03-20 19:13:21.983   591   616 I art     : Starting a blocking GC Explicit
03-20 19:13:22.057   591   616 I art     : Explicit concurrent mark sweep GC freed 62067(4MB) AllocSpace objects, 29(692KB) LOS objects, 33% free, 18MB/28MB, paused 1.342ms total 74.096ms
03-20 19:13:22.060 29276 29276 I art     : System.exit called, status: 0
03-20 19:13:22.060 29276 29276 I AndroidRuntime: VM exiting with result code 0.
03-20 19:13:22.082  1088  1088 D CarrierServiceBindHelper: Receive action: android.intent.action.PACKAGE_ADDED
03-20 19:13:22.083  1088  1088 D CarrierServiceBindHelper: mHandler: 3
03-20 19:13:22.085  1088  1088 D CarrierConfigLoader: mHandler: 9 phoneId: 0
03-20 19:13:22.095   591   650 I InputReader: Reconfiguring input devices.  changes=0x00000010
03-20 19:13:22.221 28852 29316 D Documents: Update found 7 roots in 59ms
03-20 19:13:22.239 27353 29314 E JavaBinder: !!! FAILED BINDER TRANSACTION !!!  (parcel size = 4)
03-20 19:13:22.258   591   725 I ActivityManager: Start proc 29327:com.svox.pico/u0a43 for broadcast com.svox.pico/.VoiceDataInstallerReceiver
03-20 19:13:22.267   591   591 D ZenLog  : intercepted: 0|com.tencent.qqpimsecure|8716289|null|10050,alarmsOnly
03-20 19:13:22.268   591   591 V NotificationService: pkg=com.tencent.qqpimsecure canInterrupt=false intercept=true
03-20 19:13:22.312 27353 29314 W ParceledListSlice: Failure retrieving array; only received 59 of 85
03-20 19:13:22.312 27353 29314 W ParceledListSlice: android.os.DeadObjectException: Transaction failed on small parcel; remote process probably died
03-20 19:13:22.312 27353 29314 W ParceledListSlice: 	at android.os.BinderProxy.transactNative(Native Method)
03-20 19:13:22.312 27353 29314 W ParceledListSlice: 	at android.os.BinderProxy.transact(Binder.java:503)
03-20 19:13:22.312 27353 29314 W ParceledListSlice: 	at android.content.pm.ParceledListSlice.<init>(ParceledListSlice.java:97)
03-20 19:13:22.312 27353 29314 W ParceledListSlice: 	at android.content.pm.ParceledListSlice.<init>(ParceledListSlice.java)
03-20 19:13:22.312 27353 29314 W ParceledListSlice: 	at android.content.pm.ParceledListSlice$1.createFromParcel(ParceledListSlice.java:200)
03-20 19:13:22.312 27353 29314 W ParceledListSlice: 	at android.content.pm.ParceledListSlice$1.createFromParcel(ParceledListSlice.java:199)
03-20 19:13:22.312 27353 29314 W ParceledListSlice: 	at android.content.pm.IPackageManager$Stub$Proxy.getInstalledPackages(IPackageManager.java:3195)
03-20 19:13:22.312 27353 29314 W ParceledListSlice: 	at android.app.ApplicationPackageManager.getInstalledPackages(ApplicationPackageManager.java:589)
03-20 19:13:22.312 27353 29314 W ParceledListSlice: 	at android.app.ApplicationPackageManager.getInstalledPackages(ApplicationPackageManager.java:582)
03-20 19:13:22.312 27353 29314 W ParceledListSlice: 	at com.uc.base.system.j.afN(Unknown Source)
03-20 19:13:22.312 27353 29314 W ParceledListSlice: 	at com.uc.base.system.m.run(Unknown Source)
03-20 19:13:22.312 27353 29314 W ParceledListSlice: 	at com.uc.util.base.m.d.run(ProGuard:128)
03-20 19:13:22.312 27353 29314 W ParceledListSlice: 	at java.util.concurrent.ThreadPoolExecutor.runWorker(ThreadPoolExecutor.java:1113)
03-20 19:13:22.312 27353 29314 W ParceledListSlice: 	at java.util.concurrent.ThreadPoolExecutor$Worker.run(ThreadPoolExecutor.java:588)
03-20 19:13:22.312 27353 29314 W ParceledListSlice: 	at java.lang.Thread.run(Thread.java:818)
03-20 19:13:22.345   591  1076 I ActivityManager: Start proc 29345:com.tencent.qqpimsecure:task/u0a50 for service com.tencent.qqpimsecure/com.tencent.server.task.TaskService
03-20 19:13:22.367   591 22799 I ActivityManager: Start proc 29358:com.jingdong.app.mall/u0a207 for broadcast com.jingdong.app.mall/.broadcastReceiver.AppStateRecevier
03-20 19:13:22.381   591   604 W VoiceInteractionManagerService: no available voice recognition services found for user 0
03-20 19:13:22.401 29358 29364 E art     : Failed sending reply to debugger: Broken pipe
03-20 19:13:22.401 29358 29364 I art     : Debugger is no longer active
03-20 19:13:22.488 29345 29345 I chatty  : uid=10050 com.tencent.qqpimsecure:task expire 13 lines
03-20 19:13:22.522 29358 29358 W Tinker.TinkerLoader: tryLoadPatchFiles:isEnabledForResource:true
03-20 19:13:22.527 29358 29358 W Tinker.TinkerLoader: tinker safe mode preferName:tinker_own_config_com.jingdong.app.mall count:0
03-20 19:13:22.539 29358 29358 W Tinker.TinkerLoader: after tinker safe mode count:1
03-20 19:13:22.540 29358 29358 I Tinker.TinkerDexLoader: classloader: dalvik.system.PathClassLoader[DexPathList[[zip file "/system/framework/android.test.runner.jar", zip file "/data/app/com.jingdong.app.mall-1/base.apk"],nativeLibraryDirectories=[/data/app/com.jingdong.app.mall-1/lib/arm, /data/app/com.jingdong.app.mall-1/base.apk!/lib/armeabi, /vendor/lib, /system/lib]]]
03-20 19:13:22.569 29358 29358 W Tinker.ClassLoaderAdder: checkDexInstall result:true
