--------- beginning of system
03-20 09:54:26.010   192   581 E NetlinkEvent: NetlinkEvent::FindParam(): Parameter 'UID' not found
03-20 09:54:26.011   192   581 E NetlinkEvent: NetlinkEvent::FindParam(): Parameter 'UID' not found
03-20 09:54:43.009   192   581 E NetlinkEvent: NetlinkEvent::FindParam(): Parameter 'UID' not found
03-20 09:54:43.114   192   581 E NetlinkEvent: NetlinkEvent::FindParam(): Parameter 'UID' not found
03-20 09:55:07.008   192   581 E NetlinkEvent: NetlinkEvent::FindParam(): Parameter 'UID' not found
03-20 09:55:07.036   192   581 E NetlinkEvent: NetlinkEvent::FindParam(): Parameter 'UID' not found
03-20 09:55:26.009   192   581 E NetlinkEvent: NetlinkEvent::FindParam(): Parameter 'UID' not found
03-20 09:55:26.042   192   581 E NetlinkEvent: NetlinkEvent::FindParam(): Parameter 'UID' not found
03-20 09:55:57.006   192   581 E NetlinkEvent: NetlinkEvent::FindParam(): Parameter 'UID' not found
03-20 09:56:26.007   192   581 E NetlinkEvent: NetlinkEvent::FindParam(): Parameter 'UID' not found
03-20 09:56:26.010   192   581 E NetlinkEvent: NetlinkEvent::FindParam(): Parameter 'UID' not found
03-20 09:56:26.043   192   581 E NetlinkEvent: NetlinkEvent::FindParam(): Parameter 'UID' not found
03-20 09:56:51.008   192   581 E NetlinkEvent: NetlinkEvent::FindParam(): Parameter 'UID' not found
03-20 09:57:11.122   192   581 E NetlinkEvent: NetlinkEvent::FindParam(): Parameter 'UID' not found
03-20 09:58:25.008   192   581 E NetlinkEvent: NetlinkEvent::FindParam(): Parameter 'UID' not found
03-20 09:58:25.040   192   581 E NetlinkEvent: NetlinkEvent::FindParam(): Parameter 'UID' not found
03-20 09:58:43.013   192   581 E NetlinkEvent: NetlinkEvent::FindParam(): Parameter 'UID' not found
03-20 09:59:25.009   192   581 E NetlinkEvent: NetlinkEvent::FindParam(): Parameter 'UID' not found
03-20 09:59:25.010   192   581 E NetlinkEvent: NetlinkEvent::FindParam(): Parameter 'UID' not found
03-20 09:59:25.041   192   581 E NetlinkEvent: NetlinkEvent::FindParam(): Parameter 'UID' not found
03-20 09:59:38.010   591 22797 I chatty  : uid=1000(system) Binder_D expire 2 lines
03-20 10:00:00.009   192   581 E NetlinkEvent: NetlinkEvent::FindParam(): Parameter 'UID' not found
03-20 10:00:25.007   192   581 E NetlinkEvent: NetlinkEvent::FindParam(): Parameter 'UID' not found
03-20 10:00:25.011   192   581 E NetlinkEvent: NetlinkEvent::FindParam(): Parameter 'UID' not found
03-20 10:00:25.040   192   581 E NetlinkEvent: NetlinkEvent::FindParam(): Parameter 'UID' not found
03-20 10:01:11.009   192   581 E NetlinkEvent: NetlinkEvent::FindParam(): Parameter 'UID' not found
03-20 10:01:11.063   192   581 E NetlinkEvent: NetlinkEvent::FindParam(): Parameter 'UID' not found
03-20 10:01:16.025   591   591 I chatty  : uid=1000 system_server expire 3 lines
03-20 10:02:05.009   192   581 E NetlinkEvent: NetlinkEvent::FindParam(): Parameter 'UID' not found
03-20 10:02:05.120   192   581 E NetlinkEvent: NetlinkEvent::FindParam(): Parameter 'UID' not found
03-20 10:02:25.009   192   581 E NetlinkEvent: NetlinkEvent::FindParam(): Parameter 'UID' not found
03-20 10:02:25.012   192   581 E NetlinkEvent: NetlinkEvent::FindParam(): Parameter 'UID' not found
03-20 10:03:25.011   192   581 E NetlinkEvent: NetlinkEvent::FindParam(): Parameter 'UID' not found
03-20 10:03:25.043   192   581 E NetlinkEvent: NetlinkEvent::FindParam(): Parameter 'UID' not found
03-20 10:03:46.012   192   581 E NetlinkEvent: NetlinkEvent::FindParam(): Parameter 'UID' not found
03-20 10:04:08.023   192   581 E NetlinkEvent: NetlinkEvent::FindParam(): Parameter 'UID' not found
03-20 10:04:26.009   192   581 E NetlinkEvent: NetlinkEvent::FindParam(): Parameter 'UID' not found
03-20 10:04:26.041   192   581 E NetlinkEvent: NetlinkEvent::FindParam(): Parameter 'UID' not found
03-20 10:04:49.008   192   581 E NetlinkEvent: NetlinkEvent::FindParam(): Parameter 'UID' not found
03-20 10:04:49.081   192   581 E NetlinkEvent: NetlinkEvent::FindParam(): Parameter 'UID' not found
03-20 10:05:11.007   192   581 E NetlinkEvent: NetlinkEvent::FindParam(): Parameter 'UID' not found
03-20 10:05:11.211   192   581 E NetlinkEvent: NetlinkEvent::FindParam(): Parameter 'UID' not found
03-20 10:06:25.008   192   581 E NetlinkEvent: NetlinkEvent::FindParam(): Parameter 'UID' not found
03-20 10:06:25.040   192   581 E NetlinkEvent: NetlinkEvent::FindParam(): Parameter 'UID' not found
03-20 10:06:45.008   192   581 E NetlinkEvent: NetlinkEvent::FindParam(): Parameter 'UID' not found
03-20 10:07:01.008   192   581 E NetlinkEvent: NetlinkEvent::FindParam(): Parameter 'UID' not found
03-20 10:07:01.009   192   581 E NetlinkEvent: NetlinkEvent::FindParam(): Parameter 'UID' not found
03-20 10:07:25.007   192   581 E NetlinkEvent: NetlinkEvent::FindParam(): Parameter 'UID' not found
03-20 10:07:25.008   192   581 E NetlinkEvent: NetlinkEvent::FindParam(): Parameter 'UID' not found
03-20 10:07:25.041   192   581 E NetlinkEvent: NetlinkEvent::FindParam(): Parameter 'UID' not found
03-20 10:07:53.008   192   581 E NetlinkEvent: NetlinkEvent::FindParam(): Parameter 'UID' not found
03-20 10:08:00.007   192   581 E NetlinkEvent: NetlinkEvent::FindParam(): Parameter 'UID' not found
03-20 10:08:25.010   192   581 E NetlinkEvent: NetlinkEvent::FindParam(): Parameter 'UID' not found
03-20 10:08:25.013   192   581 E NetlinkEvent: NetlinkEvent::FindParam(): Parameter 'UID' not found
03-20 10:09:12.009   591   605 I chatty  : uid=1000(system) ActivityManager expire 4 lines
03-20 10:09:12.009   192   581 E NetlinkEvent: NetlinkEvent::FindParam(): Parameter 'UID' not found
03-20 10:09:12.021   192   581 E NetlinkEvent: NetlinkEvent::FindParam(): Parameter 'UID' not found
03-20 10:09:30.011   192   581 E NetlinkEvent: NetlinkEvent::FindParam(): Parameter 'UID' not found
03-20 10:09:30.042   192   581 E NetlinkEvent: NetlinkEvent::FindParam(): Parameter 'UID' not found
03-20 10:09:40.010   591   602 I chatty  : uid=1000(system) Binder_1 expire 2 lines
03-20 10:10:25.018   591  1136 I chatty  : uid=1000(system) Binder_8 expire 1 line
03-20 10:10:25.023   192   581 E NetlinkEvent: NetlinkEvent::FindParam(): Parameter 'UID' not found
03-20 10:10:25.028   192   581 E NetlinkEvent: NetlinkEvent::FindParam(): Parameter 'UID' not found
03-20 10:11:16.030   192   581 E NetlinkEvent: NetlinkEvent::FindParam(): Parameter 'UID' not found
03-20 10:11:16.125   192   581 E NetlinkEvent: NetlinkEvent::FindParam(): Parameter 'UID' not found
03-20 10:12:01.006   192   581 E NetlinkEvent: NetlinkEvent::FindParam(): Parameter 'UID' not found
03-20 10:12:25.007   192   581 E NetlinkEvent: NetlinkEvent::FindParam(): Parameter 'UID' not found
03-20 10:12:25.009   192   581 E NetlinkEvent: NetlinkEvent::FindParam(): Parameter 'UID' not found
03-20 10:12:25.043   192   581 E NetlinkEvent: NetlinkEvent::FindParam(): Parameter 'UID' not found
03-20 10:12:56.009   192   581 E NetlinkEvent: NetlinkEvent::FindParam(): Parameter 'UID' not found
03-20 10:12:56.029   192   581 E NetlinkEvent: NetlinkEvent::FindParam(): Parameter 'UID' not found
03-20 10:13:12.009   192   581 E NetlinkEvent: NetlinkEvent::FindParam(): Parameter 'UID' not found
03-20 10:13:12.064   192   581 E NetlinkEvent: NetlinkEvent::FindParam(): Parameter 'UID' not found
03-20 10:14:06.009   192   581 E NetlinkEvent: NetlinkEvent::FindParam(): Parameter 'UID' not found
03-20 10:14:26.006   192   581 E NetlinkEvent: NetlinkEvent::FindParam(): Parameter 'UID' not found
03-20 10:14:26.010   192   581 E NetlinkEvent: NetlinkEvent::FindParam(): Parameter 'UID' not found
03-20 10:14:26.012   192   581 E NetlinkEvent: NetlinkEvent::FindParam(): Parameter 'UID' not found
03-20 10:14:43.009   192   581 E NetlinkEvent: NetlinkEvent::FindParam(): Parameter 'UID' not found
03-20 10:14:43.132   192   581 E NetlinkEvent: NetlinkEvent::FindParam(): Parameter 'UID' not found
03-20 10:15:26.006   192   581 E NetlinkEvent: NetlinkEvent::FindParam(): Parameter 'UID' not found
03-20 10:15:26.048   192   581 E NetlinkEvent: NetlinkEvent::FindParam(): Parameter 'UID' not found
03-20 10:16:25.011   192   581 E NetlinkEvent: NetlinkEvent::FindParam(): Parameter 'UID' not found
03-20 10:16:25.043   192   581 E NetlinkEvent: NetlinkEvent::FindParam(): Parameter 'UID' not found
03-20 10:16:35.026   591   591 I chatty  : uid=1000 system_server expire 2 lines
03-20 10:17:12.011   192   581 E NetlinkEvent: NetlinkEvent::FindParam(): Parameter 'UID' not found
03-20 10:17:12.119   192   581 E NetlinkEvent: NetlinkEvent::FindParam(): Parameter 'UID' not found
03-20 10:18:25.009   192   581 E NetlinkEvent: NetlinkEvent::FindParam(): Parameter 'UID' not found
03-20 10:18:25.079   192   581 E NetlinkEvent: NetlinkEvent::FindParam(): Parameter 'UID' not found
03-20 10:19:25.009   192   581 E NetlinkEvent: NetlinkEvent::FindParam(): Parameter 'UID' not found
03-20 10:19:25.043   192   581 E NetlinkEvent: NetlinkEvent::FindParam(): Parameter 'UID' not found
03-20 10:20:06.007   192   581 E NetlinkEvent: NetlinkEvent::FindParam(): Parameter 'UID' not found
03-20 10:20:08.008   192   581 E NetlinkEvent: NetlinkEvent::FindParam(): Parameter 'UID' not found
03-20 10:20:25.007   192   581 E NetlinkEvent: NetlinkEvent::FindParam(): Parameter 'UID' not found
03-20 10:20:25.042   192   581 E NetlinkEvent: NetlinkEvent::FindParam(): Parameter 'UID' not found
03-20 10:21:12.010   192   581 E NetlinkEvent: NetlinkEvent::FindParam(): Parameter 'UID' not found
03-20 10:21:12.170   192   581 E NetlinkEvent: NetlinkEvent::FindParam(): Parameter 'UID' not found
03-20 10:22:25.009   192   581 E NetlinkEvent: NetlinkEvent::FindParam(): Parameter 'UID' not found
03-20 10:22:25.062   192   581 E NetlinkEvent: NetlinkEvent::FindParam(): Parameter 'UID' not found
03-20 10:23:16.009   192   581 E NetlinkEvent: NetlinkEvent::FindParam(): Parameter 'UID' not found
03-20 10:23:26.008   192   581 E NetlinkEvent: NetlinkEvent::FindParam(): Parameter 'UID' not found
03-20 10:24:05.010   192   581 E NetlinkEvent: NetlinkEvent::FindParam(): Parameter 'UID' not found
03-20 10:24:26.006   192   581 E NetlinkEvent: NetlinkEvent::FindParam(): Parameter 'UID' not found
03-20 10:24:26.010   192   581 E NetlinkEvent: NetlinkEvent::FindParam(): Parameter 'UID' not found
03-20 10:24:26.049   192   581 E NetlinkEvent: NetlinkEvent::FindParam(): Parameter 'UID' not found
03-20 10:24:43.009   192   581 E NetlinkEvent: NetlinkEvent::FindParam(): Parameter 'UID' not found
03-20 10:24:43.116   192   581 E NetlinkEvent: NetlinkEvent::FindParam(): Parameter 'UID' not found
03-20 10:25:07.008   192   581 E NetlinkEvent: NetlinkEvent::FindParam(): Parameter 'UID' not found
03-20 10:25:07.043   192   581 E NetlinkEvent: NetlinkEvent::FindParam(): Parameter 'UID' not found
03-20 10:26:06.016   192   581 E NetlinkEvent: NetlinkEvent::FindParam(): Parameter 'UID' not found
03-20 10:26:25.009   192   581 E NetlinkEvent: NetlinkEvent::FindParam(): Parameter 'UID' not found
03-20 10:26:25.019   192   581 E NetlinkEvent: NetlinkEvent::FindParam(): Parameter 'UID' not found
03-20 10:26:25.025   192   581 E NetlinkEvent: NetlinkEvent::FindParam(): Parameter 'UID' not found
03-20 10:27:25.009   192   581 E NetlinkEvent: NetlinkEvent::FindParam(): Parameter 'UID' not found
03-20 10:27:25.014   192   581 E NetlinkEvent: NetlinkEvent::FindParam(): Parameter 'UID' not found
03-20 10:28:25.011   192   581 E NetlinkEvent: NetlinkEvent::FindParam(): Parameter 'UID' not found
03-20 10:28:25.050   192   581 E NetlinkEvent: NetlinkEvent::FindParam(): Parameter 'UID' not found
03-20 10:29:13.021   192   581 E NetlinkEvent: NetlinkEvent::FindParam(): Parameter 'UID' not found
03-20 10:29:13.038   192   581 E NetlinkEvent: NetlinkEvent::FindParam(): Parameter 'UID' not found
03-20 10:30:07.052   192   581 E NetlinkEvent: NetlinkEvent::FindParam(): Parameter 'UID' not found
03-20 10:30:25.005   192   581 E NetlinkEvent: NetlinkEvent::FindParam(): Parameter 'UID' not found
03-20 10:30:25.007   192   581 E NetlinkEvent: NetlinkEvent::FindParam(): Parameter 'UID' not found
03-20 10:30:25.043   192   581 E NetlinkEvent: NetlinkEvent::FindParam(): Parameter 'UID' not found
03-20 10:31:16.008   192   581 E NetlinkEvent: NetlinkEvent::FindParam(): Parameter 'UID' not found
03-20 10:31:16.034   192   581 E NetlinkEvent: NetlinkEvent::FindParam(): Parameter 'UID' not found
03-20 10:32:06.009   192   581 E NetlinkEvent: NetlinkEvent::FindParam(): Parameter 'UID' not found
03-20 10:32:13.006   192   581 E NetlinkEvent: NetlinkEvent::FindParam(): Parameter 'UID' not found
03-20 10:33:13.006   192   581 E NetlinkEvent: NetlinkEvent::FindParam(): Parameter 'UID' not found
03-20 10:33:13.083   192   581 E NetlinkEvent: NetlinkEvent::FindParam(): Parameter 'UID' not found
03-20 10:34:08.013   192   581 E NetlinkEvent: NetlinkEvent::FindParam(): Parameter 'UID' not found
03-20 10:34:08.030   192   581 E NetlinkEvent: NetlinkEvent::FindParam(): Parameter 'UID' not found
03-20 10:34:26.008   192   581 E NetlinkEvent: NetlinkEvent::FindParam(): Parameter 'UID' not found
03-20 10:34:26.041   192   581 E NetlinkEvent: NetlinkEvent::FindParam(): Parameter 'UID' not found
03-20 10:34:49.008   192   581 E NetlinkEvent: NetlinkEvent::FindParam(): Parameter 'UID' not found
03-20 10:34:49.081   192   581 E NetlinkEvent: NetlinkEvent::FindParam(): Parameter 'UID' not found
03-20 10:35:26.009   192   581 E NetlinkEvent: NetlinkEvent::FindParam(): Parameter 'UID' not found
03-20 10:35:55.009   192   581 E NetlinkEvent: NetlinkEvent::FindParam(): Parameter 'UID' not found
03-20 10:35:55.034   192   581 E NetlinkEvent: NetlinkEvent::FindParam(): Parameter 'UID' not found
03-20 10:35:55.083   192   581 E NetlinkEvent: NetlinkEvent::FindParam(): Parameter 'UID' not found
03-20 10:36:55.035   192   581 E NetlinkEvent: NetlinkEvent::FindParam(): Parameter 'UID' not found
03-20 10:36:55.070   192   581 E NetlinkEvent: NetlinkEvent::FindParam(): Parameter 'UID' not found
03-20 10:37:12.011   192   581 E NetlinkEvent: NetlinkEvent::FindParam(): Parameter 'UID' not found
03-20 10:37:13.140   591   605 I chatty  : uid=1000(system) ActivityManager expire 1 line
03-20 10:37:13.197   192   581 E NetlinkEvent: NetlinkEvent::FindParam(): Parameter 'UID' not found
03-20 10:37:56.010   192   581 E NetlinkEvent: NetlinkEvent::FindParam(): Parameter 'UID' not found
03-20 10:37:56.010   192   581 E NetlinkEvent: NetlinkEvent::FindParam(): Parameter 'UID' not found
03-20 10:38:24.010   192   581 E NetlinkEvent: NetlinkEvent::FindParam(): Parameter 'UID' not found
03-20 10:38:56.062   192   581 E NetlinkEvent: NetlinkEvent::FindParam(): Parameter 'UID' not found
03-20 10:39:36.008   192   581 E NetlinkEvent: NetlinkEvent::FindParam(): Parameter 'UID' not found
03-20 10:39:56.005   192   581 E NetlinkEvent: NetlinkEvent::FindParam(): Parameter 'UID' not found
03-20 10:39:56.006   192   581 E NetlinkEvent: NetlinkEvent::FindParam(): Parameter 'UID' not found
03-20 10:39:56.011   591  1131 I chatty  : uid=1000(system) Binder_7 expire 2 lines
03-20 10:39:56.040   192   581 E NetlinkEvent: NetlinkEvent::FindParam(): Parameter 'UID' not found
03-20 10:40:25.008   192   581 E NetlinkEvent: NetlinkEvent::FindParam(): Parameter 'UID' not found
03-20 10:40:25.058   192   581 E NetlinkEvent: NetlinkEvent::FindParam(): Parameter 'UID' not found
03-20 10:40:55.010   192   581 E NetlinkEvent: NetlinkEvent::FindParam(): Parameter 'UID' not found
03-20 10:40:55.057   192   581 E NetlinkEvent: NetlinkEvent::FindParam(): Parameter 'UID' not found
03-20 10:41:14.012   591 22799 I chatty  : uid=1000(system) Binder_E expire 2 lines
03-20 10:41:14.024   192   581 E NetlinkEvent: NetlinkEvent::FindParam(): Parameter 'UID' not found
03-20 10:41:14.036   192   581 E NetlinkEvent: NetlinkEvent::FindParam(): Parameter 'UID' not found
03-20 10:41:55.016   591  1305 I chatty  : uid=1000(system) Binder_A expire 2 lines
03-20 10:41:55.032   192   581 E NetlinkEvent: NetlinkEvent::FindParam(): Parameter 'UID' not found
03-20 10:41:55.034   192   581 E NetlinkEvent: NetlinkEvent::FindParam(): Parameter 'UID' not found
03-20 10:42:36.009   192   581 E NetlinkEvent: NetlinkEvent::FindParam(): Parameter 'UID' not found
03-20 10:42:36.252   192   581 E NetlinkEvent: NetlinkEvent::FindParam(): Parameter 'UID' not found
03-20 10:42:55.008   192   581 E NetlinkEvent: NetlinkEvent::FindParam(): Parameter 'UID' not found
03-20 10:42:55.042   192   581 E NetlinkEvent: NetlinkEvent::FindParam(): Parameter 'UID' not found
03-20 10:43:55.008   192   581 E NetlinkEvent: NetlinkEvent::FindParam(): Parameter 'UID' not found
03-20 10:43:55.039   192   581 E NetlinkEvent: NetlinkEvent::FindParam(): Parameter 'UID' not found
03-20 10:44:43.012   192   581 E NetlinkEvent: NetlinkEvent::FindParam(): Parameter 'UID' not found
03-20 10:44:43.128   192   581 E NetlinkEvent: NetlinkEvent::FindParam(): Parameter 'UID' not found
03-20 10:45:14.014   192   581 E NetlinkEvent: NetlinkEvent::FindParam(): Parameter 'UID' not found
03-20 10:45:14.201   192   581 E NetlinkEvent: NetlinkEvent::FindParam(): Parameter 'UID' not found
03-20 10:45:32.009   192   581 E NetlinkEvent: NetlinkEvent::FindParam(): Parameter 'UID' not found
03-20 10:45:55.006   192   581 E NetlinkEvent: NetlinkEvent::FindParam(): Parameter 'UID' not found
03-20 10:46:41.008   192   581 E NetlinkEvent: NetlinkEvent::FindParam(): Parameter 'UID' not found
03-20 10:46:55.007   192   581 E NetlinkEvent: NetlinkEvent::FindParam(): Parameter 'UID' not found
03-20 10:47:27.007   192   581 E NetlinkEvent: NetlinkEvent::FindParam(): Parameter 'UID' not found
03-20 10:47:57.006   192   581 E NetlinkEvent: NetlinkEvent::FindParam(): Parameter 'UID' not found
03-20 10:47:57.007   192   581 E NetlinkEvent: NetlinkEvent::FindParam(): Parameter 'UID' not found
03-20 10:47:57.008   192   581 E NetlinkEvent: NetlinkEvent::FindParam(): Parameter 'UID' not found
03-20 10:48:00.025   591   605 I chatty  : uid=1000(system) ActivityManager expire 5 lines
03-20 10:48:24.006   192   581 E NetlinkEvent: NetlinkEvent::FindParam(): Parameter 'UID' not found
03-20 10:48:56.006   192   581 E NetlinkEvent: NetlinkEvent::FindParam(): Parameter 'UID' not found
03-20 10:48:56.009   192   581 E NetlinkEvent: NetlinkEvent::FindParam(): Parameter 'UID' not found
03-20 10:48:56.040   192   581 E NetlinkEvent: NetlinkEvent::FindParam(): Parameter 'UID' not found
03-20 10:49:15.010   192   581 E NetlinkEvent: NetlinkEvent::FindParam(): Parameter 'UID' not found
03-20 10:49:15.022   192   581 E NetlinkEvent: NetlinkEvent::FindParam(): Parameter 'UID' not found
03-20 10:49:35.009   192   581 E NetlinkEvent: NetlinkEvent::FindParam(): Parameter 'UID' not found
03-20 10:49:55.006   192   581 E NetlinkEvent: NetlinkEvent::FindParam(): Parameter 'UID' not found
03-20 10:50:13.019   192   581 E NetlinkEvent: NetlinkEvent::FindParam(): Parameter 'UID' not found
03-20 10:50:55.009   192   581 E NetlinkEvent: NetlinkEvent::FindParam(): Parameter 'UID' not found
03-20 10:50:55.017   192   581 E NetlinkEvent: NetlinkEvent::FindParam(): Parameter 'UID' not found
03-20 10:50:55.044   192   581 E NetlinkEvent: NetlinkEvent::FindParam(): Parameter 'UID' not found
03-20 10:51:25.011   192   581 E NetlinkEvent: NetlinkEvent::FindParam(): Parameter 'UID' not found
03-20 10:51:55.010   192   581 E NetlinkEvent: NetlinkEvent::FindParam(): Parameter 'UID' not found
03-20 10:52:27.013   192   581 E NetlinkEvent: NetlinkEvent::FindParam(): Parameter 'UID' not found
03-20 10:52:55.009   192   581 E NetlinkEvent: NetlinkEvent::FindParam(): Parameter 'UID' not found
03-20 10:52:55.016   192   581 E NetlinkEvent: NetlinkEvent::FindParam(): Parameter 'UID' not found
03-20 10:52:55.023   192   581 E NetlinkEvent: NetlinkEvent::FindParam(): Parameter 'UID' not found
03-20 10:53:15.009   192   581 E NetlinkEvent: NetlinkEvent::FindParam(): Parameter 'UID' not found
03-20 10:53:15.079   192   581 E NetlinkEvent: NetlinkEvent::FindParam(): Parameter 'UID' not found
03-20 10:53:40.009   192   581 E NetlinkEvent: NetlinkEvent::FindParam(): Parameter 'UID' not found
03-20 10:53:55.007   192   581 E NetlinkEvent: NetlinkEvent::FindParam(): Parameter 'UID' not found
03-20 10:53:55.064   192   581 E NetlinkEvent: NetlinkEvent::FindParam(): Parameter 'UID' not found
03-20 10:53:55.089   192   581 E NetlinkEvent: NetlinkEvent::FindParam(): Parameter 'UID' not found
03-20 10:54:55.008   192   581 E NetlinkEvent: NetlinkEvent::FindParam(): Parameter 'UID' not found
03-20 10:54:55.010   192   581 E NetlinkEvent: NetlinkEvent::FindParam(): Parameter 'UID' not found
03-20 10:55:31.006   192   581 E NetlinkEvent: NetlinkEvent::FindParam(): Parameter 'UID' not found
03-20 10:55:55.007   192   581 E NetlinkEvent: NetlinkEvent::FindParam(): Parameter 'UID' not found
03-20 10:55:55.012   192   581 E NetlinkEvent: NetlinkEvent::FindParam(): Parameter 'UID' not found
03-20 10:55:55.040   192   581 E NetlinkEvent: NetlinkEvent::FindParam(): Parameter 'UID' not found
03-20 10:56:15.005   192   581 E NetlinkEvent: NetlinkEvent::FindParam(): Parameter 'UID' not found
03-20 10:56:24.010   192   581 E NetlinkEvent: NetlinkEvent::FindParam(): Parameter 'UID' not found
03-20 10:56:55.006   192   581 E NetlinkEvent: NetlinkEvent::FindParam(): Parameter 'UID' not found
03-20 10:56:55.060   192   581 E NetlinkEvent: NetlinkEvent::FindParam(): Parameter 'UID' not found
03-20 10:57:16.009   192   581 E NetlinkEvent: NetlinkEvent::FindParam(): Parameter 'UID' not found
03-20 10:57:16.023   192   581 E NetlinkEvent: NetlinkEvent::FindParam(): Parameter 'UID' not found
03-20 10:57:56.009   192   581 E NetlinkEvent: NetlinkEvent::FindParam(): Parameter 'UID' not found
03-20 10:57:56.041   192   581 E NetlinkEvent: NetlinkEvent::FindParam(): Parameter 'UID' not found
03-20 10:58:15.011   192   581 E NetlinkEvent: NetlinkEvent::FindParam(): Parameter 'UID' not found
03-20 10:58:15.012   591 28378 I chatty  : uid=1000(system) Binder_10 expire 2 lines
03-20 10:58:56.008   591  1119 I chatty  : uid=1000(system) Binder_5 expire 3 lines
03-20 10:58:56.008   192   581 E NetlinkEvent: NetlinkEvent::FindParam(): Parameter 'UID' not found
03-20 10:58:56.010   192   581 E NetlinkEvent: NetlinkEvent::FindParam(): Parameter 'UID' not found
03-20 10:58:56.039   192   581 E NetlinkEvent: NetlinkEvent::FindParam(): Parameter 'UID' not found
03-20 10:59:38.008   192   581 E NetlinkEvent: NetlinkEvent::FindParam(): Parameter 'UID' not found
03-20 10:59:38.017   192   581 E NetlinkEvent: NetlinkEvent::FindParam(): Parameter 'UID' not found
03-20 10:59:55.007   192   581 E NetlinkEvent: NetlinkEvent::FindParam(): Parameter 'UID' not found
03-20 10:59:55.026   192   581 E NetlinkEvent: NetlinkEvent::FindParam(): Parameter 'UID' not found
03-20 11:00:13.010   192   581 E NetlinkEvent: NetlinkEvent::FindParam(): Parameter 'UID' not found
03-20 11:00:18.011   192   581 E NetlinkEvent: NetlinkEvent::FindParam(): Parameter 'UID' not found
03-20 11:00:55.011   192   581 E NetlinkEvent: NetlinkEvent::FindParam(): Parameter 'UID' not found
03-20 11:00:55.045   192   581 E NetlinkEvent: NetlinkEvent::FindParam(): Parameter 'UID' not found
03-20 11:01:16.041   192   581 E NetlinkEvent: NetlinkEvent::FindParam(): Parameter 'UID' not found
03-20 11:01:16.067   192   581 E NetlinkEvent: NetlinkEvent::FindParam(): Parameter 'UID' not found
03-20 11:01:51.005   192   581 E NetlinkEvent: NetlinkEvent::FindParam(): Parameter 'UID' not found
03-20 11:01:55.005   192   581 E NetlinkEvent: NetlinkEvent::FindParam(): Parameter 'UID' not found
03-20 11:02:55.011   192   581 E NetlinkEvent: NetlinkEvent::FindParam(): Parameter 'UID' not found
03-20 11:03:40.006   192   581 E NetlinkEvent: NetlinkEvent::FindParam(): Parameter 'UID' not found
03-20 11:04:26.014   192   581 E NetlinkEvent: NetlinkEvent::FindParam(): Parameter 'UID' not found
03-20 11:04:50.011   192   581 E NetlinkEvent: NetlinkEvent::FindParam(): Parameter 'UID' not found
03-20 11:05:17.008   192   581 E NetlinkEvent: NetlinkEvent::FindParam(): Parameter 'UID' not found
03-20 11:05:17.024   192   581 E NetlinkEvent: NetlinkEvent::FindParam(): Parameter 'UID' not found
03-20 11:05:55.014   192   581 E NetlinkEvent: NetlinkEvent::FindParam(): Parameter 'UID' not found
03-20 11:05:55.036   192   581 E NetlinkEvent: NetlinkEvent::FindParam(): Parameter 'UID' not found
03-20 11:06:27.013   192   581 E NetlinkEvent: NetlinkEvent::FindParam(): Parameter 'UID' not found
03-20 11:06:27.027   192   581 E NetlinkEvent: NetlinkEvent::FindParam(): Parameter 'UID' not found
03-20 11:06:44.009   192   581 E NetlinkEvent: NetlinkEvent::FindParam(): Parameter 'UID' not found
03-20 11:06:56.007   192   581 E NetlinkEvent: NetlinkEvent::FindParam(): Parameter 'UID' not found
03-20 11:07:28.009   192   581 E NetlinkEvent: NetlinkEvent::FindParam(): Parameter 'UID' not found
03-20 11:07:51.007   192   581 E NetlinkEvent: NetlinkEvent::FindParam(): Parameter 'UID' not found
03-20 11:08:30.009   591 22797 I chatty  : uid=1000(system) Binder_D expire 1 line
03-20 11:08:30.010   192   581 E NetlinkEvent: NetlinkEvent::FindParam(): Parameter 'UID' not found
03-20 11:08:30.058   192   581 E NetlinkEvent: NetlinkEvent::FindParam(): Parameter 'UID' not found
03-20 11:09:17.012   192   581 E NetlinkEvent: NetlinkEvent::FindParam(): Parameter 'UID' not found
03-20 11:09:17.070   192   581 E NetlinkEvent: NetlinkEvent::FindParam(): Parameter 'UID' not found
03-20 11:09:50.008   192   581 E NetlinkEvent: NetlinkEvent::FindParam(): Parameter 'UID' not found
03-20 11:09:55.007   192   581 E NetlinkEvent: NetlinkEvent::FindParam(): Parameter 'UID' not found
03-20 11:10:26.008   192   581 E NetlinkEvent: NetlinkEvent::FindParam(): Parameter 'UID' not found
03-20 11:10:55.007   192   581 E NetlinkEvent: NetlinkEvent::FindParam(): Parameter 'UID' not found
03-20 11:11:16.010   192   581 E NetlinkEvent: NetlinkEvent::FindParam(): Parameter 'UID' not found
03-20 11:11:16.018   192   581 E NetlinkEvent: NetlinkEvent::FindParam(): Parameter 'UID' not found
03-20 11:11:26.013   591  1137 I chatty  : uid=1000(system) Binder_9 expire 2 lines
03-20 11:11:30.012   591   605 I chatty  : uid=1000(system) ActivityManager expire 4 lines
03-20 11:11:43.007   192   581 E NetlinkEvent: NetlinkEvent::FindParam(): Parameter 'UID' not found
03-20 11:11:55.006   192   581 E NetlinkEvent: NetlinkEvent::FindParam(): Parameter 'UID' not found
03-20 11:12:29.008   192   581 E NetlinkEvent: NetlinkEvent::FindParam(): Parameter 'UID' not found
03-20 11:12:55.008   192   581 E NetlinkEvent: NetlinkEvent::FindParam(): Parameter 'UID' not found
03-20 11:13:41.011   192   581 E NetlinkEvent: NetlinkEvent::FindParam(): Parameter 'UID' not found
03-20 11:13:55.009   192   581 E NetlinkEvent: NetlinkEvent::FindParam(): Parameter 'UID' not found
03-20 11:14:11.011   192   581 E NetlinkEvent: NetlinkEvent::FindParam(): Parameter 'UID' not found
03-20 11:14:20.008   192   581 E NetlinkEvent: NetlinkEvent::FindParam(): Parameter 'UID' not found
03-20 11:14:26.008   192   581 E NetlinkEvent: NetlinkEvent::FindParam(): Parameter 'UID' not found
03-20 11:14:43.115   192   581 E NetlinkEvent: NetlinkEvent::FindParam(): Parameter 'UID' not found
03-20 11:15:26.014   192   581 E NetlinkEvent: NetlinkEvent::FindParam(): Parameter 'UID' not found
03-20 11:15:55.010   192   581 E NetlinkEvent: NetlinkEvent::FindParam(): Parameter 'UID' not found
03-20 11:15:55.016   192   581 E NetlinkEvent: NetlinkEvent::FindParam(): Parameter 'UID' not found
03-20 11:15:55.042   192   581 E NetlinkEvent: NetlinkEvent::FindParam(): Parameter 'UID' not found
03-20 11:16:11.014   192   581 E NetlinkEvent: NetlinkEvent::FindParam(): Parameter 'UID' not found
03-20 11:16:56.012   192   581 E NetlinkEvent: NetlinkEvent::FindParam(): Parameter 'UID' not found
03-20 11:17:18.038   192   581 E NetlinkEvent: NetlinkEvent::FindParam(): Parameter 'UID' not found
03-20 11:17:18.133   192   581 E NetlinkEvent: NetlinkEvent::FindParam(): Parameter 'UID' not found
03-20 11:17:35.010   192   581 E NetlinkEvent: NetlinkEvent::FindParam(): Parameter 'UID' not found
03-20 11:17:56.006   192   581 E NetlinkEvent: NetlinkEvent::FindParam(): Parameter 'UID' not found
03-20 11:18:20.009   192   581 E NetlinkEvent: NetlinkEvent::FindParam(): Parameter 'UID' not found
03-20 11:18:27.007   192   581 E NetlinkEvent: NetlinkEvent::FindParam(): Parameter 'UID' not found
03-20 11:18:55.008   192   581 E NetlinkEvent: NetlinkEvent::FindParam(): Parameter 'UID' not found
03-20 11:18:55.047   192   581 E NetlinkEvent: NetlinkEvent::FindParam(): Parameter 'UID' not found
03-20 11:19:55.008   192   581 E NetlinkEvent: NetlinkEvent::FindParam(): Parameter 'UID' not found
03-20 11:19:55.049   192   581 E NetlinkEvent: NetlinkEvent::FindParam(): Parameter 'UID' not found
03-20 11:20:18.011   192   581 E NetlinkEvent: NetlinkEvent::FindParam(): Parameter 'UID' not found
03-20 11:20:57.006   192   581 E NetlinkEvent: NetlinkEvent::FindParam(): Parameter 'UID' not found
03-20 11:21:16.006   192   581 E NetlinkEvent: NetlinkEvent::FindParam(): Parameter 'UID' not found
03-20 11:21:16.022   192   581 E NetlinkEvent: NetlinkEvent::FindParam(): Parameter 'UID' not found
03-20 11:21:35.008   192   581 E NetlinkEvent: NetlinkEvent::FindParam(): Parameter 'UID' not found
03-20 11:21:35.020   192   581 E NetlinkEvent: NetlinkEvent::FindParam(): Parameter 'UID' not found
03-20 11:21:55.008   192   581 E NetlinkEvent: NetlinkEvent::FindParam(): Parameter 'UID' not found
03-20 11:21:55.041   192   581 E NetlinkEvent: NetlinkEvent::FindParam(): Parameter 'UID' not found
03-20 11:22:10.006   192   581 E NetlinkEvent: NetlinkEvent::FindParam(): Parameter 'UID' not found
03-20 11:22:55.006   192   581 E NetlinkEvent: NetlinkEvent::FindParam(): Parameter 'UID' not found
03-20 11:23:47.009   192   581 E NetlinkEvent: NetlinkEvent::FindParam(): Parameter 'UID' not found
03-20 11:23:55.006   192   581 E NetlinkEvent: NetlinkEvent::FindParam(): Parameter 'UID' not found
03-20 11:24:26.007   192   581 E NetlinkEvent: NetlinkEvent::FindParam(): Parameter 'UID' not found
03-20 11:24:42.008   192   581 E NetlinkEvent: NetlinkEvent::FindParam(): Parameter 'UID' not found
03-20 11:25:13.025   591   591 I chatty  : uid=1000 system_server expire 2 lines
03-20 11:25:35.008   192   581 E NetlinkEvent: NetlinkEvent::FindParam(): Parameter 'UID' not found
03-20 11:25:35.060   192   581 E NetlinkEvent: NetlinkEvent::FindParam(): Parameter 'UID' not found
03-20 11:26:15.010   192   581 E NetlinkEvent: NetlinkEvent::FindParam(): Parameter 'UID' not found
03-20 11:26:16.005   192   581 E NetlinkEvent: NetlinkEvent::FindParam(): Parameter 'UID' not found
03-20 11:26:34.009   192   581 E NetlinkEvent: NetlinkEvent::FindParam(): Parameter 'UID' not found
03-20 11:26:56.007   192   581 E NetlinkEvent: NetlinkEvent::FindParam(): Parameter 'UID' not found
03-20 11:27:28.008   192   581 E NetlinkEvent: NetlinkEvent::FindParam(): Parameter 'UID' not found
03-20 11:27:56.007   192   581 E NetlinkEvent: NetlinkEvent::FindParam(): Parameter 'UID' not found
03-20 11:27:56.008   192   581 E NetlinkEvent: NetlinkEvent::FindParam(): Parameter 'UID' not found
03-20 11:27:56.014   192   581 E NetlinkEvent: NetlinkEvent::FindParam(): Parameter 'UID' not found
03-20 11:28:30.012   192   581 E NetlinkEvent: NetlinkEvent::FindParam(): Parameter 'UID' not found
03-20 11:28:55.008   192   581 E NetlinkEvent: NetlinkEvent::FindParam(): Parameter 'UID' not found
03-20 11:29:10.008   192   581 E NetlinkEvent: NetlinkEvent::FindParam(): Parameter 'UID' not found
03-20 11:29:10.028   192   581 E NetlinkEvent: NetlinkEvent::FindParam(): Parameter 'UID' not found
03-20 11:29:28.008   192   581 E NetlinkEvent: NetlinkEvent::FindParam(): Parameter 'UID' not found
03-20 11:29:36.020   192   581 E NetlinkEvent: NetlinkEvent::FindParam(): Parameter 'UID' not found
03-20 11:30:08.016   192   581 E NetlinkEvent: NetlinkEvent::FindParam(): Parameter 'UID' not found
03-20 11:30:25.008   192   581 E NetlinkEvent: NetlinkEvent::FindParam(): Parameter 'UID' not found
03-20 11:30:25.010   192   581 E NetlinkEvent: NetlinkEvent::FindParam(): Parameter 'UID' not found
03-20 11:30:25.012   192   581 E NetlinkEvent: NetlinkEvent::FindParam(): Parameter 'UID' not found
03-20 11:30:55.009   192   581 E NetlinkEvent: NetlinkEvent::FindParam(): Parameter 'UID' not found
03-20 11:31:17.032   192   581 E NetlinkEvent: NetlinkEvent::FindParam(): Parameter 'UID' not found
03-20 11:31:43.009   192   581 E NetlinkEvent: NetlinkEvent::FindParam(): Parameter 'UID' not found
03-20 11:32:26.007   192   581 E NetlinkEvent: NetlinkEvent::FindParam(): Parameter 'UID' not found
03-20 11:32:43.007   192   581 E NetlinkEvent: NetlinkEvent::FindParam(): Parameter 'UID' not found
03-20 11:32:44.007   192   581 E NetlinkEvent: NetlinkEvent::FindParam(): Parameter 'UID' not found
03-20 11:33:12.008   192   581 E NetlinkEvent: NetlinkEvent::FindParam(): Parameter 'UID' not found
03-20 11:33:25.004   192   581 E NetlinkEvent: NetlinkEvent::FindParam(): Parameter 'UID' not found
03-20 11:33:56.006   192   581 E NetlinkEvent: NetlinkEvent::FindParam(): Parameter 'UID' not found
03-20 11:34:25.008   192   581 E NetlinkEvent: NetlinkEvent::FindParam(): Parameter 'UID' not found
03-20 11:34:25.009   192   581 E NetlinkEvent: NetlinkEvent::FindParam(): Parameter 'UID' not found
03-20 11:34:25.045   192   581 E NetlinkEvent: NetlinkEvent::FindParam(): Parameter 'UID' not found
03-20 11:34:48.008   192   581 E NetlinkEvent: NetlinkEvent::FindParam(): Parameter 'UID' not found
03-20 11:34:48.110   192   581 E NetlinkEvent: NetlinkEvent::FindParam(): Parameter 'UID' not found
03-20 11:35:04.006   192   581 E NetlinkEvent: NetlinkEvent::FindParam(): Parameter 'UID' not found
03-20 11:35:25.007   192   581 E NetlinkEvent: NetlinkEvent::FindParam(): Parameter 'UID' not found
03-20 11:35:46.006   192   581 E NetlinkEvent: NetlinkEvent::FindParam(): Parameter 'UID' not found
03-20 11:36:00.008   192   581 E NetlinkEvent: NetlinkEvent::FindParam(): Parameter 'UID' not found
03-20 11:36:57.010   192   581 E NetlinkEvent: NetlinkEvent::FindParam(): Parameter 'UID' not found
03-20 11:37:14.080   192   581 E NetlinkEvent: NetlinkEvent::FindParam(): Parameter 'UID' not found
03-20 11:37:25.006   591   725 I chatty  : uid=1000(system) Binder_3 expire 3 lines
03-20 11:38:04.014   192   581 E NetlinkEvent: NetlinkEvent::FindParam(): Parameter 'UID' not found
03-20 11:38:04.070   192   581 E NetlinkEvent: NetlinkEvent::FindParam(): Parameter 'UID' not found
03-20 11:38:28.010   192   581 E NetlinkEvent: NetlinkEvent::FindParam(): Parameter 'UID' not found
03-20 11:38:55.011   192   581 E NetlinkEvent: NetlinkEvent::FindParam(): Parameter 'UID' not found
03-20 11:38:55.017   192   581 E NetlinkEvent: NetlinkEvent::FindParam(): Parameter 'UID' not found
03-20 11:38:55.330   192   581 E NetlinkEvent: NetlinkEvent::FindParam(): Parameter 'UID' not found
03-20 11:39:12.013   192   581 E NetlinkEvent: NetlinkEvent::FindParam(): Parameter 'UID' not found
03-20 11:39:55.008   192   581 E NetlinkEvent: NetlinkEvent::FindParam(): Parameter 'UID' not found
03-20 11:40:23.007   192   581 E NetlinkEvent: NetlinkEvent::FindParam(): Parameter 'UID' not found
03-20 11:40:55.005   192   581 E NetlinkEvent: NetlinkEvent::FindParam(): Parameter 'UID' not found
03-20 11:41:16.007   192   581 E NetlinkEvent: NetlinkEvent::FindParam(): Parameter 'UID' not found
03-20 11:41:16.020   192   581 E NetlinkEvent: NetlinkEvent::FindParam(): Parameter 'UID' not found
03-20 11:41:37.008   192   581 E NetlinkEvent: NetlinkEvent::FindParam(): Parameter 'UID' not found
03-20 11:41:37.051   192   581 E NetlinkEvent: NetlinkEvent::FindParam(): Parameter 'UID' not found
03-20 11:42:20.008   192   581 E NetlinkEvent: NetlinkEvent::FindParam(): Parameter 'UID' not found
03-20 11:42:55.006   192   581 E NetlinkEvent: NetlinkEvent::FindParam(): Parameter 'UID' not found
03-20 11:43:25.006   192   581 E NetlinkEvent: NetlinkEvent::FindParam(): Parameter 'UID' not found
03-20 11:43:55.008   192   581 E NetlinkEvent: NetlinkEvent::FindParam(): Parameter 'UID' not found
03-20 11:43:55.009   192   581 E NetlinkEvent: NetlinkEvent::FindParam(): Parameter 'UID' not found
03-20 11:43:55.042   192   581 E NetlinkEvent: NetlinkEvent::FindParam(): Parameter 'UID' not found
03-20 11:44:43.009   192   581 E NetlinkEvent: NetlinkEvent::FindParam(): Parameter 'UID' not found
03-20 11:44:43.106   192   581 E NetlinkEvent: NetlinkEvent::FindParam(): Parameter 'UID' not found
03-20 11:45:28.009   192   581 E NetlinkEvent: NetlinkEvent::FindParam(): Parameter 'UID' not found
03-20 11:45:38.021   192   581 E NetlinkEvent: NetlinkEvent::FindParam(): Parameter 'UID' not found
03-20 11:45:54.005   192   581 E NetlinkEvent: NetlinkEvent::FindParam(): Parameter 'UID' not found
03-20 11:45:56.008   192   581 E NetlinkEvent: NetlinkEvent::FindParam(): Parameter 'UID' not found
03-20 11:46:56.008   192   581 E NetlinkEvent: NetlinkEvent::FindParam(): Parameter 'UID' not found
03-20 11:46:56.048   192   581 E NetlinkEvent: NetlinkEvent::FindParam(): Parameter 'UID' not found
03-20 11:47:49.008   192   581 E NetlinkEvent: NetlinkEvent::FindParam(): Parameter 'UID' not found
03-20 11:47:55.004   192   581 E NetlinkEvent: NetlinkEvent::FindParam(): Parameter 'UID' not found
03-20 11:48:55.006   192   581 E NetlinkEvent: NetlinkEvent::FindParam(): Parameter 'UID' not found
03-20 11:48:55.046   192   581 E NetlinkEvent: NetlinkEvent::FindParam(): Parameter 'UID' not found
03-20 11:49:18.009   192   581 E NetlinkEvent: NetlinkEvent::FindParam(): Parameter 'UID' not found
03-20 11:49:36.007   192   581 E NetlinkEvent: NetlinkEvent::FindParam(): Parameter 'UID' not found
03-20 11:49:55.013   192   581 E NetlinkEvent: NetlinkEvent::FindParam(): Parameter 'UID' not found
03-20 11:49:55.054   192   581 E NetlinkEvent: NetlinkEvent::FindParam(): Parameter 'UID' not found
03-20 11:50:11.028   192   581 E NetlinkEvent: NetlinkEvent::FindParam(): Parameter 'UID' not found
03-20 11:50:55.010   192   581 E NetlinkEvent: NetlinkEvent::FindParam(): Parameter 'UID' not found
03-20 11:51:17.035   192   581 E NetlinkEvent: NetlinkEvent::FindParam(): Parameter 'UID' not found
03-20 11:51:17.091   192   581 E NetlinkEvent: NetlinkEvent::FindParam(): Parameter 'UID' not found
03-20 11:51:55.005   192   581 E NetlinkEvent: NetlinkEvent::FindParam(): Parameter 'UID' not found
03-20 11:51:55.087   192   581 E NetlinkEvent: NetlinkEvent::FindParam(): Parameter 'UID' not found
03-20 11:52:10.008   192   581 E NetlinkEvent: NetlinkEvent::FindParam(): Parameter 'UID' not found
03-20 11:52:55.006   192   581 E NetlinkEvent: NetlinkEvent::FindParam(): Parameter 'UID' not found
03-20 11:53:11.008   192   581 E NetlinkEvent: NetlinkEvent::FindParam(): Parameter 'UID' not found
03-20 11:53:39.015   192   581 E NetlinkEvent: NetlinkEvent::FindParam(): Parameter 'UID' not found
03-20 11:53:55.008   192   581 E NetlinkEvent: NetlinkEvent::FindParam(): Parameter 'UID' not found
03-20 11:53:55.041   192   581 E NetlinkEvent: NetlinkEvent::FindParam(): Parameter 'UID' not found
03-20 11:54:11.010   192   581 E NetlinkEvent: NetlinkEvent::FindParam(): Parameter 'UID' not found
03-20 11:54:43.109   192   581 E NetlinkEvent: NetlinkEvent::FindParam(): Parameter 'UID' not found
03-20 11:55:38.018   192   581 E NetlinkEvent: NetlinkEvent::FindParam(): Parameter 'UID' not found
03-20 11:55:53.410   192   581 E NetlinkEvent: NetlinkEvent::FindParam(): Parameter 'UID' not found
03-20 11:56:09.393   591  1305 I chatty  : uid=1000(system) Binder_A expire 1 line
03-20 11:56:29.013   192   581 E NetlinkEvent: NetlinkEvent::FindParam(): Parameter 'UID' not found
03-20 11:56:56.008   192   581 E NetlinkEvent: NetlinkEvent::FindParam(): Parameter 'UID' not found
03-20 11:57:29.011   192   581 E NetlinkEvent: NetlinkEvent::FindParam(): Parameter 'UID' not found
03-20 11:57:40.035   192   581 E NetlinkEvent: NetlinkEvent::FindParam(): Parameter 'UID' not found
03-20 11:58:14.008   192   581 E NetlinkEvent: NetlinkEvent::FindParam(): Parameter 'UID' not found
03-20 11:58:55.007   192   581 E NetlinkEvent: NetlinkEvent::FindParam(): Parameter 'UID' not found
03-20 11:59:10.007   192   581 E NetlinkEvent: NetlinkEvent::FindParam(): Parameter 'UID' not found
03-20 11:59:56.006   192   581 E NetlinkEvent: NetlinkEvent::FindParam(): Parameter 'UID' not found
03-20 11:59:56.008   192   581 E NetlinkEvent: NetlinkEvent::FindParam(): Parameter 'UID' not found
03-20 11:59:56.008   192   581 E NetlinkEvent: NetlinkEvent::FindParam(): Parameter 'UID' not found
03-20 12:00:29.008   192   581 E NetlinkEvent: NetlinkEvent::FindParam(): Parameter 'UID' not found
03-20 12:00:33.007   192   581 E NetlinkEvent: NetlinkEvent::FindParam(): Parameter 'UID' not found
03-20 12:01:10.006   192   581 E NetlinkEvent: NetlinkEvent::FindParam(): Parameter 'UID' not found
03-20 12:01:16.023   192   581 E NetlinkEvent: NetlinkEvent::FindParam(): Parameter 'UID' not found
03-20 12:01:32.005   192   581 E NetlinkEvent: NetlinkEvent::FindParam(): Parameter 'UID' not found
03-20 12:01:33.007   192   581 E NetlinkEvent: NetlinkEvent::FindParam(): Parameter 'UID' not found
03-20 12:02:11.009   192   581 E NetlinkEvent: NetlinkEvent::FindParam(): Parameter 'UID' not found
03-20 12:02:20.007   192   581 E NetlinkEvent: NetlinkEvent::FindParam(): Parameter 'UID' not found
03-20 12:02:25.030   591   605 I chatty  : uid=1000(system) ActivityManager expire 5 lines
03-20 12:02:29.008   192   581 E NetlinkEvent: NetlinkEvent::FindParam(): Parameter 'UID' not found
03-20 12:02:33.006   192   581 E NetlinkEvent: NetlinkEvent::FindParam(): Parameter 'UID' not found
03-20 12:02:49.008   192   581 E NetlinkEvent: NetlinkEvent::FindParam(): Parameter 'UID' not found
03-20 12:02:55.006   192   581 E NetlinkEvent: NetlinkEvent::FindParam(): Parameter 'UID' not found
03-20 12:03:16.009   192   581 E NetlinkEvent: NetlinkEvent::FindParam(): Parameter 'UID' not found
03-20 12:03:29.008   192   581 E NetlinkEvent: NetlinkEvent::FindParam(): Parameter 'UID' not found
03-20 12:04:00.009   192   581 E NetlinkEvent: NetlinkEvent::FindParam(): Parameter 'UID' not found
03-20 12:04:25.008   192   581 E NetlinkEvent: NetlinkEvent::FindParam(): Parameter 'UID' not found
03-20 12:04:40.009   192   581 E NetlinkEvent: NetlinkEvent::FindParam(): Parameter 'UID' not found
03-20 12:04:50.014   192   581 E NetlinkEvent: NetlinkEvent::FindParam(): Parameter 'UID' not found
03-20 12:05:25.009   192   581 E NetlinkEvent: NetlinkEvent::FindParam(): Parameter 'UID' not found
03-20 12:05:25.049   192   581 E NetlinkEvent: NetlinkEvent::FindParam(): Parameter 'UID' not found
03-20 12:05:46.009   192   581 E NetlinkEvent: NetlinkEvent::FindParam(): Parameter 'UID' not found
03-20 12:05:46.079   192   581 E NetlinkEvent: NetlinkEvent::FindParam(): Parameter 'UID' not found
03-20 12:06:16.008   192   581 E NetlinkEvent: NetlinkEvent::FindParam(): Parameter 'UID' not found
03-20 12:06:25.006   192   581 E NetlinkEvent: NetlinkEvent::FindParam(): Parameter 'UID' not found
03-20 12:07:19.009   192   581 E NetlinkEvent: NetlinkEvent::FindParam(): Parameter 'UID' not found
03-20 12:07:25.007   192   581 E NetlinkEvent: NetlinkEvent::FindParam(): Parameter 'UID' not found
03-20 12:07:43.009   192   581 E NetlinkEvent: NetlinkEvent::FindParam(): Parameter 'UID' not found
03-20 12:08:15.065   192   581 E NetlinkEvent: NetlinkEvent::FindParam(): Parameter 'UID' not found
03-20 12:08:52.010   192   581 E NetlinkEvent: NetlinkEvent::FindParam(): Parameter 'UID' not found
03-20 12:09:06.006   192   581 E NetlinkEvent: NetlinkEvent::FindParam(): Parameter 'UID' not found
03-20 12:09:22.010   192   581 E NetlinkEvent: NetlinkEvent::FindParam(): Parameter 'UID' not found
03-20 12:09:25.008   192   581 E NetlinkEvent: NetlinkEvent::FindParam(): Parameter 'UID' not found
03-20 12:09:47.008   192   581 E NetlinkEvent: NetlinkEvent::FindParam(): Parameter 'UID' not found
03-20 12:09:55.059   192   581 E NetlinkEvent: NetlinkEvent::FindParam(): Parameter 'UID' not found
03-20 12:10:42.005   591 22911 I chatty  : uid=1000(system) Binder_F expire 1 line
03-20 12:10:42.007   192   581 E NetlinkEvent: NetlinkEvent::FindParam(): Parameter 'UID' not found
03-20 12:11:09.009   192   581 E NetlinkEvent: NetlinkEvent::FindParam(): Parameter 'UID' not found
03-20 12:12:24.009   192   581 E NetlinkEvent: NetlinkEvent::FindParam(): Parameter 'UID' not found
03-20 12:12:25.009   192   581 E NetlinkEvent: NetlinkEvent::FindParam(): Parameter 'UID' not found
03-20 12:13:00.008   192   581 E NetlinkEvent: NetlinkEvent::FindParam(): Parameter 'UID' not found
03-20 12:13:25.006   192   581 E NetlinkEvent: NetlinkEvent::FindParam(): Parameter 'UID' not found
03-20 12:13:43.009   192   581 E NetlinkEvent: NetlinkEvent::FindParam(): Parameter 'UID' not found
03-20 12:13:43.037   192   581 E NetlinkEvent: NetlinkEvent::FindParam(): Parameter 'UID' not found
03-20 12:14:15.006   192   581 E NetlinkEvent: NetlinkEvent::FindParam(): Parameter 'UID' not found
03-20 12:14:25.006   192   581 E NetlinkEvent: NetlinkEvent::FindParam(): Parameter 'UID' not found
03-20 12:14:44.009   192   581 E NetlinkEvent: NetlinkEvent::FindParam(): Parameter 'UID' not found
03-20 12:14:44.012   192   581 E NetlinkEvent: NetlinkEvent::FindParam(): Parameter 'UID' not found
03-20 12:15:14.009   192   581 E NetlinkEvent: NetlinkEvent::FindParam(): Parameter 'UID' not found
03-20 12:15:25.008   192   581 E NetlinkEvent: NetlinkEvent::FindParam(): Parameter 'UID' not found
03-20 12:15:48.009   192   581 E NetlinkEvent: NetlinkEvent::FindParam(): Parameter 'UID' not found
03-20 12:16:25.006   192   581 E NetlinkEvent: NetlinkEvent::FindParam(): Parameter 'UID' not found
03-20 12:16:46.006   192   581 E NetlinkEvent: NetlinkEvent::FindParam(): Parameter 'UID' not found
03-20 12:17:25.006   192   581 E NetlinkEvent: NetlinkEvent::FindParam(): Parameter 'UID' not found
03-20 12:17:42.010   192   581 E NetlinkEvent: NetlinkEvent::FindParam(): Parameter 'UID' not found
03-20 12:17:56.077   192   581 E NetlinkEvent: NetlinkEvent::FindParam(): Parameter 'UID' not found
03-20 12:18:28.006   192   581 E NetlinkEvent: NetlinkEvent::FindParam(): Parameter 'UID' not found
03-20 12:18:55.008   192   581 E NetlinkEvent: NetlinkEvent::FindParam(): Parameter 'UID' not found
03-20 12:18:55.010   192   581 E NetlinkEvent: NetlinkEvent::FindParam(): Parameter 'UID' not found
03-20 12:18:55.096   192   581 E NetlinkEvent: NetlinkEvent::FindParam(): Parameter 'UID' not found
03-20 12:19:18.011   192   581 E NetlinkEvent: NetlinkEvent::FindParam(): Parameter 'UID' not found
03-20 12:19:55.008   192   581 E NetlinkEvent: NetlinkEvent::FindParam(): Parameter 'UID' not found
03-20 12:20:13.009   192   581 E NetlinkEvent: NetlinkEvent::FindParam(): Parameter 'UID' not found
03-20 12:20:30.041   192   581 E NetlinkEvent: NetlinkEvent::FindParam(): Parameter 'UID' not found
03-20 12:20:55.011   192   581 E NetlinkEvent: NetlinkEvent::FindParam(): Parameter 'UID' not found
03-20 12:20:55.045   192   581 E NetlinkEvent: NetlinkEvent::FindParam(): Parameter 'UID' not found
03-20 12:21:36.010   192   581 E NetlinkEvent: NetlinkEvent::FindParam(): Parameter 'UID' not found
03-20 12:21:37.007   192   581 E NetlinkEvent: NetlinkEvent::FindParam(): Parameter 'UID' not found
03-20 12:21:55.008   192   581 E NetlinkEvent: NetlinkEvent::FindParam(): Parameter 'UID' not found
03-20 12:21:57.027   192   581 E NetlinkEvent: NetlinkEvent::FindParam(): Parameter 'UID' not found
03-20 12:22:13.009   192   581 E NetlinkEvent: NetlinkEvent::FindParam(): Parameter 'UID' not found
03-20 12:22:55.008   192   581 E NetlinkEvent: NetlinkEvent::FindParam(): Parameter 'UID' not found
03-20 12:23:28.014   192   581 E NetlinkEvent: NetlinkEvent::FindParam(): Parameter 'UID' not found
03-20 12:23:56.008   192   581 E NetlinkEvent: NetlinkEvent::FindParam(): Parameter 'UID' not found
03-20 12:24:13.011   192   581 E NetlinkEvent: NetlinkEvent::FindParam(): Parameter 'UID' not found
03-20 12:24:23.007   192   581 E NetlinkEvent: NetlinkEvent::FindParam(): Parameter 'UID' not found
03-20 12:24:39.013   192   581 E NetlinkEvent: NetlinkEvent::FindParam(): Parameter 'UID' not found
03-20 12:24:43.166   192   581 E NetlinkEvent: NetlinkEvent::FindParam(): Parameter 'UID' not found
03-20 12:25:31.007   192   581 E NetlinkEvent: NetlinkEvent::FindParam(): Parameter 'UID' not found
03-20 12:25:32.006   192   581 E NetlinkEvent: NetlinkEvent::FindParam(): Parameter 'UID' not found
03-20 12:25:50.005   192   581 E NetlinkEvent: NetlinkEvent::FindParam(): Parameter 'UID' not found
03-20 12:25:56.005   192   581 E NetlinkEvent: NetlinkEvent::FindParam(): Parameter 'UID' not found
03-20 12:26:31.009   192   581 E NetlinkEvent: NetlinkEvent::FindParam(): Parameter 'UID' not found
03-20 12:26:55.008   192   581 E NetlinkEvent: NetlinkEvent::FindParam(): Parameter 'UID' not found
03-20 12:26:55.015   192   581 E NetlinkEvent: NetlinkEvent::FindParam(): Parameter 'UID' not found
03-20 12:26:55.101   192   581 E NetlinkEvent: NetlinkEvent::FindParam(): Parameter 'UID' not found
03-20 12:27:26.016   192   581 E NetlinkEvent: NetlinkEvent::FindParam(): Parameter 'UID' not found
03-20 12:27:55.028   192   581 E NetlinkEvent: NetlinkEvent::FindParam(): Parameter 'UID' not found
03-20 12:28:25.011   192   581 E NetlinkEvent: NetlinkEvent::FindParam(): Parameter 'UID' not found
03-20 12:28:52.011   192   581 E NetlinkEvent: NetlinkEvent::FindParam(): Parameter 'UID' not found
03-20 12:29:11.013   192   581 E NetlinkEvent: NetlinkEvent::FindParam(): Parameter 'UID' not found
03-20 12:29:38.025   192   581 E NetlinkEvent: NetlinkEvent::FindParam(): Parameter 'UID' not found
03-20 12:29:38.040   192   581 E NetlinkEvent: NetlinkEvent::FindParam(): Parameter 'UID' not found
