03-20 15:14:43.108   192   581 E NetlinkEvent: NetlinkEvent::FindParam(): Parameter 'UID' not found
03-20 15:15:26.008   192   581 E NetlinkEvent: NetlinkEvent::FindParam(): Parameter 'UID' not found
03-20 15:15:26.047   192   581 E NetlinkEvent: NetlinkEvent::FindParam(): Parameter 'UID' not found
03-20 15:16:10.011   192   581 E NetlinkEvent: NetlinkEvent::FindParam(): Parameter 'UID' not found
03-20 15:16:10.030   192   581 E NetlinkEvent: NetlinkEvent::FindParam(): Parameter 'UID' not found
03-20 15:16:26.009   192   581 E NetlinkEvent: NetlinkEvent::FindParam(): Parameter 'UID' not found
03-20 15:16:26.040   192   581 E NetlinkEvent: NetlinkEvent::FindParam(): Parameter 'UID' not found
03-20 15:17:25.009   192   581 E NetlinkEvent: NetlinkEvent::FindParam(): Parameter 'UID' not found
03-20 15:17:25.058   192   581 E NetlinkEvent: NetlinkEvent::FindParam(): Parameter 'UID' not found
03-20 15:18:25.007   192   581 E NetlinkEvent: NetlinkEvent::FindParam(): Parameter 'UID' not found
03-20 15:18:25.042   192   581 E NetlinkEvent: NetlinkEvent::FindParam(): Parameter 'UID' not found
03-20 15:19:25.009   192   581 E NetlinkEvent: NetlinkEvent::FindParam(): Parameter 'UID' not found
03-20 15:19:25.041   192   581 E NetlinkEvent: NetlinkEvent::FindParam(): Parameter 'UID' not found
03-20 15:20:10.008   192   581 E NetlinkEvent: NetlinkEvent::FindParam(): Parameter 'UID' not found
03-20 15:20:10.072   192   581 E NetlinkEvent: NetlinkEvent::FindParam(): Parameter 'UID' not found
03-20 15:21:16.010   192   581 E NetlinkEvent: NetlinkEvent::FindParam(): Parameter 'UID' not found
03-20 15:21:16.025   192   581 E NetlinkEvent: NetlinkEvent::FindParam(): Parameter 'UID' not found
03-20 15:21:47.006   192   581 E NetlinkEvent: NetlinkEvent::FindParam(): Parameter 'UID' not found
03-20 15:22:07.010   192   581 E NetlinkEvent: NetlinkEvent::FindParam(): Parameter 'UID' not found
03-20 15:22:07.011   192   581 E NetlinkEvent: NetlinkEvent::FindParam(): Parameter 'UID' not found
03-20 15:22:07.027   192   581 E NetlinkEvent: NetlinkEvent::FindParam(): Parameter 'UID' not found
03-20 15:22:33.010   192   581 E NetlinkEvent: NetlinkEvent::FindParam(): Parameter 'UID' not found
03-20 15:22:55.008   192   581 E NetlinkEvent: NetlinkEvent::FindParam(): Parameter 'UID' not found
03-20 15:22:55.015   192   581 E NetlinkEvent: NetlinkEvent::FindParam(): Parameter 'UID' not found
03-20 15:23:55.005   192   581 E NetlinkEvent: NetlinkEvent::FindParam(): Parameter 'UID' not found
03-20 15:23:55.011   192   581 E NetlinkEvent: NetlinkEvent::FindParam(): Parameter 'UID' not found
03-20 15:23:55.016   192   581 E NetlinkEvent: NetlinkEvent::FindParam(): Parameter 'UID' not found
03-20 15:24:10.009   192   581 E NetlinkEvent: NetlinkEvent::FindParam(): Parameter 'UID' not found
03-20 15:24:10.110   192   581 E NetlinkEvent: NetlinkEvent::FindParam(): Parameter 'UID' not found
03-20 15:24:38.010   192   581 E NetlinkEvent: NetlinkEvent::FindParam(): Parameter 'UID' not found
03-20 15:24:43.117   192   581 E NetlinkEvent: NetlinkEvent::FindParam(): Parameter 'UID' not found
03-20 15:25:56.010   192   581 E NetlinkEvent: NetlinkEvent::FindParam(): Parameter 'UID' not found
03-20 15:25:56.081   192   581 E NetlinkEvent: NetlinkEvent::FindParam(): Parameter 'UID' not found
03-20 15:26:30.006   192   581 E NetlinkEvent: NetlinkEvent::FindParam(): Parameter 'UID' not found
03-20 15:26:55.007   192   581 E NetlinkEvent: NetlinkEvent::FindParam(): Parameter 'UID' not found
03-20 15:26:55.010   192   581 E NetlinkEvent: NetlinkEvent::FindParam(): Parameter 'UID' not found
03-20 15:26:55.013   192   581 E NetlinkEvent: NetlinkEvent::FindParam(): Parameter 'UID' not found
03-20 15:27:24.009   192   581 E NetlinkEvent: NetlinkEvent::FindParam(): Parameter 'UID' not found
03-20 15:27:56.007   192   581 E NetlinkEvent: NetlinkEvent::FindParam(): Parameter 'UID' not found
03-20 15:27:56.008   192   581 E NetlinkEvent: NetlinkEvent::FindParam(): Parameter 'UID' not found
03-20 15:27:56.041   192   581 E NetlinkEvent: NetlinkEvent::FindParam(): Parameter 'UID' not found
03-20 15:28:11.010   192   581 E NetlinkEvent: NetlinkEvent::FindParam(): Parameter 'UID' not found
03-20 15:28:11.020   192   581 E NetlinkEvent: NetlinkEvent::FindParam(): Parameter 'UID' not found
03-20 15:28:56.008   192   581 E NetlinkEvent: NetlinkEvent::FindParam(): Parameter 'UID' not found
03-20 15:28:56.050   192   581 E NetlinkEvent: NetlinkEvent::FindParam(): Parameter 'UID' not found
03-20 15:29:15.008   192   581 E NetlinkEvent: NetlinkEvent::FindParam(): Parameter 'UID' not found
03-20 15:29:39.016   192   581 E NetlinkEvent: NetlinkEvent::FindParam(): Parameter 'UID' not found
03-20 15:29:56.010   192   581 E NetlinkEvent: NetlinkEvent::FindParam(): Parameter 'UID' not found
03-20 15:29:56.040   192   581 E NetlinkEvent: NetlinkEvent::FindParam(): Parameter 'UID' not found
03-20 15:30:30.009   192   581 E NetlinkEvent: NetlinkEvent::FindParam(): Parameter 'UID' not found
03-20 15:30:56.127   192   581 E NetlinkEvent: NetlinkEvent::FindParam(): Parameter 'UID' not found
03-20 15:31:16.010   192   581 E NetlinkEvent: NetlinkEvent::FindParam(): Parameter 'UID' not found
03-20 15:31:16.036   192   581 E NetlinkEvent: NetlinkEvent::FindParam(): Parameter 'UID' not found
03-20 15:31:39.006   192   581 E NetlinkEvent: NetlinkEvent::FindParam(): Parameter 'UID' not found
03-20 15:31:55.006   192   581 E NetlinkEvent: NetlinkEvent::FindParam(): Parameter 'UID' not found
03-20 15:31:55.007   192   581 E NetlinkEvent: NetlinkEvent::FindParam(): Parameter 'UID' not found
03-20 15:31:55.061   192   581 E NetlinkEvent: NetlinkEvent::FindParam(): Parameter 'UID' not found
03-20 15:32:11.009   192   581 E NetlinkEvent: NetlinkEvent::FindParam(): Parameter 'UID' not found
03-20 15:32:11.067   192   581 E NetlinkEvent: NetlinkEvent::FindParam(): Parameter 'UID' not found
03-20 15:32:30.008   192   581 E NetlinkEvent: NetlinkEvent::FindParam(): Parameter 'UID' not found
03-20 15:32:55.006   192   581 E NetlinkEvent: NetlinkEvent::FindParam(): Parameter 'UID' not found
03-20 15:32:55.007   192   581 E NetlinkEvent: NetlinkEvent::FindParam(): Parameter 'UID' not found
03-20 15:32:55.040   192   581 E NetlinkEvent: NetlinkEvent::FindParam(): Parameter 'UID' not found
03-20 15:33:39.009   192   581 E NetlinkEvent: NetlinkEvent::FindParam(): Parameter 'UID' not found
03-20 15:33:55.007   192   581 E NetlinkEvent: NetlinkEvent::FindParam(): Parameter 'UID' not found
03-20 15:34:25.009   192   581 E NetlinkEvent: NetlinkEvent::FindParam(): Parameter 'UID' not found
03-20 15:34:50.011   192   581 E NetlinkEvent: NetlinkEvent::FindParam(): Parameter 'UID' not found
03-20 15:35:20.005   192   581 E NetlinkEvent: NetlinkEvent::FindParam(): Parameter 'UID' not found
03-20 15:35:26.007   192   581 E NetlinkEvent: NetlinkEvent::FindParam(): Parameter 'UID' not found
03-20 15:35:38.009   192   581 E NetlinkEvent: NetlinkEvent::FindParam(): Parameter 'UID' not found
03-20 15:35:55.008   192   581 E NetlinkEvent: NetlinkEvent::FindParam(): Parameter 'UID' not found
03-20 15:36:12.010   192   581 E NetlinkEvent: NetlinkEvent::FindParam(): Parameter 'UID' not found
03-20 15:36:12.023   192   581 E NetlinkEvent: NetlinkEvent::FindParam(): Parameter 'UID' not found
03-20 15:36:38.010   192   581 E NetlinkEvent: NetlinkEvent::FindParam(): Parameter 'UID' not found
03-20 15:36:55.007   192   581 E NetlinkEvent: NetlinkEvent::FindParam(): Parameter 'UID' not found
03-20 15:36:55.009   192   581 E NetlinkEvent: NetlinkEvent::FindParam(): Parameter 'UID' not found
03-20 15:36:55.012   192   581 E NetlinkEvent: NetlinkEvent::FindParam(): Parameter 'UID' not found
03-20 15:37:13.006   192   581 E NetlinkEvent: NetlinkEvent::FindParam(): Parameter 'UID' not found
03-20 15:37:56.008   192   581 E NetlinkEvent: NetlinkEvent::FindParam(): Parameter 'UID' not found
03-20 15:37:56.011   192   581 E NetlinkEvent: NetlinkEvent::FindParam(): Parameter 'UID' not found
03-20 15:37:56.043   192   581 E NetlinkEvent: NetlinkEvent::FindParam(): Parameter 'UID' not found
03-20 15:38:30.009   192   581 E NetlinkEvent: NetlinkEvent::FindParam(): Parameter 'UID' not found
03-20 15:38:39.021   192   581 E NetlinkEvent: NetlinkEvent::FindParam(): Parameter 'UID' not found
03-20 15:38:56.009   192   581 E NetlinkEvent: NetlinkEvent::FindParam(): Parameter 'UID' not found
03-20 15:38:56.041   192   581 E NetlinkEvent: NetlinkEvent::FindParam(): Parameter 'UID' not found
03-20 15:39:19.009   192   581 E NetlinkEvent: NetlinkEvent::FindParam(): Parameter 'UID' not found
03-20 15:39:19.045   192   581 E NetlinkEvent: NetlinkEvent::FindParam(): Parameter 'UID' not found
03-20 15:39:55.009   192   581 E NetlinkEvent: NetlinkEvent::FindParam(): Parameter 'UID' not found
03-20 15:39:55.042   192   581 E NetlinkEvent: NetlinkEvent::FindParam(): Parameter 'UID' not found
03-20 15:40:01.010   591  1137 I chatty  : uid=1000(system) Binder_9 expire 4 lines
03-20 15:40:39.012   192   581 E NetlinkEvent: NetlinkEvent::FindParam(): Parameter 'UID' not found
03-20 15:40:42.116   192   581 E NetlinkEvent: NetlinkEvent::FindParam(): Parameter 'UID' not found
03-20 15:41:16.010   192   581 E NetlinkEvent: NetlinkEvent::FindParam(): Parameter 'UID' not found
03-20 15:41:16.020   192   581 E NetlinkEvent: NetlinkEvent::FindParam(): Parameter 'UID' not found
03-20 15:41:39.008   192   581 E NetlinkEvent: NetlinkEvent::FindParam(): Parameter 'UID' not found
03-20 15:41:55.007   192   581 E NetlinkEvent: NetlinkEvent::FindParam(): Parameter 'UID' not found
03-20 15:42:39.008   192   581 E NetlinkEvent: NetlinkEvent::FindParam(): Parameter 'UID' not found
03-20 15:42:55.006   192   581 E NetlinkEvent: NetlinkEvent::FindParam(): Parameter 'UID' not found
03-20 15:43:15.009   192   581 E NetlinkEvent: NetlinkEvent::FindParam(): Parameter 'UID' not found
03-20 15:43:49.056   192   581 E NetlinkEvent: NetlinkEvent::FindParam(): Parameter 'UID' not found
03-20 15:44:19.009   192   581 E NetlinkEvent: NetlinkEvent::FindParam(): Parameter 'UID' not found
03-20 15:44:19.047   192   581 E NetlinkEvent: NetlinkEvent::FindParam(): Parameter 'UID' not found
03-20 15:44:36.009   192   581 E NetlinkEvent: NetlinkEvent::FindParam(): Parameter 'UID' not found
03-20 15:44:44.010   192   581 E NetlinkEvent: NetlinkEvent::FindParam(): Parameter 'UID' not found
03-20 15:45:39.008   192   581 E NetlinkEvent: NetlinkEvent::FindParam(): Parameter 'UID' not found
03-20 15:45:55.008   192   581 E NetlinkEvent: NetlinkEvent::FindParam(): Parameter 'UID' not found
03-20 15:45:55.010   192   581 E NetlinkEvent: NetlinkEvent::FindParam(): Parameter 'UID' not found
03-20 15:45:55.043   192   581 E NetlinkEvent: NetlinkEvent::FindParam(): Parameter 'UID' not found
03-20 15:46:14.009   192   581 E NetlinkEvent: NetlinkEvent::FindParam(): Parameter 'UID' not found
03-20 15:46:20.008   192   581 E NetlinkEvent: NetlinkEvent::FindParam(): Parameter 'UID' not found
03-20 15:46:39.008   192   581 E NetlinkEvent: NetlinkEvent::FindParam(): Parameter 'UID' not found
03-20 15:46:55.008   192   581 E NetlinkEvent: NetlinkEvent::FindParam(): Parameter 'UID' not found
03-20 15:47:36.012   192   581 E NetlinkEvent: NetlinkEvent::FindParam(): Parameter 'UID' not found
03-20 15:47:56.005   192   581 E NetlinkEvent: NetlinkEvent::FindParam(): Parameter 'UID' not found
03-20 15:47:56.008   192   581 E NetlinkEvent: NetlinkEvent::FindParam(): Parameter 'UID' not found
03-20 15:47:56.009   192   581 E NetlinkEvent: NetlinkEvent::FindParam(): Parameter 'UID' not found
03-20 15:48:39.010   192   581 E NetlinkEvent: NetlinkEvent::FindParam(): Parameter 'UID' not found
03-20 15:48:53.073   192   581 E NetlinkEvent: NetlinkEvent::FindParam(): Parameter 'UID' not found
03-20 15:49:31.009   192   581 E NetlinkEvent: NetlinkEvent::FindParam(): Parameter 'UID' not found
03-20 15:49:55.006   192   581 E NetlinkEvent: NetlinkEvent::FindParam(): Parameter 'UID' not found
03-20 15:49:55.010   192   581 E NetlinkEvent: NetlinkEvent::FindParam(): Parameter 'UID' not found
03-20 15:49:56.006   192   581 E NetlinkEvent: NetlinkEvent::FindParam(): Parameter 'UID' not found
03-20 15:50:10.008   192   581 E NetlinkEvent: NetlinkEvent::FindParam(): Parameter 'UID' not found
03-20 15:50:48.009   192   581 E NetlinkEvent: NetlinkEvent::FindParam(): Parameter 'UID' not found
03-20 15:50:48.012   192   581 E NetlinkEvent: NetlinkEvent::FindParam(): Parameter 'UID' not found
03-20 15:50:55.008   192   581 E NetlinkEvent: NetlinkEvent::FindParam(): Parameter 'UID' not found
03-20 15:51:16.012   192   581 E NetlinkEvent: NetlinkEvent::FindParam(): Parameter 'UID' not found
03-20 15:51:16.020   192   581 E NetlinkEvent: NetlinkEvent::FindParam(): Parameter 'UID' not found
03-20 15:51:37.007   192   581 E NetlinkEvent: NetlinkEvent::FindParam(): Parameter 'UID' not found
03-20 15:51:55.008   192   581 E NetlinkEvent: NetlinkEvent::FindParam(): Parameter 'UID' not found
03-20 15:51:55.011   192   581 E NetlinkEvent: NetlinkEvent::FindParam(): Parameter 'UID' not found
03-20 15:51:55.039   192   581 E NetlinkEvent: NetlinkEvent::FindParam(): Parameter 'UID' not found
03-20 15:52:22.010   192   581 E NetlinkEvent: NetlinkEvent::FindParam(): Parameter 'UID' not found
03-20 15:52:53.143   192   581 E NetlinkEvent: NetlinkEvent::FindParam(): Parameter 'UID' not found
03-20 15:53:27.010   192   581 E NetlinkEvent: NetlinkEvent::FindParam(): Parameter 'UID' not found
03-20 15:53:28.023   192   581 E NetlinkEvent: NetlinkEvent::FindParam(): Parameter 'UID' not found
03-20 15:53:55.008   192   581 E NetlinkEvent: NetlinkEvent::FindParam(): Parameter 'UID' not found
03-20 15:53:55.044   192   581 E NetlinkEvent: NetlinkEvent::FindParam(): Parameter 'UID' not found
03-20 15:54:43.009   192   581 E NetlinkEvent: NetlinkEvent::FindParam(): Parameter 'UID' not found
03-20 15:54:43.112   192   581 E NetlinkEvent: NetlinkEvent::FindParam(): Parameter 'UID' not found
03-20 15:55:25.008   192   581 E NetlinkEvent: NetlinkEvent::FindParam(): Parameter 'UID' not found
03-20 15:55:25.031   192   581 E NetlinkEvent: NetlinkEvent::FindParam(): Parameter 'UID' not found
03-20 15:55:55.010   192   581 E NetlinkEvent: NetlinkEvent::FindParam(): Parameter 'UID' not found
03-20 15:55:55.046   192   581 E NetlinkEvent: NetlinkEvent::FindParam(): Parameter 'UID' not found
03-20 15:56:11.006   192   581 E NetlinkEvent: NetlinkEvent::FindParam(): Parameter 'UID' not found
03-20 15:56:12.006   192   581 E NetlinkEvent: NetlinkEvent::FindParam(): Parameter 'UID' not found
03-20 15:56:39.007   192   581 E NetlinkEvent: NetlinkEvent::FindParam(): Parameter 'UID' not found
03-20 15:56:53.241   192   581 E NetlinkEvent: NetlinkEvent::FindParam(): Parameter 'UID' not found
03-20 15:57:24.006   192   581 E NetlinkEvent: NetlinkEvent::FindParam(): Parameter 'UID' not found
03-20 15:57:39.007   192   581 E NetlinkEvent: NetlinkEvent::FindParam(): Parameter 'UID' not found
03-20 15:58:25.009   192   581 E NetlinkEvent: NetlinkEvent::FindParam(): Parameter 'UID' not found
03-20 15:58:25.138   192   581 E NetlinkEvent: NetlinkEvent::FindParam(): Parameter 'UID' not found
03-20 15:58:48.008   192   581 E NetlinkEvent: NetlinkEvent::FindParam(): Parameter 'UID' not found
03-20 15:59:25.008   192   581 E NetlinkEvent: NetlinkEvent::FindParam(): Parameter 'UID' not found
03-20 15:59:25.009   192   581 E NetlinkEvent: NetlinkEvent::FindParam(): Parameter 'UID' not found
03-20 15:59:25.096   192   581 E NetlinkEvent: NetlinkEvent::FindParam(): Parameter 'UID' not found
03-20 15:59:55.009   192   581 E NetlinkEvent: NetlinkEvent::FindParam(): Parameter 'UID' not found
03-20 15:59:55.118   192   581 E NetlinkEvent: NetlinkEvent::FindParam(): Parameter 'UID' not found
03-20 16:00:25.007   192   581 E NetlinkEvent: NetlinkEvent::FindParam(): Parameter 'UID' not found
03-20 16:00:25.013   192   581 E NetlinkEvent: NetlinkEvent::FindParam(): Parameter 'UID' not found
03-20 16:00:40.021   192   581 E NetlinkEvent: NetlinkEvent::FindParam(): Parameter 'UID' not found
03-20 16:00:50.010   192   581 E NetlinkEvent: NetlinkEvent::FindParam(): Parameter 'UID' not found
03-20 16:01:17.052   192   581 E NetlinkEvent: NetlinkEvent::FindParam(): Parameter 'UID' not found
03-20 16:01:17.183   192   581 E NetlinkEvent: NetlinkEvent::FindParam(): Parameter 'UID' not found
03-20 16:01:40.010   192   581 E NetlinkEvent: NetlinkEvent::FindParam(): Parameter 'UID' not found
03-20 16:01:46.007   192   581 E NetlinkEvent: NetlinkEvent::FindParam(): Parameter 'UID' not found
03-20 16:02:17.008   192   581 E NetlinkEvent: NetlinkEvent::FindParam(): Parameter 'UID' not found
03-20 16:02:26.006   192   581 E NetlinkEvent: NetlinkEvent::FindParam(): Parameter 'UID' not found
03-20 16:02:45.005   192   581 E NetlinkEvent: NetlinkEvent::FindParam(): Parameter 'UID' not found
03-20 16:03:26.004   192   581 E NetlinkEvent: NetlinkEvent::FindParam(): Parameter 'UID' not found
03-20 16:04:08.010   192   581 E NetlinkEvent: NetlinkEvent::FindParam(): Parameter 'UID' not found
03-20 16:04:25.005   192   581 E NetlinkEvent: NetlinkEvent::FindParam(): Parameter 'UID' not found
03-20 16:04:49.010   192   581 E NetlinkEvent: NetlinkEvent::FindParam(): Parameter 'UID' not found
03-20 16:04:49.084   192   581 E NetlinkEvent: NetlinkEvent::FindParam(): Parameter 'UID' not found
03-20 16:05:25.010   192   581 E NetlinkEvent: NetlinkEvent::FindParam(): Parameter 'UID' not found
03-20 16:05:25.026   192   581 E NetlinkEvent: NetlinkEvent::FindParam(): Parameter 'UID' not found
03-20 16:05:58.013   192   581 E NetlinkEvent: NetlinkEvent::FindParam(): Parameter 'UID' not found
03-20 16:06:11.010   192   581 E NetlinkEvent: NetlinkEvent::FindParam(): Parameter 'UID' not found
03-20 16:06:13.013   192   581 E NetlinkEvent: NetlinkEvent::FindParam(): Parameter 'UID' not found
03-20 16:07:36.006   192   581 E NetlinkEvent: NetlinkEvent::FindParam(): Parameter 'UID' not found
03-20 16:08:29.008   192   581 E NetlinkEvent: NetlinkEvent::FindParam(): Parameter 'UID' not found
03-20 16:08:53.487   192   581 E NetlinkEvent: NetlinkEvent::FindParam(): Parameter 'UID' not found
03-20 16:09:25.010   192   581 E NetlinkEvent: NetlinkEvent::FindParam(): Parameter 'UID' not found
03-20 16:09:25.281   192   581 E NetlinkEvent: NetlinkEvent::FindParam(): Parameter 'UID' not found
03-20 16:10:07.009   192   581 E NetlinkEvent: NetlinkEvent::FindParam(): Parameter 'UID' not found
03-20 16:10:10.007   192   581 E NetlinkEvent: NetlinkEvent::FindParam(): Parameter 'UID' not found
03-20 16:10:26.014   591   602 I chatty  : uid=1000(system) Binder_1 expire 3 lines
03-20 16:10:26.030   192   581 E NetlinkEvent: NetlinkEvent::FindParam(): Parameter 'UID' not found
03-20 16:11:17.117   192   581 E NetlinkEvent: NetlinkEvent::FindParam(): Parameter 'UID' not found
03-20 16:11:35.010   192   581 E NetlinkEvent: NetlinkEvent::FindParam(): Parameter 'UID' not found
03-20 16:12:34.007   192   581 E NetlinkEvent: NetlinkEvent::FindParam(): Parameter 'UID' not found
03-20 16:12:58.005   192   581 E NetlinkEvent: NetlinkEvent::FindParam(): Parameter 'UID' not found
03-20 16:13:03.015   192   581 E NetlinkEvent: NetlinkEvent::FindParam(): Parameter 'UID' not found
03-20 16:13:21.006   192   581 E NetlinkEvent: NetlinkEvent::FindParam(): Parameter 'UID' not found
03-20 16:13:50.115   192   581 E NetlinkEvent: NetlinkEvent::FindParam(): Parameter 'UID' not found
03-20 16:14:07.006   192   581 E NetlinkEvent: NetlinkEvent::FindParam(): Parameter 'UID' not found
03-20 16:14:46.007   192   581 E NetlinkEvent: NetlinkEvent::FindParam(): Parameter 'UID' not found
03-20 16:14:46.008   192   581 E NetlinkEvent: NetlinkEvent::FindParam(): Parameter 'UID' not found
03-20 16:16:30.026   192   581 E NetlinkEvent: NetlinkEvent::FindParam(): Parameter 'UID' not found
03-20 16:16:30.038   680 15753 D DownloadManager: Removed 0 stale downloads
03-20 16:16:30.044   680 15753 D DownloadManager: Found 0 files in database
03-20 16:16:30.044   680 15753 D DownloadManager: Found 0 files on disk
03-20 16:16:54.009   192   581 E NetlinkEvent: NetlinkEvent::FindParam(): Parameter 'UID' not found
03-20 16:16:54.014   192   581 E NetlinkEvent: NetlinkEvent::FindParam(): Parameter 'UID' not found
03-20 16:17:25.009   192   581 E NetlinkEvent: NetlinkEvent::FindParam(): Parameter 'UID' not found
03-20 16:17:25.075   192   581 E NetlinkEvent: NetlinkEvent::FindParam(): Parameter 'UID' not found
03-20 16:17:40.031   192   581 E NetlinkEvent: NetlinkEvent::FindParam(): Parameter 'UID' not found
03-20 16:18:25.008   192   581 E NetlinkEvent: NetlinkEvent::FindParam(): Parameter 'UID' not found
03-20 16:18:40.008   192   581 E NetlinkEvent: NetlinkEvent::FindParam(): Parameter 'UID' not found
03-20 16:19:25.015   192   581 E NetlinkEvent: NetlinkEvent::FindParam(): Parameter 'UID' not found
03-20 16:19:25.016   192   581 E NetlinkEvent: NetlinkEvent::FindParam(): Parameter 'UID' not found
03-20 16:19:25.050   192   581 E NetlinkEvent: NetlinkEvent::FindParam(): Parameter 'UID' not found
03-20 16:20:08.013   192   581 E NetlinkEvent: NetlinkEvent::FindParam(): Parameter 'UID' not found
03-20 16:20:25.009   192   581 E NetlinkEvent: NetlinkEvent::FindParam(): Parameter 'UID' not found
03-20 16:20:25.017   192   581 E NetlinkEvent: NetlinkEvent::FindParam(): Parameter 'UID' not found
03-20 16:20:25.046   192   581 E NetlinkEvent: NetlinkEvent::FindParam(): Parameter 'UID' not found
03-20 16:20:41.022   591 22790 I chatty  : uid=1000(system) Binder_B expire 4 lines
03-20 16:20:41.042   192   581 E NetlinkEvent: NetlinkEvent::FindParam(): Parameter 'UID' not found
03-20 16:21:03.137   192   581 E NetlinkEvent: NetlinkEvent::FindParam(): Parameter 'UID' not found
03-20 16:21:52.006   192   581 E NetlinkEvent: NetlinkEvent::FindParam(): Parameter 'UID' not found
03-20 16:21:53.007   192   581 E NetlinkEvent: NetlinkEvent::FindParam(): Parameter 'UID' not found
03-20 16:22:11.009   192   581 E NetlinkEvent: NetlinkEvent::FindParam(): Parameter 'UID' not found
03-20 16:22:26.007   192   581 E NetlinkEvent: NetlinkEvent::FindParam(): Parameter 'UID' not found
03-20 16:22:56.008   192   581 E NetlinkEvent: NetlinkEvent::FindParam(): Parameter 'UID' not found
03-20 16:23:25.007   192   581 E NetlinkEvent: NetlinkEvent::FindParam(): Parameter 'UID' not found
03-20 16:23:25.008   192   581 E NetlinkEvent: NetlinkEvent::FindParam(): Parameter 'UID' not found
03-20 16:23:25.040   192   581 E NetlinkEvent: NetlinkEvent::FindParam(): Parameter 'UID' not found
03-20 16:24:06.009   192   581 E NetlinkEvent: NetlinkEvent::FindParam(): Parameter 'UID' not found
03-20 16:24:25.005   192   581 E NetlinkEvent: NetlinkEvent::FindParam(): Parameter 'UID' not found
03-20 16:24:25.006   192   581 E NetlinkEvent: NetlinkEvent::FindParam(): Parameter 'UID' not found
03-20 16:24:25.007   192   581 E NetlinkEvent: NetlinkEvent::FindParam(): Parameter 'UID' not found
03-20 16:24:40.031   192   581 E NetlinkEvent: NetlinkEvent::FindParam(): Parameter 'UID' not found
03-20 16:24:44.024   192   581 E NetlinkEvent: NetlinkEvent::FindParam(): Parameter 'UID' not found
03-20 16:25:05.020   192   581 E NetlinkEvent: NetlinkEvent::FindParam(): Parameter 'UID' not found
03-20 16:25:05.037   192   581 E NetlinkEvent: NetlinkEvent::FindParam(): Parameter 'UID' not found
03-20 16:25:25.024   192   581 E NetlinkEvent: NetlinkEvent::FindParam(): Parameter 'UID' not found
03-20 16:25:25.028   192   581 E NetlinkEvent: NetlinkEvent::FindParam(): Parameter 'UID' not found
03-20 16:25:51.011   192   581 E NetlinkEvent: NetlinkEvent::FindParam(): Parameter 'UID' not found
03-20 16:26:00.009   192   581 E NetlinkEvent: NetlinkEvent::FindParam(): Parameter 'UID' not found
03-20 16:26:25.010   192   581 E NetlinkEvent: NetlinkEvent::FindParam(): Parameter 'UID' not found
03-20 16:26:25.047   192   581 E NetlinkEvent: NetlinkEvent::FindParam(): Parameter 'UID' not found
03-20 16:26:55.011   192   581 E NetlinkEvent: NetlinkEvent::FindParam(): Parameter 'UID' not found
03-20 16:27:25.007   192   581 E NetlinkEvent: NetlinkEvent::FindParam(): Parameter 'UID' not found
03-20 16:27:41.008   192   581 E NetlinkEvent: NetlinkEvent::FindParam(): Parameter 'UID' not found
03-20 16:27:41.041   192   581 E NetlinkEvent: NetlinkEvent::FindParam(): Parameter 'UID' not found
03-20 16:28:25.009   192   581 E NetlinkEvent: NetlinkEvent::FindParam(): Parameter 'UID' not found
03-20 16:28:25.078   192   581 E NetlinkEvent: NetlinkEvent::FindParam(): Parameter 'UID' not found
03-20 16:28:41.008   192   581 E NetlinkEvent: NetlinkEvent::FindParam(): Parameter 'UID' not found
03-20 16:29:05.013   591   605 I chatty  : uid=1000(system) ActivityManager expire 11 lines
03-20 16:29:05.097   192   581 E NetlinkEvent: NetlinkEvent::FindParam(): Parameter 'UID' not found
03-20 16:29:25.006   192   581 E NetlinkEvent: NetlinkEvent::FindParam(): Parameter 'UID' not found
03-20 16:29:25.038   192   581 E NetlinkEvent: NetlinkEvent::FindParam(): Parameter 'UID' not found
03-20 16:29:59.007   192   581 E NetlinkEvent: NetlinkEvent::FindParam(): Parameter 'UID' not found
03-20 16:29:59.047   192   581 E NetlinkEvent: NetlinkEvent::FindParam(): Parameter 'UID' not found
03-20 16:30:25.012   192   581 E NetlinkEvent: NetlinkEvent::FindParam(): Parameter 'UID' not found
03-20 16:30:25.041   192   581 E NetlinkEvent: NetlinkEvent::FindParam(): Parameter 'UID' not found
03-20 16:31:26.008   192   581 E NetlinkEvent: NetlinkEvent::FindParam(): Parameter 'UID' not found
03-20 16:31:26.035   192   581 E NetlinkEvent: NetlinkEvent::FindParam(): Parameter 'UID' not found
03-20 16:31:41.009   192   581 E NetlinkEvent: NetlinkEvent::FindParam(): Parameter 'UID' not found
03-20 16:32:00.093   192   581 E NetlinkEvent: NetlinkEvent::FindParam(): Parameter 'UID' not found
03-20 16:32:56.028   192   581 E NetlinkEvent: NetlinkEvent::FindParam(): Parameter 'UID' not found
03-20 16:32:56.205   192   581 E NetlinkEvent: NetlinkEvent::FindParam(): Parameter 'UID' not found
03-20 16:33:19.011   192   581 E NetlinkEvent: NetlinkEvent::FindParam(): Parameter 'UID' not found
03-20 16:33:25.007   192   581 E NetlinkEvent: NetlinkEvent::FindParam(): Parameter 'UID' not found
03-20 16:33:46.008   192   581 E NetlinkEvent: NetlinkEvent::FindParam(): Parameter 'UID' not found
03-20 16:34:25.007   192   581 E NetlinkEvent: NetlinkEvent::FindParam(): Parameter 'UID' not found
03-20 16:34:41.008   192   581 E NetlinkEvent: NetlinkEvent::FindParam(): Parameter 'UID' not found
03-20 16:34:41.012   192   581 E NetlinkEvent: NetlinkEvent::FindParam(): Parameter 'UID' not found
03-20 16:35:09.007   192   581 E NetlinkEvent: NetlinkEvent::FindParam(): Parameter 'UID' not found
03-20 16:35:25.005   192   581 E NetlinkEvent: NetlinkEvent::FindParam(): Parameter 'UID' not found
03-20 16:35:41.006   192   581 E NetlinkEvent: NetlinkEvent::FindParam(): Parameter 'UID' not found
03-20 16:36:25.006   192   581 E NetlinkEvent: NetlinkEvent::FindParam(): Parameter 'UID' not found
03-20 16:36:44.008   192   581 E NetlinkEvent: NetlinkEvent::FindParam(): Parameter 'UID' not found
03-20 16:36:44.073   192   581 E NetlinkEvent: NetlinkEvent::FindParam(): Parameter 'UID' not found
03-20 16:37:14.011   192   581 E NetlinkEvent: NetlinkEvent::FindParam(): Parameter 'UID' not found
03-20 16:37:14.074   192   581 E NetlinkEvent: NetlinkEvent::FindParam(): Parameter 'UID' not found
03-20 16:37:41.006   192   581 E NetlinkEvent: NetlinkEvent::FindParam(): Parameter 'UID' not found
03-20 16:37:55.007   192   581 E NetlinkEvent: NetlinkEvent::FindParam(): Parameter 'UID' not found
03-20 16:38:27.009   192   581 E NetlinkEvent: NetlinkEvent::FindParam(): Parameter 'UID' not found
03-20 16:38:55.006   192   581 E NetlinkEvent: NetlinkEvent::FindParam(): Parameter 'UID' not found
03-20 16:39:23.010   192   581 E NetlinkEvent: NetlinkEvent::FindParam(): Parameter 'UID' not found
03-20 16:39:28.010   192   581 E NetlinkEvent: NetlinkEvent::FindParam(): Parameter 'UID' not found
03-20 16:39:40.012   192   581 E NetlinkEvent: NetlinkEvent::FindParam(): Parameter 'UID' not found
03-20 16:39:55.010   192   581 E NetlinkEvent: NetlinkEvent::FindParam(): Parameter 'UID' not found
03-20 16:40:13.010   192   581 E NetlinkEvent: NetlinkEvent::FindParam(): Parameter 'UID' not found
03-20 16:40:14.005   192   581 E NetlinkEvent: NetlinkEvent::FindParam(): Parameter 'UID' not found
03-20 16:40:40.006   192   581 E NetlinkEvent: NetlinkEvent::FindParam(): Parameter 'UID' not found
03-20 16:40:55.007   192   581 E NetlinkEvent: NetlinkEvent::FindParam(): Parameter 'UID' not found
03-20 16:41:17.038   192   581 E NetlinkEvent: NetlinkEvent::FindParam(): Parameter 'UID' not found
03-20 16:41:17.070   192   581 E NetlinkEvent: NetlinkEvent::FindParam(): Parameter 'UID' not found
03-20 16:41:41.006   192   581 E NetlinkEvent: NetlinkEvent::FindParam(): Parameter 'UID' not found
03-20 16:41:55.006   192   581 E NetlinkEvent: NetlinkEvent::FindParam(): Parameter 'UID' not found
03-20 16:42:12.006   192   581 E NetlinkEvent: NetlinkEvent::FindParam(): Parameter 'UID' not found
03-20 16:42:26.007   192   581 E NetlinkEvent: NetlinkEvent::FindParam(): Parameter 'UID' not found
03-20 16:42:50.009   192   581 E NetlinkEvent: NetlinkEvent::FindParam(): Parameter 'UID' not found
03-20 16:42:55.006   192   581 E NetlinkEvent: NetlinkEvent::FindParam(): Parameter 'UID' not found
03-20 16:43:55.007   192   581 E NetlinkEvent: NetlinkEvent::FindParam(): Parameter 'UID' not found
03-20 16:43:55.034   192   581 E NetlinkEvent: NetlinkEvent::FindParam(): Parameter 'UID' not found
03-20 16:44:41.008   192   581 E NetlinkEvent: NetlinkEvent::FindParam(): Parameter 'UID' not found
03-20 16:44:44.011   192   581 E NetlinkEvent: NetlinkEvent::FindParam(): Parameter 'UID' not found
03-20 16:45:23.016   192   581 E NetlinkEvent: NetlinkEvent::FindParam(): Parameter 'UID' not found
03-20 16:45:56.008   192   581 E NetlinkEvent: NetlinkEvent::FindParam(): Parameter 'UID' not found
03-20 16:46:18.023   192   581 E NetlinkEvent: NetlinkEvent::FindParam(): Parameter 'UID' not found
03-20 16:46:20.011   192   581 E NetlinkEvent: NetlinkEvent::FindParam(): Parameter 'UID' not found
03-20 16:46:36.008   192   581 E NetlinkEvent: NetlinkEvent::FindParam(): Parameter 'UID' not found
03-20 16:46:56.008   192   581 E NetlinkEvent: NetlinkEvent::FindParam(): Parameter 'UID' not found
03-20 16:47:13.010   192   581 E NetlinkEvent: NetlinkEvent::FindParam(): Parameter 'UID' not found
03-20 16:47:55.008   192   581 E NetlinkEvent: NetlinkEvent::FindParam(): Parameter 'UID' not found
03-20 16:48:41.009   192   581 E NetlinkEvent: NetlinkEvent::FindParam(): Parameter 'UID' not found
03-20 16:48:41.040   192   581 E NetlinkEvent: NetlinkEvent::FindParam(): Parameter 'UID' not found
03-20 16:49:08.008   192   581 E NetlinkEvent: NetlinkEvent::FindParam(): Parameter 'UID' not found
03-20 16:49:25.008   192   581 E NetlinkEvent: NetlinkEvent::FindParam(): Parameter 'UID' not found
03-20 16:49:25.009   192   581 E NetlinkEvent: NetlinkEvent::FindParam(): Parameter 'UID' not found
03-20 16:49:25.097   192   581 E NetlinkEvent: NetlinkEvent::FindParam(): Parameter 'UID' not found
03-20 16:50:01.010   192   581 E NetlinkEvent: NetlinkEvent::FindParam(): Parameter 'UID' not found
03-20 16:50:26.007   192   581 E NetlinkEvent: NetlinkEvent::FindParam(): Parameter 'UID' not found
03-20 16:50:26.008   192   581 E NetlinkEvent: NetlinkEvent::FindParam(): Parameter 'UID' not found
03-20 16:50:26.074   192   581 E NetlinkEvent: NetlinkEvent::FindParam(): Parameter 'UID' not found
03-20 16:51:16.009   192   581 E NetlinkEvent: NetlinkEvent::FindParam(): Parameter 'UID' not found
03-20 16:51:16.014   192   581 E NetlinkEvent: NetlinkEvent::FindParam(): Parameter 'UID' not found
03-20 16:52:25.014   192   581 E NetlinkEvent: NetlinkEvent::FindParam(): Parameter 'UID' not found
03-20 16:52:25.021   192   581 E NetlinkEvent: NetlinkEvent::FindParam(): Parameter 'UID' not found
03-20 16:52:41.011   192   581 E NetlinkEvent: NetlinkEvent::FindParam(): Parameter 'UID' not found
03-20 16:53:25.009   192   581 E NetlinkEvent: NetlinkEvent::FindParam(): Parameter 'UID' not found
03-20 16:53:25.016   192   581 E NetlinkEvent: NetlinkEvent::FindParam(): Parameter 'UID' not found
03-20 16:53:25.060   192   581 E NetlinkEvent: NetlinkEvent::FindParam(): Parameter 'UID' not found
03-20 16:54:24.009   192   581 E NetlinkEvent: NetlinkEvent::FindParam(): Parameter 'UID' not found
03-20 16:54:25.008   192   581 E NetlinkEvent: NetlinkEvent::FindParam(): Parameter 'UID' not found
03-20 16:54:44.030   192   581 E NetlinkEvent: NetlinkEvent::FindParam(): Parameter 'UID' not found
03-20 16:54:44.041   192   581 E NetlinkEvent: NetlinkEvent::FindParam(): Parameter 'UID' not found
03-20 16:55:08.008   192   581 E NetlinkEvent: NetlinkEvent::FindParam(): Parameter 'UID' not found
03-20 16:55:08.140   192   581 E NetlinkEvent: NetlinkEvent::FindParam(): Parameter 'UID' not found
03-20 16:55:41.008   192   581 E NetlinkEvent: NetlinkEvent::FindParam(): Parameter 'UID' not found
03-20 16:56:25.007   192   581 E NetlinkEvent: NetlinkEvent::FindParam(): Parameter 'UID' not found
03-20 16:56:25.007   192   581 E NetlinkEvent: NetlinkEvent::FindParam(): Parameter 'UID' not found
03-20 16:56:25.008   192   581 E NetlinkEvent: NetlinkEvent::FindParam(): Parameter 'UID' not found
03-20 16:56:41.008   192   581 E NetlinkEvent: NetlinkEvent::FindParam(): Parameter 'UID' not found
03-20 16:57:25.007   192   581 E NetlinkEvent: NetlinkEvent::FindParam(): Parameter 'UID' not found
03-20 16:57:43.009   192   581 E NetlinkEvent: NetlinkEvent::FindParam(): Parameter 'UID' not found
03-20 16:58:25.012   192   581 E NetlinkEvent: NetlinkEvent::FindParam(): Parameter 'UID' not found
03-20 16:58:42.008   192   581 E NetlinkEvent: NetlinkEvent::FindParam(): Parameter 'UID' not found
03-20 16:59:25.008   192   581 E NetlinkEvent: NetlinkEvent::FindParam(): Parameter 'UID' not found
03-20 17:00:01.012   192   581 E NetlinkEvent: NetlinkEvent::FindParam(): Parameter 'UID' not found
03-20 17:00:26.008   192   581 E NetlinkEvent: NetlinkEvent::FindParam(): Parameter 'UID' not found
03-20 17:00:41.008   192   581 E NetlinkEvent: NetlinkEvent::FindParam(): Parameter 'UID' not found
03-20 17:01:16.035   192   581 E NetlinkEvent: NetlinkEvent::FindParam(): Parameter 'UID' not found
03-20 17:01:53.009   192   581 E NetlinkEvent: NetlinkEvent::FindParam(): Parameter 'UID' not found
03-20 17:02:25.006   192   581 E NetlinkEvent: NetlinkEvent::FindParam(): Parameter 'UID' not found
03-20 17:02:25.009   192   581 E NetlinkEvent: NetlinkEvent::FindParam(): Parameter 'UID' not found
03-20 17:02:25.033   192   581 E NetlinkEvent: NetlinkEvent::FindParam(): Parameter 'UID' not found
03-20 17:03:18.009   192   581 E NetlinkEvent: NetlinkEvent::FindParam(): Parameter 'UID' not found
03-20 17:03:25.007   192   581 E NetlinkEvent: NetlinkEvent::FindParam(): Parameter 'UID' not found
03-20 17:03:42.008   192   581 E NetlinkEvent: NetlinkEvent::FindParam(): Parameter 'UID' not found
03-20 17:04:09.010   192   581 E NetlinkEvent: NetlinkEvent::FindParam(): Parameter 'UID' not found
03-20 17:04:09.011   192   581 E NetlinkEvent: NetlinkEvent::FindParam(): Parameter 'UID' not found
03-20 17:04:09.025   192   581 E NetlinkEvent: NetlinkEvent::FindParam(): Parameter 'UID' not found
03-20 17:04:44.006   192   581 E NetlinkEvent: NetlinkEvent::FindParam(): Parameter 'UID' not found
03-20 17:04:44.011   192   581 E NetlinkEvent: NetlinkEvent::FindParam(): Parameter 'UID' not found
03-20 17:05:56.007   192   581 E NetlinkEvent: NetlinkEvent::FindParam(): Parameter 'UID' not found
03-20 17:05:56.075   192   581 E NetlinkEvent: NetlinkEvent::FindParam(): Parameter 'UID' not found
03-20 17:06:26.009   192   581 E NetlinkEvent: NetlinkEvent::FindParam(): Parameter 'UID' not found
03-20 17:06:26.130   192   581 E NetlinkEvent: NetlinkEvent::FindParam(): Parameter 'UID' not found
03-20 17:06:56.006   192   581 E NetlinkEvent: NetlinkEvent::FindParam(): Parameter 'UID' not found
03-20 17:06:57.008   192   581 E NetlinkEvent: NetlinkEvent::FindParam(): Parameter 'UID' not found
03-20 17:07:55.009   192   581 E NetlinkEvent: NetlinkEvent::FindParam(): Parameter 'UID' not found
03-20 17:07:55.019   192   581 E NetlinkEvent: NetlinkEvent::FindParam(): Parameter 'UID' not found
03-20 17:08:42.006   192   581 E NetlinkEvent: NetlinkEvent::FindParam(): Parameter 'UID' not found
03-20 17:08:55.009   192   581 E NetlinkEvent: NetlinkEvent::FindParam(): Parameter 'UID' not found
03-20 17:09:16.011   192   581 E NetlinkEvent: NetlinkEvent::FindParam(): Parameter 'UID' not found
03-20 17:09:16.545   192   581 E NetlinkEvent: NetlinkEvent::FindParam(): Parameter 'UID' not found
03-20 17:09:55.009   192   581 E NetlinkEvent: NetlinkEvent::FindParam(): Parameter 'UID' not found
03-20 17:09:55.020   192   581 E NetlinkEvent: NetlinkEvent::FindParam(): Parameter 'UID' not found
03-20 17:10:20.008   192   581 E NetlinkEvent: NetlinkEvent::FindParam(): Parameter 'UID' not found
03-20 17:10:43.008   192   581 E NetlinkEvent: NetlinkEvent::FindParam(): Parameter 'UID' not found
03-20 17:10:43.009   192   581 E NetlinkEvent: NetlinkEvent::FindParam(): Parameter 'UID' not found
03-20 17:10:55.019   192   581 E NetlinkEvent: NetlinkEvent::FindParam(): Parameter 'UID' not found
03-20 17:11:16.008   192   581 E NetlinkEvent: NetlinkEvent::FindParam(): Parameter 'UID' not found
03-20 17:11:16.017   192   581 E NetlinkEvent: NetlinkEvent::FindParam(): Parameter 'UID' not found
03-20 17:11:55.005   192   581 E NetlinkEvent: NetlinkEvent::FindParam(): Parameter 'UID' not found
03-20 17:11:55.026   192   581 E NetlinkEvent: NetlinkEvent::FindParam(): Parameter 'UID' not found
03-20 17:12:27.007   192   581 E NetlinkEvent: NetlinkEvent::FindParam(): Parameter 'UID' not found
03-20 17:12:27.118   192   581 E NetlinkEvent: NetlinkEvent::FindParam(): Parameter 'UID' not found
03-20 17:12:55.006   192   581 E NetlinkEvent: NetlinkEvent::FindParam(): Parameter 'UID' not found
03-20 17:12:55.189   192   581 E NetlinkEvent: NetlinkEvent::FindParam(): Parameter 'UID' not found
03-20 17:13:27.019   192   581 E NetlinkEvent: NetlinkEvent::FindParam(): Parameter 'UID' not found
03-20 17:13:27.041   192   581 E NetlinkEvent: NetlinkEvent::FindParam(): Parameter 'UID' not found
03-20 17:13:55.020   192   581 E NetlinkEvent: NetlinkEvent::FindParam(): Parameter 'UID' not found
03-20 17:13:55.025   192   581 E NetlinkEvent: NetlinkEvent::FindParam(): Parameter 'UID' not found
03-20 17:14:40.020   192   581 E NetlinkEvent: NetlinkEvent::FindParam(): Parameter 'UID' not found
03-20 17:14:40.022   192   581 E NetlinkEvent: NetlinkEvent::FindParam(): Parameter 'UID' not found
03-20 17:14:57.008   192   581 E NetlinkEvent: NetlinkEvent::FindParam(): Parameter 'UID' not found
03-20 17:15:26.025   192   581 E NetlinkEvent: NetlinkEvent::FindParam(): Parameter 'UID' not found
03-20 17:15:43.007   192   581 E NetlinkEvent: NetlinkEvent::FindParam(): Parameter 'UID' not found
03-20 17:16:20.004   192   581 E NetlinkEvent: NetlinkEvent::FindParam(): Parameter 'UID' not found
03-20 17:16:20.005   192   581 E NetlinkEvent: NetlinkEvent::FindParam(): Parameter 'UID' not found
03-20 17:16:20.021   192   581 E NetlinkEvent: NetlinkEvent::FindParam(): Parameter 'UID' not found
03-20 17:16:55.006   192   581 E NetlinkEvent: NetlinkEvent::FindParam(): Parameter 'UID' not found
03-20 17:16:55.007   192   581 E NetlinkEvent: NetlinkEvent::FindParam(): Parameter 'UID' not found
03-20 17:17:13.007   192   581 E NetlinkEvent: NetlinkEvent::FindParam(): Parameter 'UID' not found
03-20 17:17:14.007   192   581 E NetlinkEvent: NetlinkEvent::FindParam(): Parameter 'UID' not found
03-20 17:17:47.014   192   581 E NetlinkEvent: NetlinkEvent::FindParam(): Parameter 'UID' not found
03-20 17:17:48.007   192   581 E NetlinkEvent: NetlinkEvent::FindParam(): Parameter 'UID' not found
03-20 17:18:19.013   591   725 I chatty  : uid=1000(system) Binder_3 expire 5 lines
03-20 17:18:19.017   192   581 E NetlinkEvent: NetlinkEvent::FindParam(): Parameter 'UID' not found
03-20 17:18:19.039   192   581 E NetlinkEvent: NetlinkEvent::FindParam(): Parameter 'UID' not found
03-20 17:18:19.208   591  1076 I chatty  : uid=1000(system) Binder_4 expire 3 lines
03-20 17:18:55.008   192   581 E NetlinkEvent: NetlinkEvent::FindParam(): Parameter 'UID' not found
03-20 17:18:55.028   192   581 E NetlinkEvent: NetlinkEvent::FindParam(): Parameter 'UID' not found
03-20 17:19:35.009   192   581 E NetlinkEvent: NetlinkEvent::FindParam(): Parameter 'UID' not found
03-20 17:19:55.009   192   581 E NetlinkEvent: NetlinkEvent::FindParam(): Parameter 'UID' not found
03-20 17:19:55.019   192   581 E NetlinkEvent: NetlinkEvent::FindParam(): Parameter 'UID' not found
03-20 17:19:55.045   192   581 E NetlinkEvent: NetlinkEvent::FindParam(): Parameter 'UID' not found
03-20 17:20:15.011   192   581 E NetlinkEvent: NetlinkEvent::FindParam(): Parameter 'UID' not found
03-20 17:20:29.016   192   581 E NetlinkEvent: NetlinkEvent::FindParam(): Parameter 'UID' not found
03-20 17:21:16.010   192   581 E NetlinkEvent: NetlinkEvent::FindParam(): Parameter 'UID' not found
03-20 17:21:16.030   192   581 E NetlinkEvent: NetlinkEvent::FindParam(): Parameter 'UID' not found
03-20 17:21:55.011   192   581 E NetlinkEvent: NetlinkEvent::FindParam(): Parameter 'UID' not found
03-20 17:21:55.084   192   581 E NetlinkEvent: NetlinkEvent::FindParam(): Parameter 'UID' not found
03-20 17:22:55.010   192   581 E NetlinkEvent: NetlinkEvent::FindParam(): Parameter 'UID' not found
03-20 17:22:55.042   192   581 E NetlinkEvent: NetlinkEvent::FindParam(): Parameter 'UID' not found
03-20 17:23:17.014   192   581 E NetlinkEvent: NetlinkEvent::FindParam(): Parameter 'UID' not found
03-20 17:23:55.007   192   581 E NetlinkEvent: NetlinkEvent::FindParam(): Parameter 'UID' not found
03-20 17:23:55.013   192   581 E NetlinkEvent: NetlinkEvent::FindParam(): Parameter 'UID' not found
03-20 17:23:55.038   192   581 E NetlinkEvent: NetlinkEvent::FindParam(): Parameter 'UID' not found
03-20 17:24:11.014   192   581 E NetlinkEvent: NetlinkEvent::FindParam(): Parameter 'UID' not found
03-20 17:24:29.005   192   581 E NetlinkEvent: NetlinkEvent::FindParam(): Parameter 'UID' not found
03-20 17:24:29.006   192   581 E NetlinkEvent: NetlinkEvent::FindParam(): Parameter 'UID' not found
03-20 17:24:43.112   192   581 E NetlinkEvent: NetlinkEvent::FindParam(): Parameter 'UID' not found
03-20 17:25:28.012   192   581 E NetlinkEvent: NetlinkEvent::FindParam(): Parameter 'UID' not found
03-20 17:26:22.008   192   581 E NetlinkEvent: NetlinkEvent::FindParam(): Parameter 'UID' not found
03-20 17:26:55.008   192   581 E NetlinkEvent: NetlinkEvent::FindParam(): Parameter 'UID' not found
03-20 17:26:55.035   192   581 E NetlinkEvent: NetlinkEvent::FindParam(): Parameter 'UID' not found
03-20 17:27:19.024   192   581 E NetlinkEvent: NetlinkEvent::FindParam(): Parameter 'UID' not found
03-20 17:27:29.065   192   581 E NetlinkEvent: NetlinkEvent::FindParam(): Parameter 'UID' not found
03-20 17:28:53.009   192   581 E NetlinkEvent: NetlinkEvent::FindParam(): Parameter 'UID' not found
03-20 17:28:55.006   192   581 E NetlinkEvent: NetlinkEvent::FindParam(): Parameter 'UID' not found
03-20 17:29:17.017   192   581 E NetlinkEvent: NetlinkEvent::FindParam(): Parameter 'UID' not found
03-20 17:29:28.009   192   581 E NetlinkEvent: NetlinkEvent::FindParam(): Parameter 'UID' not found
03-20 17:30:18.013   192   581 E NetlinkEvent: NetlinkEvent::FindParam(): Parameter 'UID' not found
03-20 17:30:23.010   192   581 E NetlinkEvent: NetlinkEvent::FindParam(): Parameter 'UID' not found
03-20 17:30:32.854   591   612 I chatty  : uid=1000(system) PowerManagerSer expire 6 lines
03-20 17:30:32.949   591   610 I chatty  : uid=1000(system) android.display expire 3 lines
03-20 17:30:33.050   192   581 E NetlinkEvent: NetlinkEvent::FindParam(): Parameter 'UID' not found
03-20 17:30:33.090   591   660 I chatty  : uid=1000(system) ConnectivitySer expire 32 lines
03-20 17:30:33.091   192   581 E NetlinkEvent: NetlinkEvent::FindParam(): Parameter 'UID' not found
03-20 17:30:36.277   591   606 I chatty  : uid=1000(system) android.ui expire 1 line
03-20 17:30:36.516   591  1121 I chatty  : uid=1000(system) Binder_6 expire 9 lines
03-20 17:30:55.639   591   658 I chatty  : uid=1000(system) WifiStateMachin expire 1 line
03-20 17:31:12.696   591   659 I chatty  : uid=1000(system) WifiService expire 10 lines
03-20 17:31:15.320   591 28378 I chatty  : uid=1000(system) Binder_10 expire 3 lines
03-20 17:31:27.186   591   604 I chatty  : uid=1000(system) android.bg expire 2 lines
03-20 17:32:56.511   192   581 E NetlinkEvent: NetlinkEvent::FindParam(): Parameter 'UID' not found
03-20 17:32:57.631   192   581 E NetlinkEvent: NetlinkEvent::FindParam(): Parameter 'UID' not found
03-20 17:33:13.830   192   581 E NetlinkEvent: NetlinkEvent::FindParam(): Parameter 'UID' not found
03-20 17:33:14.772   192   581 E NetlinkEvent: NetlinkEvent::FindParam(): Parameter 'UID' not found
03-20 17:33:30.270   192   581 E NetlinkEvent: NetlinkEvent::FindParam(): Parameter 'UID' not found
03-20 17:33:31.772   192   581 E NetlinkEvent: NetlinkEvent::FindParam(): Parameter 'UID' not found
03-20 17:34:05.390   192   581 E NetlinkEvent: NetlinkEvent::FindParam(): Parameter 'UID' not found
03-20 17:34:05.772   192   581 E NetlinkEvent: NetlinkEvent::FindParam(): Parameter 'UID' not found
03-20 17:34:39.552   192   581 E NetlinkEvent: NetlinkEvent::FindParam(): Parameter 'UID' not found
03-20 17:34:39.770   192   581 E NetlinkEvent: NetlinkEvent::FindParam(): Parameter 'UID' not found
03-20 17:35:13.631   192   581 E NetlinkEvent: NetlinkEvent::FindParam(): Parameter 'UID' not found
03-20 17:35:13.772   192   581 E NetlinkEvent: NetlinkEvent::FindParam(): Parameter 'UID' not found
03-20 17:35:46.312   192   581 E NetlinkEvent: NetlinkEvent::FindParam(): Parameter 'UID' not found
03-20 17:35:47.772   192   581 E NetlinkEvent: NetlinkEvent::FindParam(): Parameter 'UID' not found
03-20 17:36:20.470   192   581 E NetlinkEvent: NetlinkEvent::FindParam(): Parameter 'UID' not found
03-20 17:36:21.772   192   581 E NetlinkEvent: NetlinkEvent::FindParam(): Parameter 'UID' not found
03-20 17:36:37.191   192   581 E NetlinkEvent: NetlinkEvent::FindParam(): Parameter 'UID' not found
03-20 17:36:38.772   192   581 E NetlinkEvent: NetlinkEvent::FindParam(): Parameter 'UID' not found
03-20 17:36:54.310   192   581 E NetlinkEvent: NetlinkEvent::FindParam(): Parameter 'UID' not found
03-20 17:36:55.772   192   581 E NetlinkEvent: NetlinkEvent::FindParam(): Parameter 'UID' not found
03-20 17:37:12.472   192   581 E NetlinkEvent: NetlinkEvent::FindParam(): Parameter 'UID' not found
03-20 17:37:12.813   192   581 E NetlinkEvent: NetlinkEvent::FindParam(): Parameter 'UID' not found
03-20 17:37:28.483   192   581 E NetlinkEvent: NetlinkEvent::FindParam(): Parameter 'UID' not found
03-20 17:37:28.537   192   581 E NetlinkEvent: NetlinkEvent::FindParam(): Parameter 'UID' not found
03-20 17:38:36.470   192   581 E NetlinkEvent: NetlinkEvent::FindParam(): Parameter 'UID' not found
03-20 17:38:37.753   192   581 E NetlinkEvent: NetlinkEvent::FindParam(): Parameter 'UID' not found
03-20 17:39:13.701   591   616 I chatty  : uid=1000(system) PackageManager expire 5 lines
03-20 17:39:13.808 19426 19438 D DefContainer: Copying /data/local/tmp/example.joe.helloworld to base.apk
03-20 17:39:14.623   591   591 I chatty  : uid=1000 system_server expire 5 lines
03-20 17:39:14.843   591 22799 I chatty  : uid=1000(system) Binder_E expire 2 lines
03-20 17:39:14.944   591 22797 I chatty  : uid=1000(system) Binder_D expire 1 line
03-20 17:39:15.186   591 22911 I chatty  : uid=1000(system) Binder_F expire 2 lines
03-20 17:39:15.948 19593 19628 D ActivityThread: Loading provider com.android.email.provider;com.android.email.notifier: com.android.email.provider.EmailProvider
03-20 17:39:15.952 19593 19630 D ActivityThread: Loading provider com.android.email.provider;com.android.email.notifier: com.android.email.provider.EmailProvider
03-20 17:39:15.962 19593 19632 D ActivityThread: Loading provider com.android.email.provider;com.android.email.notifier: com.android.email.provider.EmailProvider
03-20 17:39:17.782   591   650 I chatty  : uid=1000(system) InputReader expire 1 line
03-20 17:39:23.905   591   603 I chatty  : uid=1000(system) Binder_2 expire 1 line
03-20 17:39:24.281   591 28378 I chatty  : uid=1000(system) Binder_10 expire 1 line
03-20 17:39:26.476   591   605 I chatty  : uid=1000(system) ActivityManager expire 1 line
03-20 17:39:26.854   591   660 I chatty  : uid=1000(system) ConnectivitySer expire 1 line
03-20 17:39:27.163   591 22799 I chatty  : uid=1000(system) Binder_E expire 1 line
03-20 17:39:28.853   591   659 I chatty  : uid=1000(system) WifiService expire 1 line
03-20 17:39:28.890   591  1131 I chatty  : uid=1000(system) Binder_7 expire 1 line
03-20 17:39:38.902   591   660 I chatty  : uid=1000(system) ConnectivitySer expire 1 line
03-20 17:39:44.088   591  1121 I chatty  : uid=1000(system) Binder_6 expire 2 lines
03-20 17:39:44.104   591   603 I chatty  : uid=1000(system) Binder_2 expire 1 line
03-20 17:39:44.190   591  1121 I chatty  : uid=1000(system) Binder_6 expire 1 line
03-20 17:39:44.200   591  1076 I chatty  : uid=1000(system) Binder_4 expire 1 line
03-20 17:39:44.217   591   605 I chatty  : uid=1000(system) ActivityManager expire 1 line
03-20 17:39:44.370   591 22797 I chatty  : uid=1000(system) Binder_D expire 1 line
03-20 17:39:44.489   591  1119 I chatty  : uid=1000(system) Binder_5 expire 1 line
03-20 17:39:44.528   591   659 I chatty  : uid=1000(system) WifiService expire 1 line
03-20 17:39:45.278   591  1136 I chatty  : uid=1000(system) Binder_8 expire 2 lines
