03-20 18:57:52.195 25438 25438 E AndroidRuntime: java.lang.UnsatisfiedLinkError: com.android.tools.fd.runtime.IncrementalClassLoader$DelegateClassLoader[DexPathList[[dex file "/data/data/example.joe.helloworld/files/instant-run/dex/slice-support-annotations-23.2.1_a1951760cb0a8a4f984ad11d925cb985dcd14262-classes.dex", dex file "/data/data/example.joe.helloworld/files/instant-run/dex/slice-slice_9-classes.dex", dex file "/data/data/example.joe.helloworld/files/instant-run/dex/slice-slice_8-classes.dex", dex file "/data/data/example.joe.helloworld/files/instant-run/dex/slice-slice_7-classes.dex", dex file "/data/data/example.joe.helloworld/files/instant-run/dex/slice-slice_6-classes.dex", dex file "/data/data/example.joe.helloworld/files/instant-run/dex/slice-slice_5-classes.dex", dex file "/data/data/example.joe.helloworld/files/instant-run/dex/slice-slice_4-classes.dex", dex file "/data/data/example.joe.helloworld/files/instant-run/dex/slice-slice_3-classes.dex", dex file "/data/data/example.joe.helloworld/files/instant-run/dex/slice-slice_2-classes.dex", dex file "/data/data/example.joe.helloworld/files/instant-run/dex/slice-slice_1-classes.dex", dex file "/data/data/example.joe.helloworld/files/instant-run/dex/slice-slice_0-classes.dex", dex file "/data/data/example.joe.helloworld/files/instant-run/dex/slice-internal_impl-23.2.1_1388ecb429873f053f5e1510ae048908b3461848-classes.dex", dex file "/data/data/example.joe.helloworld/files/instant-run/dex/slice-com.android.support-support-vector-drawable-23.2.1_1a6893614ef72dd62ac51f0218779d85487a0dba-classes.dex", dex file "/data/data/example.joe.helloworld/files/instant-run/dex/slice-com.android.support-support-v4-23.2.1_22f8372c1ec351cad235a22034d33d1f5178e444-classes.dex", dex file "/data/data/example.joe.helloworld/files/instant-run/dex/slice-com.android.support-recyclerview-v7-23.2.1_188c14bc5f342cc700ca06aa82535e11118554a5-classes.dex", dex file "/data/data/example.joe.helloworld/files/instant-run/dex/slice-com.android.support-design-23.2.1_fe761ca846caafdee6f724feba3e49068b36dddf-classes.dex", dex file "/data/data/example.joe.helloworld/files/instant-run/dex/slice-com.android.support-appcompat-v7-23.2.1_d986a667d330ce7e15cc50a0faa8af03cbd97db2-classes.dex", dex file "/data/data/example.joe.helloworld/files/instant-run/dex/slice-com.android.support-animated-vector-drawable-23.2.1_723609078da0cedbde5f432f9b49b000b4e44427-classes.dex"],nativeLibraryDirectories=[/data/app/example.joe.helloworld-2/lib/arm, /vendor/lib, /system/lib]]] couldn't find "libvoVidDec.so"
03-20 18:57:52.195 25438 25438 E AndroidRuntime: 	at java.lang.Runtime.loadLibrary(Runtime.java:367)
03-20 18:57:52.195 25438 25438 E AndroidRuntime: 	at java.lang.System.loadLibrary(System.java:1076)
03-20 18:57:52.195 25438 25438 E AndroidRuntime: 	at example.joe.helloworld.MainActivity.<clinit>(MainActivity.java:17)
03-20 18:57:52.195 25438 25438 E AndroidRuntime: 	at java.lang.Class.newInstance(Native Method)
03-20 18:57:52.195 25438 25438 E AndroidRuntime: 	at android.app.Instrumentation.newActivity(Instrumentation.java:1067)
03-20 18:57:52.195 25438 25438 E AndroidRuntime: 	at android.app.ActivityThread.performLaunchActivity(ActivityThread.java:2317)
03-20 18:57:52.195 25438 25438 E AndroidRuntime: 	at android.app.ActivityThread.handleLaunchActivity(ActivityThread.java:2476)
03-20 18:57:52.195 25438 25438 E AndroidRuntime: 	at android.app.ActivityThread.-wrap11(ActivityThread.java)
03-20 18:57:52.195 25438 25438 E AndroidRuntime: 	at android.app.ActivityThread$H.handleMessage(ActivityThread.java:1344)
03-20 18:57:52.195 25438 25438 E AndroidRuntime: 	at android.os.Handler.dispatchMessage(Handler.java:102)
03-20 18:57:52.195 25438 25438 E AndroidRuntime: 	at android.os.Looper.loop(Looper.java:148)
03-20 18:57:52.195 25438 25438 E AndroidRuntime: 	at android.app.ActivityThread.main(ActivityThread.java:5417)
03-20 18:57:52.195 25438 25438 E AndroidRuntime: 	at java.lang.reflect.Method.invoke(Native Method)
03-20 18:57:52.195 25438 25438 E AndroidRuntime: 	at com.android.internal.os.ZygoteInit$MethodAndArgsCaller.run(ZygoteInit.java:726)
03-20 18:57:52.195 25438 25438 E AndroidRuntime: 	at com.android.internal.os.ZygoteInit.main(ZygoteInit.java:616)
03-20 18:57:52.197   591 22797 W ActivityManager:   Force finishing activity example.joe.helloworld/.MainActivity
03-20 18:57:52.720   591   605 W ActivityManager: Activity pause timeout for ActivityRecord{5742677 u0 example.joe.helloworld/.MainActivity t1416 f}
03-20 18:57:53.218   591 28378 W WindowManager: Failed looking up window
03-20 18:57:53.218   591 28378 W WindowManager: java.lang.IllegalArgumentException: Requested window android.os.BinderProxy@90916b does not exist
03-20 18:57:53.218   591 28378 W WindowManager: 	at com.android.server.wm.WindowManagerService.windowForClientLocked(WindowManagerService.java:8736)
03-20 18:57:53.218   591 28378 W WindowManager: 	at com.android.server.wm.WindowManagerService.windowForClientLocked(WindowManagerService.java:8727)
03-20 18:57:53.218   591 28378 W WindowManager: 	at com.android.server.wm.WindowManagerService.removeWindow(WindowManagerService.java:2698)
03-20 18:57:53.218   591 28378 W WindowManager: 	at com.android.server.wm.Session.remove(Session.java:187)
03-20 18:57:53.218   591 28378 W WindowManager: 	at android.view.IWindowSession$Stub.onTransact(IWindowSession.java:242)
03-20 18:57:53.218   591 28378 W WindowManager: 	at com.android.server.wm.Session.onTransact(Session.java:130)
03-20 18:57:53.218   591 28378 W WindowManager: 	at android.os.Binder.execTransact(Binder.java:453)
03-20 18:58:01.387   591  1076 W InputMethodManagerService: Window already focused, ignoring focus gain of: com.android.internal.view.IInputMethodClient$Stub$Proxy@9448c86 attribute=null, token = android.os.BinderProxy@94bf353
03-20 18:58:01.500   591  1119 I ActivityManager: Process example.joe.helloworld (pid 25438) has died
03-20 18:58:01.565   591   610 W AppOps  : Finishing op nesting under-run: uid 1000 pkg android code 24 time=0 duration=0 nesting=0
03-20 18:58:31.309   591   612 I PowerManagerService: Going to sleep due to screen timeout (uid 1000)...
03-20 18:58:31.311   591   612 I PowerManagerService: Sleeping (uid 1000)...
03-20 18:58:31.916   591   610 I DisplayManagerService: Display device changed state: "", OFF
03-20 18:58:32.402   591 22797 I ActivityManager: Start proc 25713:com.tencent.catfishsdk.remote/u0a50 for service com.tencent.qqpimsecure/com.tencent.catfishsdk.core.service.SecureService
03-20 18:58:32.495   591   659 D WifiService: New client listening to asynchronous messages
03-20 18:58:34.118   591   659 D WifiService: Client connection lost with reason: 4
03-20 18:58:34.170   591  1136 I ActivityManager: Process com.tencent.catfishsdk.remote (pid 25713) has died
03-20 18:58:51.088   591   650 I PowerManagerService: Waking up from sleep (uid 1000)...
03-20 18:58:51.096   591   612 I DisplayPowerController: Blocking screen on until initial contents have been drawn.
03-20 18:58:51.124   591   610 I DisplayManagerService: Display device changed state: "", ON
03-20 18:58:51.266   591   612 I DisplayPowerController: Unblocked screen on after 171 ms
03-20 18:58:51.976   591   605 W BroadcastQueue: Permission Denial: broadcasting Intent { act=android.intent.action.USER_PRESENT flg=0x24000010 } from com.android.systemui (pid=712, uid=10014) is not exported from uid 10050 due to receiver com.tencent.qqpimsecure/com.tencent.server.back.FastBootReceiver
03-20 18:58:51.980   591  1137 W BroadcastQueue: Permission Denial: broadcasting Intent { act=android.intent.action.USER_PRESENT flg=0x24000010 } from com.android.systemui (pid=712, uid=10014) is not exported from uid 10113 due to receiver com.tencent.qqlive/.services.push.PushAlarmReceiver
03-20 18:58:51.988   591  1136 W InputMethodManagerService: Window already focused, ignoring focus gain of: com.android.internal.view.IInputMethodClient$Stub$Proxy@3b7b610 attribute=android.view.inputmethod.EditorInfo@f119509, token = android.os.BinderProxy@94bf353
03-20 18:58:52.144   591 22799 W WindowManager: Failed looking up window
03-20 18:58:52.144   591 22799 W WindowManager: java.lang.IllegalArgumentException: Requested window android.os.BinderProxy@bb578c5 does not exist
03-20 18:58:52.144   591 22799 W WindowManager: 	at com.android.server.wm.WindowManagerService.windowForClientLocked(WindowManagerService.java:8736)
03-20 18:58:52.144   591 22799 W WindowManager: 	at com.android.server.wm.WindowManagerService.windowForClientLocked(WindowManagerService.java:8727)
03-20 18:58:52.144   591 22799 W WindowManager: 	at com.android.server.wm.WindowManagerService.removeWindow(WindowManagerService.java:2698)
03-20 18:58:52.144   591 22799 W WindowManager: 	at com.android.server.wm.Session.remove(Session.java:187)
03-20 18:58:52.144   591 22799 W WindowManager: 	at android.view.IWindowSession$Stub.onTransact(IWindowSession.java:242)
03-20 18:58:52.144   591 22799 W WindowManager: 	at com.android.server.wm.Session.onTransact(Session.java:130)
03-20 18:58:52.144   591 22799 W WindowManager: 	at android.os.Binder.execTransact(Binder.java:453)
03-20 18:58:53.813   591  1136 I ActivityManager: START u0 {act=android.intent.action.MAIN cat=[android.intent.category.LAUNCHER] flg=0x10200000 cmp=example.joe.helloworld/.MainActivity (has extras)} from uid 10006 on display 0
03-20 18:58:53.883   591 28378 I ActivityManager: Start proc 25794:example.joe.helloworld/u0a244 for activity example.joe.helloworld/.MainActivity
03-20 18:58:54.247 25794 25794 E AndroidRuntime: FATAL EXCEPTION: main
03-20 18:58:54.247 25794 25794 E AndroidRuntime: Process: example.joe.helloworld, PID: 25794
03-20 18:58:54.247 25794 25794 E AndroidRuntime: java.lang.UnsatisfiedLinkError: com.android.tools.fd.runtime.IncrementalClassLoader$DelegateClassLoader[DexPathList[[dex file "/data/data/example.joe.helloworld/files/instant-run/dex/slice-support-annotations-23.2.1_a1951760cb0a8a4f984ad11d925cb985dcd14262-classes.dex", dex file "/data/data/example.joe.helloworld/files/instant-run/dex/slice-slice_9-classes.dex", dex file "/data/data/example.joe.helloworld/files/instant-run/dex/slice-slice_8-classes.dex", dex file "/data/data/example.joe.helloworld/files/instant-run/dex/slice-slice_7-classes.dex", dex file "/data/data/example.joe.helloworld/files/instant-run/dex/slice-slice_6-classes.dex", dex file "/data/data/example.joe.helloworld/files/instant-run/dex/slice-slice_5-classes.dex", dex file "/data/data/example.joe.helloworld/files/instant-run/dex/slice-slice_4-classes.dex", dex file "/data/data/example.joe.helloworld/files/instant-run/dex/slice-slice_3-classes.dex", dex file "/data/data/example.joe.helloworld/files/instant-run/dex/slice-slice_2-classes.dex", dex file "/data/data/example.joe.helloworld/files/instant-run/dex/slice-slice_1-classes.dex", dex file "/data/data/example.joe.helloworld/files/instant-run/dex/slice-slice_0-classes.dex", dex file "/data/data/example.joe.helloworld/files/instant-run/dex/slice-internal_impl-23.2.1_1388ecb429873f053f5e1510ae048908b3461848-classes.dex", dex file "/data/data/example.joe.helloworld/files/instant-run/dex/slice-com.android.support-support-vector-drawable-23.2.1_1a6893614ef72dd62ac51f0218779d85487a0dba-classes.dex", dex file "/data/data/example.joe.helloworld/files/instant-run/dex/slice-com.android.support-support-v4-23.2.1_22f8372c1ec351cad235a22034d33d1f5178e444-classes.dex", dex file "/data/data/example.joe.helloworld/files/instant-run/dex/slice-com.android.support-recyclerview-v7-23.2.1_188c14bc5f342cc700ca06aa82535e11118554a5-classes.dex", dex file "/data/data/example.joe.helloworld/files/instant-run/dex/slice-com.android.support-design-23.2.1_fe761ca846caafdee6f724feba3e49068b36dddf-classes.dex", dex file "/data/data/example.joe.helloworld/files/instant-run/dex/slice-com.android.support-appcompat-v7-23.2.1_d986a667d330ce7e15cc50a0faa8af03cbd97db2-classes.dex", dex file "/data/data/example.joe.helloworld/files/instant-run/dex/slice-com.android.support-animated-vector-drawable-23.2.1_723609078da0cedbde5f432f9b49b000b4e44427-classes.dex"],nativeLibraryDirectories=[/data/app/example.joe.helloworld-2/lib/arm, /vendor/lib, /system/lib]]] couldn't find "libvoVidDec.so"
03-20 18:58:54.247 25794 25794 E AndroidRuntime: 	at java.lang.Runtime.loadLibrary(Runtime.java:367)
03-20 18:58:54.247 25794 25794 E AndroidRuntime: 	at java.lang.System.loadLibrary(System.java:1076)
03-20 18:58:54.247 25794 25794 E AndroidRuntime: 	at example.joe.helloworld.MainActivity.<clinit>(MainActivity.java:17)
03-20 18:58:54.247 25794 25794 E AndroidRuntime: 	at java.lang.Class.newInstance(Native Method)
03-20 18:58:54.247 25794 25794 E AndroidRuntime: 	at android.app.Instrumentation.newActivity(Instrumentation.java:1067)
03-20 18:58:54.247 25794 25794 E AndroidRuntime: 	at android.app.ActivityThread.performLaunchActivity(ActivityThread.java:2317)
03-20 18:58:54.247 25794 25794 E AndroidRuntime: 	at android.app.ActivityThread.handleLaunchActivity(ActivityThread.java:2476)
03-20 18:58:54.247 25794 25794 E AndroidRuntime: 	at android.app.ActivityThread.-wrap11(ActivityThread.java)
03-20 18:58:54.247 25794 25794 E AndroidRuntime: 	at android.app.ActivityThread$H.handleMessage(ActivityThread.java:1344)
03-20 18:58:54.247 25794 25794 E AndroidRuntime: 	at android.os.Handler.dispatchMessage(Handler.java:102)
03-20 18:58:54.247 25794 25794 E AndroidRuntime: 	at android.os.Looper.loop(Looper.java:148)
03-20 18:58:54.247 25794 25794 E AndroidRuntime: 	at android.app.ActivityThread.main(ActivityThread.java:5417)
03-20 18:58:54.247 25794 25794 E AndroidRuntime: 	at java.lang.reflect.Method.invoke(Native Method)
03-20 18:58:54.247 25794 25794 E AndroidRuntime: 	at com.android.internal.os.ZygoteInit$MethodAndArgsCaller.run(ZygoteInit.java:726)
03-20 18:58:54.247 25794 25794 E AndroidRuntime: 	at com.android.internal.os.ZygoteInit.main(ZygoteInit.java:616)
03-20 18:58:54.250   591  1137 W ActivityManager:   Force finishing activity example.joe.helloworld/.MainActivity
03-20 18:58:54.792   591   605 W ActivityManager: Activity pause timeout for ActivityRecord{46ea21a u0 example.joe.helloworld/.MainActivity t1417 f}
03-20 18:58:55.362   591   603 W WindowManager: Failed looking up window
03-20 18:58:55.362   591   603 W WindowManager: java.lang.IllegalArgumentException: Requested window android.os.BinderProxy@af08aa3 does not exist
03-20 18:58:55.362   591   603 W WindowManager: 	at com.android.server.wm.WindowManagerService.windowForClientLocked(WindowManagerService.java:8736)
03-20 18:58:55.362   591   603 W WindowManager: 	at com.android.server.wm.WindowManagerService.windowForClientLocked(WindowManagerService.java:8727)
03-20 18:58:55.362   591   603 W WindowManager: 	at com.android.server.wm.WindowManagerService.removeWindow(WindowManagerService.java:2698)
03-20 18:58:55.362   591   603 W WindowManager: 	at com.android.server.wm.Session.remove(Session.java:187)
03-20 18:58:55.362   591   603 W WindowManager: 	at android.view.IWindowSession$Stub.onTransact(IWindowSession.java:242)
03-20 18:58:55.362   591   603 W WindowManager: 	at com.android.server.wm.Session.onTransact(Session.java:130)
03-20 18:58:55.362   591   603 W WindowManager: 	at android.os.Binder.execTransact(Binder.java:453)
03-20 18:58:56.806   591  1136 W InputMethodManagerService: Window already focused, ignoring focus gain of: com.android.internal.view.IInputMethodClient$Stub$Proxy@a7ce11e attribute=null, token = android.os.BinderProxy@94bf353
03-20 18:58:56.930   591   603 I ActivityManager: Process example.joe.helloworld (pid 25794) has died
03-20 18:58:56.991   591   610 W AppOps  : Finishing op nesting under-run: uid 1000 pkg android code 24 time=0 duration=0 nesting=0
03-20 18:59:26.758   591   612 I PowerManagerService: Going to sleep due to screen timeout (uid 1000)...
03-20 18:59:26.759   591   612 I PowerManagerService: Sleeping (uid 1000)...
03-20 18:59:27.372   591   610 I DisplayManagerService: Display device changed state: "", OFF
03-20 18:59:27.922   591 28378 I ActivityManager: Start proc 25940:com.tencent.catfishsdk.remote/u0a50 for service com.tencent.qqpimsecure/com.tencent.catfishsdk.core.service.SecureService
03-20 18:59:28.029   591   659 D WifiService: New client listening to asynchronous messages
03-20 18:59:29.667   591   659 D WifiService: Client connection lost with reason: 4
03-20 18:59:29.720   591  1136 I ActivityManager: Process com.tencent.catfishsdk.remote (pid 25940) has died
03-20 18:59:49.791   192   581 E NetlinkEvent: NetlinkEvent::FindParam(): Parameter 'UID' not found
03-20 18:59:51.743   192   581 E NetlinkEvent: NetlinkEvent::FindParam(): Parameter 'UID' not found
03-20 19:00:01.568   591   650 I PowerManagerService: Waking up from sleep (uid 1000)...
03-20 19:00:01.572   591   612 I DisplayPowerController: Blocking screen on until initial contents have been drawn.
03-20 19:00:01.596   591   610 I DisplayManagerService: Display device changed state: "", ON
03-20 19:00:01.807   591   612 I DisplayPowerController: Unblocked screen on after 234 ms
03-20 19:00:02.388   591   605 W BroadcastQueue: Permission Denial: broadcasting Intent { act=android.intent.action.USER_PRESENT flg=0x24000010 } from com.android.systemui (pid=712, uid=10014) is not exported from uid 10050 due to receiver com.tencent.qqpimsecure/com.tencent.server.back.FastBootReceiver
03-20 19:00:02.398   591  1119 W BroadcastQueue: Permission Denial: broadcasting Intent { act=android.intent.action.USER_PRESENT flg=0x24000010 } from com.android.systemui (pid=712, uid=10014) is not exported from uid 10113 due to receiver com.tencent.qqlive/.services.push.PushAlarmReceiver
03-20 19:00:02.408   591 22797 W InputMethodManagerService: Window already focused, ignoring focus gain of: com.android.internal.view.IInputMethodClient$Stub$Proxy@6d62039 attribute=android.view.inputmethod.EditorInfo@c13467e, token = android.os.BinderProxy@94bf353
03-20 19:00:02.613   591  1305 W WindowManager: Failed looking up window
03-20 19:00:02.613   591  1305 W WindowManager: java.lang.IllegalArgumentException: Requested window android.os.BinderProxy@7e7cc2c does not exist
03-20 19:00:02.613   591  1305 W WindowManager: 	at com.android.server.wm.WindowManagerService.windowForClientLocked(WindowManagerService.java:8736)
03-20 19:00:02.613   591  1305 W WindowManager: 	at com.android.server.wm.WindowManagerService.windowForClientLocked(WindowManagerService.java:8727)
03-20 19:00:02.613   591  1305 W WindowManager: 	at com.android.server.wm.WindowManagerService.removeWindow(WindowManagerService.java:2698)
03-20 19:00:02.613   591  1305 W WindowManager: 	at com.android.server.wm.Session.remove(Session.java:187)
03-20 19:00:02.613   591  1305 W WindowManager: 	at android.view.IWindowSession$Stub.onTransact(IWindowSession.java:242)
03-20 19:00:02.613   591  1305 W WindowManager: 	at com.android.server.wm.Session.onTransact(Session.java:130)
03-20 19:00:02.613   591  1305 W WindowManager: 	at android.os.Binder.execTransact(Binder.java:453)
03-20 19:00:04.093   591   602 I ActivityManager: START u0 {act=android.intent.action.MAIN cat=[android.intent.category.LAUNCHER] flg=0x10200000 cmp=example.joe.helloworld/.MainActivity (has extras)} from uid 10006 on display 0
03-20 19:00:04.130   591 22797 I ActivityManager: Start proc 26035:example.joe.helloworld/u0a244 for activity example.joe.helloworld/.MainActivity
03-20 19:00:04.471 26035 26035 E AndroidRuntime: FATAL EXCEPTION: main
03-20 19:00:04.471 26035 26035 E AndroidRuntime: Process: example.joe.helloworld, PID: 26035
03-20 19:00:04.471 26035 26035 E AndroidRuntime: java.lang.UnsatisfiedLinkError: com.android.tools.fd.runtime.IncrementalClassLoader$DelegateClassLoader[DexPathList[[dex file "/data/data/example.joe.helloworld/files/instant-run/dex/slice-support-annotations-23.2.1_a1951760cb0a8a4f984ad11d925cb985dcd14262-classes.dex", dex file "/data/data/example.joe.helloworld/files/instant-run/dex/slice-slice_9-classes.dex", dex file "/data/data/example.joe.helloworld/files/instant-run/dex/slice-slice_8-classes.dex", dex file "/data/data/example.joe.helloworld/files/instant-run/dex/slice-slice_7-classes.dex", dex file "/data/data/example.joe.helloworld/files/instant-run/dex/slice-slice_6-classes.dex", dex file "/data/data/example.joe.helloworld/files/instant-run/dex/slice-slice_5-classes.dex", dex file "/data/data/example.joe.helloworld/files/instant-run/dex/slice-slice_4-classes.dex", dex file "/data/data/example.joe.helloworld/files/instant-run/dex/slice-slice_3-classes.dex", dex file "/data/data/example.joe.helloworld/files/instant-run/dex/slice-slice_2-classes.dex", dex file "/data/data/example.joe.helloworld/files/instant-run/dex/slice-slice_1-classes.dex", dex file "/data/data/example.joe.helloworld/files/instant-run/dex/slice-slice_0-classes.dex", dex file "/data/data/example.joe.helloworld/files/instant-run/dex/slice-internal_impl-23.2.1_1388ecb429873f053f5e1510ae048908b3461848-classes.dex", dex file "/data/data/example.joe.helloworld/files/instant-run/dex/slice-com.android.support-support-vector-drawable-23.2.1_1a6893614ef72dd62ac51f0218779d85487a0dba-classes.dex", dex file "/data/data/example.joe.helloworld/files/instant-run/dex/slice-com.android.support-support-v4-23.2.1_22f8372c1ec351cad235a22034d33d1f5178e444-classes.dex", dex file "/data/data/example.joe.helloworld/files/instant-run/dex/slice-com.android.support-recyclerview-v7-23.2.1_188c14bc5f342cc700ca06aa82535e11118554a5-classes.dex", dex file "/data/data/example.joe.helloworld/files/instant-run/dex/slice-com.android.support-design-23.2.1_fe761ca846caafdee6f724feba3e49068b36dddf-classes.dex", dex file "/data/data/example.joe.helloworld/files/instant-run/dex/slice-com.android.support-appcompat-v7-23.2.1_d986a667d330ce7e15cc50a0faa8af03cbd97db2-classes.dex", dex file "/data/data/example.joe.helloworld/files/instant-run/dex/slice-com.android.support-animated-vector-drawable-23.2.1_723609078da0cedbde5f432f9b49b000b4e44427-classes.dex"],nativeLibraryDirectories=[/data/app/example.joe.helloworld-2/lib/arm, /vendor/lib, /system/lib]]] couldn't find "libvoVidDec.so"
03-20 19:00:04.471 26035 26035 E AndroidRuntime: 	at java.lang.Runtime.loadLibrary(Runtime.java:367)
03-20 19:00:04.471 26035 26035 E AndroidRuntime: 	at java.lang.System.loadLibrary(System.java:1076)
03-20 19:00:04.471 26035 26035 E AndroidRuntime: 	at example.joe.helloworld.MainActivity.<clinit>(MainActivity.java:17)
03-20 19:00:04.471 26035 26035 E AndroidRuntime: 	at java.lang.Class.newInstance(Native Method)
03-20 19:00:04.471 26035 26035 E AndroidRuntime: 	at android.app.Instrumentation.newActivity(Instrumentation.java:1067)
03-20 19:00:04.471 26035 26035 E AndroidRuntime: 	at android.app.ActivityThread.performLaunchActivity(ActivityThread.java:2317)
03-20 19:00:04.471 26035 26035 E AndroidRuntime: 	at android.app.ActivityThread.handleLaunchActivity(ActivityThread.java:2476)
03-20 19:00:04.471 26035 26035 E AndroidRuntime: 	at android.app.ActivityThread.-wrap11(ActivityThread.java)
03-20 19:00:04.471 26035 26035 E AndroidRuntime: 	at android.app.ActivityThread$H.handleMessage(ActivityThread.java:1344)
03-20 19:00:04.471 26035 26035 E AndroidRuntime: 	at android.os.Handler.dispatchMessage(Handler.java:102)
03-20 19:00:04.471 26035 26035 E AndroidRuntime: 	at android.os.Looper.loop(Looper.java:148)
03-20 19:00:04.471 26035 26035 E AndroidRuntime: 	at android.app.ActivityThread.main(ActivityThread.java:5417)
03-20 19:00:04.471 26035 26035 E AndroidRuntime: 	at java.lang.reflect.Method.invoke(Native Method)
03-20 19:00:04.471 26035 26035 E AndroidRuntime: 	at com.android.internal.os.ZygoteInit$MethodAndArgsCaller.run(ZygoteInit.java:726)
03-20 19:00:04.471 26035 26035 E AndroidRuntime: 	at com.android.internal.os.ZygoteInit.main(ZygoteInit.java:616)
03-20 19:00:04.474   591  1119 W ActivityManager:   Force finishing activity example.joe.helloworld/.MainActivity
03-20 19:00:05.003   591   605 W ActivityManager: Activity pause timeout for ActivityRecord{3ef86f5 u0 example.joe.helloworld/.MainActivity t1418 f}
03-20 19:00:05.379   591  1137 W WindowManager: Failed looking up window
03-20 19:00:05.379   591  1137 W WindowManager: java.lang.IllegalArgumentException: Requested window android.os.BinderProxy@1a17a42 does not exist
03-20 19:00:05.379   591  1137 W WindowManager: 	at com.android.server.wm.WindowManagerService.windowForClientLocked(WindowManagerService.java:8736)
03-20 19:00:05.379   591  1137 W WindowManager: 	at com.android.server.wm.WindowManagerService.windowForClientLocked(WindowManagerService.java:8727)
03-20 19:00:05.379   591  1137 W WindowManager: 	at com.android.server.wm.WindowManagerService.removeWindow(WindowManagerService.java:2698)
03-20 19:00:05.379   591  1137 W WindowManager: 	at com.android.server.wm.Session.remove(Session.java:187)
03-20 19:00:05.379   591  1137 W WindowManager: 	at android.view.IWindowSession$Stub.onTransact(IWindowSession.java:242)
03-20 19:00:05.379   591  1137 W WindowManager: 	at com.android.server.wm.Session.onTransact(Session.java:130)
03-20 19:00:05.379   591  1137 W WindowManager: 	at android.os.Binder.execTransact(Binder.java:453)
03-20 19:00:05.739   591  1076 W InputMethodManagerService: Window already focused, ignoring focus gain of: com.android.internal.view.IInputMethodClient$Stub$Proxy@50948af attribute=null, token = android.os.BinderProxy@94bf353
03-20 19:00:05.820   591  1137 I ActivityManager: Process example.joe.helloworld (pid 26035) has died
03-20 19:00:05.907   591   610 W AppOps  : Finishing op nesting under-run: uid 1000 pkg android code 24 time=0 duration=0 nesting=0
03-20 19:00:34.635   591 22799 I ActivityManager: START u0 {act=android.intent.action.MAIN cat=[android.intent.category.LAUNCHER] flg=0x10200000 cmp=example.joe.helloworld/.MainActivity (has extras)} from uid 10006 on display 0
03-20 19:00:34.676   591 22796 I ActivityManager: Start proc 26144:example.joe.helloworld/u0a244 for activity example.joe.helloworld/.MainActivity
03-20 19:00:39.278 26144 26144 F libc    : Fatal signal 11 (SIGSEGV), code 1, fault addr 0x120 in tid 26144 (.joe.helloworld)
03-20 19:00:39.386   193   193 F DEBUG   : *** *** *** *** *** *** *** *** *** *** *** *** *** *** *** ***
03-20 19:00:39.386   193   193 F DEBUG   : Build fingerprint: 'Android/aosp_flo/flo:6.0.1/MOB30P/tao07291525:userdebug/test-keys'
03-20 19:00:39.386   193   193 F DEBUG   : Revision: '0'
03-20 19:00:39.386   193   193 F DEBUG   : ABI: 'arm'
03-20 19:00:39.387   193   193 F DEBUG   : pid: 26144, tid: 26144, name: .joe.helloworld  >>> example.joe.helloworld <<<
03-20 19:00:39.387   193   193 F DEBUG   : signal 11 (SIGSEGV), code 1 (SEGV_MAPERR), fault addr 0x120
03-20 19:00:39.425   193   193 F DEBUG   :     r0 beda4148  r1 00000001  r2 b6fd9b34  r3 00000120
03-20 19:00:39.425   193   193 F DEBUG   :     r4 b36fbea0  r5 b075c5a8  r6 12cd2280  r7 12c53b00
03-20 19:00:39.425   193   193 F DEBUG   :     r8 12c53b00  r9 b4df6500  sl 12c96360  fp beda41a4
03-20 19:00:39.425   193   193 F DEBUG   :     ip 00004001  sp beda4138  lr b6d48e75  pc b36ef464  cpsr a00f0010
03-20 19:00:39.428   193   193 F DEBUG   : 
03-20 19:00:39.428   193   193 F DEBUG   : backtrace:
03-20 19:00:39.428   193   193 F DEBUG   :     #00 pc 00013464  /data/app/example.joe.helloworld-2/lib/arm/libvoVidDec.so
03-20 19:00:39.429   193   193 F DEBUG   :     #01 pc 00013c30  /data/app/example.joe.helloworld-2/lib/arm/libvoVidDec.so
03-20 19:00:39.429   193   193 F DEBUG   :     #02 pc 0000c5c1  /data/data/example.joe.helloworld/cache/slice-slice_5-classes.dex (offset 0x26000)
03-20 19:00:40.088   591 26296 W ActivityManager:   Force finishing activity example.joe.helloworld/.MainActivity
03-20 19:00:40.089   193   193 F DEBUG   : 
03-20 19:00:40.089   193   193 F DEBUG   : Tombstone written to: /data/tombstones/tombstone_02
03-20 19:00:40.090   591   608 I BootReceiver: Copying /data/tombstones/tombstone_02 to DropBox (SYSTEM_TOMBSTONE)
03-20 19:00:40.134   591 28378 I WindowState: WIN DEATH: Window{433934a u0 example.joe.helloworld/example.joe.helloworld.MainActivity}
03-20 19:00:40.136   591   603 I WindowState: WIN DEATH: Window{8c2416d u0 Toast}
03-20 19:00:40.139   591 26296 W ActivityManager: Exception thrown during pause
03-20 19:00:40.139   591 26296 W ActivityManager: android.os.DeadObjectException
03-20 19:00:40.139   591 26296 W ActivityManager: 	at android.os.BinderProxy.transactNative(Native Method)
03-20 19:00:40.139   591 26296 W ActivityManager: 	at android.os.BinderProxy.transact(Binder.java:503)
03-20 19:00:40.139   591 26296 W ActivityManager: 	at android.app.ApplicationThreadProxy.schedulePauseActivity(ApplicationThreadNative.java:727)
03-20 19:00:40.139   591 26296 W ActivityManager: 	at com.android.server.am.ActivityStack.startPausingLocked(ActivityStack.java:867)
03-20 19:00:40.139   591 26296 W ActivityManager: 	at com.android.server.am.ActivityStack.finishActivityLocked(ActivityStack.java:2907)
03-20 19:00:40.139   591 26296 W ActivityManager: 	at com.android.server.am.ActivityStack.finishTopRunningActivityLocked(ActivityStack.java:2763)
03-20 19:00:40.139   591 26296 W ActivityManager: 	at com.android.server.am.ActivityStackSupervisor.finishTopRunningActivityLocked(ActivityStackSupervisor.java:2760)
03-20 19:00:40.139   591 26296 W ActivityManager: 	at com.android.server.am.ActivityManagerService.handleAppCrashLocked(ActivityManagerService.java:12037)
03-20 19:00:40.139   591 26296 W ActivityManager: 	at com.android.server.am.ActivityManagerService.makeAppCrashingLocked(ActivityManagerService.java:11933)
03-20 19:00:40.139   591 26296 W ActivityManager: 	at com.android.server.am.ActivityManagerService.crashApplication(ActivityManagerService.java:12622)
03-20 19:00:40.139   591 26296 W ActivityManager: 	at com.android.server.am.ActivityManagerService.handleApplicationCrashInner(ActivityManagerService.java:12129)
03-20 19:00:40.139   591 26296 W ActivityManager: 	at com.android.server.am.NativeCrashListener$NativeCrashReporter.run(NativeCrashListener.java:86)
03-20 19:00:40.147   591   610 W WindowAnimator: Failed to dispatch window animation state change.
03-20 19:00:40.147   591   610 W WindowAnimator: android.os.DeadObjectException
03-20 19:00:40.147   591   610 W WindowAnimator: 	at android.os.BinderProxy.transactNative(Native Method)
03-20 19:00:40.147   591   610 W WindowAnimator: 	at android.os.BinderProxy.transact(Binder.java:503)
03-20 19:00:40.147   591   610 W WindowAnimator: 	at android.view.IWindow$Stub$Proxy.onAnimationStarted(IWindow.java:520)
03-20 19:00:40.147   591   610 W WindowAnimator: 	at com.android.server.wm.WindowAnimator.updateWindowsLocked(WindowAnimator.java:282)
03-20 19:00:40.147   591   610 W WindowAnimator: 	at com.android.server.wm.WindowAnimator.animateLocked(WindowAnimator.java:678)
03-20 19:00:40.147   591   610 W WindowAnimator: 	at com.android.server.wm.WindowAnimator.-wrap0(WindowAnimator.java)
03-20 19:00:40.147   591   610 W WindowAnimator: 	at com.android.server.wm.WindowAnimator$1.doFrame(WindowAnimator.java:123)
03-20 19:00:40.147   591   610 W WindowAnimator: 	at android.view.Choreographer$CallbackRecord.run(Choreographer.java:856)
03-20 19:00:40.147   591   610 W WindowAnimator: 	at android.view.Choreographer.doCallbacks(Choreographer.java:670)
03-20 19:00:40.147   591   610 W WindowAnimator: 	at android.view.Choreographer.doFrame(Choreographer.java:603)
03-20 19:00:40.147   591   610 W WindowAnimator: 	at android.view.Choreographer$FrameDisplayEventReceiver.run(Choreographer.java:844)
03-20 19:00:40.147   591   610 W WindowAnimator: 	at android.os.Handler.handleCallback(Handler.java:739)
03-20 19:00:40.147   591   610 W WindowAnimator: 	at android.os.Handler.dispatchMessage(Handler.java:95)
03-20 19:00:40.147   591   610 W WindowAnimator: 	at android.os.Looper.loop(Looper.java:148)
03-20 19:00:40.147   591   610 W WindowAnimator: 	at android.os.HandlerThread.run(HandlerThread.java:61)
03-20 19:00:40.147   591   610 W WindowAnimator: 	at com.android.server.ServiceThread.run(ServiceThread.java:46)
03-20 19:00:40.250   591  1136 I ActivityManager: Process example.joe.helloworld (pid 26144) has died
03-20 19:00:40.676   591   610 W WindowAnimator: Failed to dispatch window animation state change.
03-20 19:00:40.676   591   610 W WindowAnimator: android.os.DeadObjectException
03-20 19:00:40.676   591   610 W WindowAnimator: 	at android.os.BinderProxy.transactNative(Native Method)
03-20 19:00:40.676   591   610 W WindowAnimator: 	at android.os.BinderProxy.transact(Binder.java:503)
03-20 19:00:40.676   591   610 W WindowAnimator: 	at android.view.IWindow$Stub$Proxy.onAnimationStopped(IWindow.java:534)
03-20 19:00:40.676   591   610 W WindowAnimator: 	at com.android.server.wm.WindowAnimator.updateWindowsLocked(WindowAnimator.java:286)
03-20 19:00:40.676   591   610 W WindowAnimator: 	at com.android.server.wm.WindowAnimator.animateLocked(WindowAnimator.java:678)
03-20 19:00:40.676   591   610 W WindowAnimator: 	at com.android.server.wm.WindowAnimator.-wrap0(WindowAnimator.java)
03-20 19:00:40.676   591   610 W WindowAnimator: 	at com.android.server.wm.WindowAnimator$1.doFrame(WindowAnimator.java:123)
03-20 19:00:40.676   591   610 W WindowAnimator: 	at android.view.Choreographer$CallbackRecord.run(Choreographer.java:856)
03-20 19:00:40.676   591   610 W WindowAnimator: 	at android.view.Choreographer.doCallbacks(Choreographer.java:670)
03-20 19:00:40.676   591   610 W WindowAnimator: 	at android.view.Choreographer.doFrame(Choreographer.java:603)
03-20 19:00:40.676   591   610 W WindowAnimator: 	at android.view.Choreographer$FrameDisplayEventReceiver.run(Choreographer.java:844)
03-20 19:00:40.676   591   610 W WindowAnimator: 	at android.os.Handler.handleCallback(Handler.java:739)
03-20 19:00:40.676   591   610 W WindowAnimator: 	at android.os.Handler.dispatchMessage(Handler.java:95)
03-20 19:00:40.676   591   610 W WindowAnimator: 	at android.os.Looper.loop(Looper.java:148)
03-20 19:00:40.676   591   610 W WindowAnimator: 	at android.os.HandlerThread.run(HandlerThread.java:61)
03-20 19:00:40.676   591   610 W WindowAnimator: 	at com.android.server.ServiceThread.run(ServiceThread.java:46)
03-20 19:00:40.816   591   603 W WindowManager: Failed looking up window
03-20 19:00:40.816   591   603 W WindowManager: java.lang.IllegalArgumentException: Requested window android.os.BinderProxy@b4f1213 does not exist
03-20 19:00:40.816   591   603 W WindowManager: 	at com.android.server.wm.WindowManagerService.windowForClientLocked(WindowManagerService.java:8736)
03-20 19:00:40.816   591   603 W WindowManager: 	at com.android.server.wm.WindowManagerService.windowForClientLocked(WindowManagerService.java:8727)
03-20 19:00:40.816   591   603 W WindowManager: 	at com.android.server.wm.WindowManagerService.removeWindow(WindowManagerService.java:2698)
03-20 19:00:40.816   591   603 W WindowManager: 	at com.android.server.wm.Session.remove(Session.java:187)
03-20 19:00:40.816   591   603 W WindowManager: 	at android.view.IWindowSession$Stub.onTransact(IWindowSession.java:242)
03-20 19:00:40.816   591   603 W WindowManager: 	at com.android.server.wm.Session.onTransact(Session.java:130)
03-20 19:00:40.816   591   603 W WindowManager: 	at android.os.Binder.execTransact(Binder.java:453)
03-20 19:00:40.861   591   610 W WindowAnimator: Failed to dispatch window animation state change.
03-20 19:00:40.861   591   610 W WindowAnimator: android.os.DeadObjectException
03-20 19:00:40.861   591   610 W WindowAnimator: 	at android.os.BinderProxy.transactNative(Native Method)
03-20 19:00:40.861   591   610 W WindowAnimator: 	at android.os.BinderProxy.transact(Binder.java:503)
03-20 19:00:40.861   591   610 W WindowAnimator: 	at android.view.IWindow$Stub$Proxy.onAnimationStopped(IWindow.java:534)
03-20 19:00:40.861   591   610 W WindowAnimator: 	at com.android.server.wm.WindowAnimator.updateWindowsLocked(WindowAnimator.java:286)
03-20 19:00:40.861   591   610 W WindowAnimator: 	at com.android.server.wm.WindowAnimator.animateLocked(WindowAnimator.java:678)
03-20 19:00:40.861   591   610 W WindowAnimator: 	at com.android.server.wm.WindowAnimator.-wrap0(WindowAnimator.java)
03-20 19:00:40.861   591   610 W WindowAnimator: 	at com.android.server.wm.WindowAnimator$1.doFrame(WindowAnimator.java:123)
03-20 19:00:40.861   591   610 W WindowAnimator: 	at android.view.Choreographer$CallbackRecord.run(Choreographer.java:856)
03-20 19:00:40.861   591   610 W WindowAnimator: 	at android.view.Choreographer.doCallbacks(Choreographer.java:670)
03-20 19:00:40.861   591   610 W WindowAnimator: 	at android.view.Choreographer.doFrame(Choreographer.java:603)
03-20 19:00:40.861   591   610 W WindowAnimator: 	at android.view.Choreographer$FrameDisplayEventReceiver.run(Choreographer.java:844)
03-20 19:00:40.861   591   610 W WindowAnimator: 	at android.os.Handler.handleCallback(Handler.java:739)
03-20 19:00:40.861   591   610 W WindowAnimator: 	at android.os.Handler.dispatchMessage(Handler.java:95)
03-20 19:00:40.861   591   610 W WindowAnimator: 	at android.os.Looper.loop(Looper.java:148)
03-20 19:00:40.861   591   610 W WindowAnimator: 	at android.os.HandlerThread.run(HandlerThread.java:61)
03-20 19:00:40.861   591   610 W WindowAnimator: 	at com.android.server.ServiceThread.run(ServiceThread.java:46)
03-20 19:00:46.665   591  1121 W InputMethodManagerService: Got RemoteException sending setActive(false) notification to pid 26144 uid 10244
03-20 19:00:46.874   591   610 W AppOps  : Finishing op nesting under-run: uid 1000 pkg android code 24 time=0 duration=0 nesting=0
03-20 19:01:04.877   591  1076 I ActivityManager: START u0 {act=android.intent.action.MAIN cat=[android.intent.category.LAUNCHER] flg=0x10200000 cmp=example.joe.helloworld/.MainActivity (has extras)} from uid 10006 on display 0
03-20 19:01:04.948   591 22796 I ActivityManager: Start proc 26362:example.joe.helloworld/u0a244 for activity example.joe.helloworld/.MainActivity
03-20 19:01:19.586 26362 26362 F libc    : Fatal signal 11 (SIGSEGV), code 1, fault addr 0x120 in tid 26362 (.joe.helloworld)
03-20 19:01:19.688   193   193 F DEBUG   : *** *** *** *** *** *** *** *** *** *** *** *** *** *** *** ***
03-20 19:01:19.688   193   193 F DEBUG   : Build fingerprint: 'Android/aosp_flo/flo:6.0.1/MOB30P/tao07291525:userdebug/test-keys'
03-20 19:01:19.688   193   193 F DEBUG   : Revision: '0'
03-20 19:01:19.688   193   193 F DEBUG   : ABI: 'arm'
03-20 19:01:19.689   193   193 F DEBUG   : pid: 26362, tid: 26362, name: .joe.helloworld  >>> example.joe.helloworld <<<
03-20 19:01:19.689   193   193 F DEBUG   : signal 11 (SIGSEGV), code 1 (SEGV_MAPERR), fault addr 0x120
03-20 19:01:19.718   193   193 F DEBUG   :     r0 beda4148  r1 00000001  r2 b6fd9b34  r3 00000120
03-20 19:01:19.719   193   193 F DEBUG   :     r4 b36fbea0  r5 b075c5a8  r6 12c7c540  r7 12c53b00
03-20 19:01:19.719   193   193 F DEBUG   :     r8 12c53b00  r9 b4df6500  sl 12c962d0  fp beda41a4
03-20 19:01:19.719   193   193 F DEBUG   :     ip 00004001  sp beda4138  lr b6d48e75  pc b36ef464  cpsr a00f0010
03-20 19:01:19.724   193   193 F DEBUG   : 
03-20 19:01:19.724   193   193 F DEBUG   : backtrace:
03-20 19:01:19.724   193   193 F DEBUG   :     #00 pc 00013464  /data/app/example.joe.helloworld-2/lib/arm/libvoVidDec.so
03-20 19:01:19.724   193   193 F DEBUG   :     #01 pc 00013c30  /data/app/example.joe.helloworld-2/lib/arm/libvoVidDec.so
03-20 19:01:19.725   193   193 F DEBUG   :     #02 pc 0000c5c1  /data/data/example.joe.helloworld/cache/slice-slice_5-classes.dex (offset 0x26000)
03-20 19:01:20.353   591 26662 W ActivityManager:   Force finishing activity example.joe.helloworld/.MainActivity
03-20 19:01:20.357   193   193 F DEBUG   : 
03-20 19:01:20.357   193   193 F DEBUG   : Tombstone written to: /data/tombstones/tombstone_03
03-20 19:01:20.358   591   608 I BootReceiver: Copying /data/tombstones/tombstone_03 to DropBox (SYSTEM_TOMBSTONE)
03-20 19:01:20.403   591   725 I WindowState: WIN DEATH: Window{256d27b u0 example.joe.helloworld/example.joe.helloworld.MainActivity}
03-20 19:01:20.510   591 28378 I ActivityManager: Process example.joe.helloworld (pid 26362) has died
03-20 19:01:20.817   591 22911 W WindowManager: Failed looking up window
03-20 19:01:20.817   591 22911 W WindowManager: java.lang.IllegalArgumentException: Requested window android.os.BinderProxy@6218c09 does not exist
03-20 19:01:20.817   591 22911 W WindowManager: 	at com.android.server.wm.WindowManagerService.windowForClientLocked(WindowManagerService.java:8736)
03-20 19:01:20.817   591 22911 W WindowManager: 	at com.android.server.wm.WindowManagerService.windowForClientLocked(WindowManagerService.java:8727)
03-20 19:01:20.817   591 22911 W WindowManager: 	at com.android.server.wm.WindowManagerService.removeWindow(WindowManagerService.java:2698)
03-20 19:01:20.817   591 22911 W WindowManager: 	at com.android.server.wm.Session.remove(Session.java:187)
03-20 19:01:20.817   591 22911 W WindowManager: 	at android.view.IWindowSession$Stub.onTransact(IWindowSession.java:242)
03-20 19:01:20.817   591 22911 W WindowManager: 	at com.android.server.wm.Session.onTransact(Session.java:130)
03-20 19:01:20.817   591 22911 W WindowManager: 	at android.os.Binder.execTransact(Binder.java:453)
03-20 19:01:21.108   591   610 W WindowAnimator: Failed to dispatch window animation state change.
03-20 19:01:21.108   591   610 W WindowAnimator: android.os.DeadObjectException
03-20 19:01:21.108   591   610 W WindowAnimator: 	at android.os.BinderProxy.transactNative(Native Method)
03-20 19:01:21.108   591   610 W WindowAnimator: 	at android.os.BinderProxy.transact(Binder.java:503)
03-20 19:01:21.108   591   610 W WindowAnimator: 	at android.view.IWindow$Stub$Proxy.onAnimationStopped(IWindow.java:534)
03-20 19:01:21.108   591   610 W WindowAnimator: 	at com.android.server.wm.WindowAnimator.updateWindowsLocked(WindowAnimator.java:286)
03-20 19:01:21.108   591   610 W WindowAnimator: 	at com.android.server.wm.WindowAnimator.animateLocked(WindowAnimator.java:678)
03-20 19:01:21.108   591   610 W WindowAnimator: 	at com.android.server.wm.WindowAnimator.-wrap0(WindowAnimator.java)
03-20 19:01:21.108   591   610 W WindowAnimator: 	at com.android.server.wm.WindowAnimator$1.doFrame(WindowAnimator.java:123)
03-20 19:01:21.108   591   610 W WindowAnimator: 	at android.view.Choreographer$CallbackRecord.run(Choreographer.java:856)
03-20 19:01:21.108   591   610 W WindowAnimator: 	at android.view.Choreographer.doCallbacks(Choreographer.java:670)
03-20 19:01:21.108   591   610 W WindowAnimator: 	at android.view.Choreographer.doFrame(Choreographer.java:603)
03-20 19:01:21.108   591   610 W WindowAnimator: 	at android.view.Choreographer$FrameDisplayEventReceiver.run(Choreographer.java:844)
03-20 19:01:21.108   591   610 W WindowAnimator: 	at android.os.Handler.handleCallback(Handler.java:739)
03-20 19:01:21.108   591   610 W WindowAnimator: 	at android.os.Handler.dispatchMessage(Handler.java:95)
03-20 19:01:21.108   591   610 W WindowAnimator: 	at android.os.Looper.loop(Looper.java:148)
03-20 19:01:21.108   591   610 W WindowAnimator: 	at android.os.HandlerThread.run(HandlerThread.java:61)
03-20 19:01:21.108   591   610 W WindowAnimator: 	at com.android.server.ServiceThread.run(ServiceThread.java:46)
03-20 19:01:22.269   591 22797 W InputMethodManagerService: Got RemoteException sending setActive(false) notification to pid 26362 uid 10244
03-20 19:01:22.458   591   610 W AppOps  : Finishing op nesting under-run: uid 1000 pkg android code 24 time=0 duration=0 nesting=0
03-20 19:01:52.171   591   612 I PowerManagerService: Going to sleep due to screen timeout (uid 1000)...
03-20 19:01:52.172   591   612 I PowerManagerService: Sleeping (uid 1000)...
03-20 19:01:52.812   591   610 I DisplayManagerService: Display device changed state: "", OFF
03-20 19:01:53.364   591  1131 I ActivityManager: Start proc 26717:com.tencent.catfishsdk.remote/u0a50 for service com.tencent.qqpimsecure/com.tencent.catfishsdk.core.service.SecureService
03-20 19:01:53.458   591   659 D WifiService: New client listening to asynchronous messages
03-20 19:01:55.084   591   659 D WifiService: Client connection lost with reason: 4
03-20 19:01:55.130   591 22796 I ActivityManager: Process com.tencent.catfishsdk.remote (pid 26717) has died
03-20 19:02:07.231   192   581 E NetlinkEvent: NetlinkEvent::FindParam(): Parameter 'UID' not found
03-20 19:02:07.742   192   581 E NetlinkEvent: NetlinkEvent::FindParam(): Parameter 'UID' not found
03-20 19:02:22.832   192   581 E NetlinkEvent: NetlinkEvent::FindParam(): Parameter 'UID' not found
03-20 19:02:23.679   591   650 I PowerManagerService: Waking up from sleep (uid 1000)...
03-20 19:02:23.682   591   612 I DisplayPowerController: Blocking screen on until initial contents have been drawn.
03-20 19:02:23.715   591   610 I DisplayManagerService: Display device changed state: "", ON
03-20 19:02:23.872   591   612 I DisplayPowerController: Unblocked screen on after 190 ms
03-20 19:02:24.380   192   581 E NetlinkEvent: NetlinkEvent::FindParam(): Parameter 'UID' not found
03-20 19:02:24.741   591 22790 W WindowManager: Failed looking up window
03-20 19:02:24.741   591 22790 W WindowManager: java.lang.IllegalArgumentException: Requested window android.os.BinderProxy@bc1bf96 does not exist
03-20 19:02:24.741   591 22790 W WindowManager: 	at com.android.server.wm.WindowManagerService.windowForClientLocked(WindowManagerService.java:8736)
03-20 19:02:24.741   591 22790 W WindowManager: 	at com.android.server.wm.WindowManagerService.windowForClientLocked(WindowManagerService.java:8727)
03-20 19:02:24.741   591 22790 W WindowManager: 	at com.android.server.wm.WindowManagerService.removeWindow(WindowManagerService.java:2698)
03-20 19:02:24.741   591 22790 W WindowManager: 	at com.android.server.wm.Session.remove(Session.java:187)
03-20 19:02:24.741   591 22790 W WindowManager: 	at android.view.IWindowSession$Stub.onTransact(IWindowSession.java:242)
03-20 19:02:24.741   591 22790 W WindowManager: 	at com.android.server.wm.Session.onTransact(Session.java:130)
03-20 19:02:24.741   591 22790 W WindowManager: 	at android.os.Binder.execTransact(Binder.java:453)
03-20 19:02:25.253   591   605 W BroadcastQueue: Permission Denial: broadcasting Intent { act=android.intent.action.USER_PRESENT flg=0x24000010 } from com.android.systemui (pid=712, uid=10014) is not exported from uid 10050 due to receiver com.tencent.qqpimsecure/com.tencent.server.back.FastBootReceiver
03-20 19:02:25.267   591  1131 W BroadcastQueue: Permission Denial: broadcasting Intent { act=android.intent.action.USER_PRESENT flg=0x24000010 } from com.android.systemui (pid=712, uid=10014) is not exported from uid 10113 due to receiver com.tencent.qqlive/.services.push.PushAlarmReceiver
03-20 19:02:25.290   591 22796 W InputMethodManagerService: Window already focused, ignoring focus gain of: com.android.internal.view.IInputMethodClient$Stub$Proxy@966f70 attribute=android.view.inputmethod.EditorInfo@6a1c2e9, token = android.os.BinderProxy@94bf353
03-20 19:02:26.863   591 22911 I ActivityManager: START u0 {act=android.intent.action.MAIN cat=[android.intent.category.LAUNCHER] flg=0x10200000 cmp=example.joe.helloworld/.MainActivity (has extras)} from uid 10006 on display 0
03-20 19:02:26.901   591 22799 I ActivityManager: Start proc 26809:example.joe.helloworld/u0a244 for activity example.joe.helloworld/.MainActivity
03-20 19:02:31.196 26809 26809 F libc    : Fatal signal 11 (SIGSEGV), code 1, fault addr 0x120 in tid 26809 (.joe.helloworld)
03-20 19:02:31.299   193   193 F DEBUG   : *** *** *** *** *** *** *** *** *** *** *** *** *** *** *** ***
03-20 19:02:31.299   193   193 F DEBUG   : Build fingerprint: 'Android/aosp_flo/flo:6.0.1/MOB30P/tao07291525:userdebug/test-keys'
03-20 19:02:31.299   193   193 F DEBUG   : Revision: '0'
03-20 19:02:31.299   193   193 F DEBUG   : ABI: 'arm'
03-20 19:02:31.299   193   193 F DEBUG   : pid: 26809, tid: 26809, name: .joe.helloworld  >>> example.joe.helloworld <<<
03-20 19:02:31.299   193   193 F DEBUG   : signal 11 (SIGSEGV), code 1 (SEGV_MAPERR), fault addr 0x120
03-20 19:02:31.330   193   193 F DEBUG   :     r0 beda4148  r1 00000001  r2 b6fd9b34  r3 00000120
03-20 19:02:31.330   193   193 F DEBUG   :     r4 b36fbea0  r5 b075c5a8  r6 12c792e0  r7 12c53c00
03-20 19:02:31.330   193   193 F DEBUG   :     r8 12c53c00  r9 b4df6500  sl 12c972d0  fp beda41a4
03-20 19:02:31.331   193   193 F DEBUG   :     ip 00004001  sp beda4138  lr b6d48e75  pc b36ef464  cpsr a00f0010
03-20 19:02:31.335   193   193 F DEBUG   : 
03-20 19:02:31.335   193   193 F DEBUG   : backtrace:
03-20 19:02:31.335   193   193 F DEBUG   :     #00 pc 00013464  /data/app/example.joe.helloworld-2/lib/arm/libvoVidDec.so
03-20 19:02:31.335   193   193 F DEBUG   :     #01 pc 00013c30  /data/app/example.joe.helloworld-2/lib/arm/libvoVidDec.so
03-20 19:02:31.336   193   193 F DEBUG   :     #02 pc 0000c5c1  /data/data/example.joe.helloworld/cache/slice-slice_5-classes.dex (offset 0x26000)
03-20 19:02:31.968   591 26941 W ActivityManager:   Force finishing activity example.joe.helloworld/.MainActivity
03-20 19:02:31.971   193   193 F DEBUG   : 
03-20 19:02:31.971   193   193 F DEBUG   : Tombstone written to: /data/tombstones/tombstone_04
03-20 19:02:31.976   591   608 I BootReceiver: Copying /data/tombstones/tombstone_04 to DropBox (SYSTEM_TOMBSTONE)
03-20 19:02:32.009   591 22799 I WindowState: WIN DEATH: Window{b670115 u0 example.joe.helloworld/example.joe.helloworld.MainActivity}
03-20 19:02:32.011   591  1131 I WindowState: WIN DEATH: Window{d633764 u0 Toast}
03-20 19:02:32.026   591   610 W WindowAnimator: Failed to dispatch window animation state change.
03-20 19:02:32.026   591   610 W WindowAnimator: android.os.DeadObjectException
03-20 19:02:32.026   591   610 W WindowAnimator: 	at android.os.BinderProxy.transactNative(Native Method)
